Archive member included to satisfy reference by file (symbol)

/usr/lib/gcc/arm-none-eabi/10.3.1/../../../arm-none-eabi/lib/thumb/v7-m/nofp/libc_nano.a(lib_a-atexit.o)
                              /usr/lib/gcc/arm-none-eabi/10.3.1/../../../arm-none-eabi/lib/thumb/v7-m/nofp/crt0.o (atexit)
/usr/lib/gcc/arm-none-eabi/10.3.1/../../../arm-none-eabi/lib/thumb/v7-m/nofp/libc_nano.a(lib_a-exit.o)
                              /usr/lib/gcc/arm-none-eabi/10.3.1/../../../arm-none-eabi/lib/thumb/v7-m/nofp/crt0.o (exit)
/usr/lib/gcc/arm-none-eabi/10.3.1/../../../arm-none-eabi/lib/thumb/v7-m/nofp/libc_nano.a(lib_a-fini.o)
                              /usr/lib/gcc/arm-none-eabi/10.3.1/../../../arm-none-eabi/lib/thumb/v7-m/nofp/crt0.o (__libc_fini_array)
/usr/lib/gcc/arm-none-eabi/10.3.1/../../../arm-none-eabi/lib/thumb/v7-m/nofp/libc_nano.a(lib_a-impure.o)
                              /usr/lib/gcc/arm-none-eabi/10.3.1/../../../arm-none-eabi/lib/thumb/v7-m/nofp/libc_nano.a(lib_a-exit.o) (_global_impure_ptr)
/usr/lib/gcc/arm-none-eabi/10.3.1/../../../arm-none-eabi/lib/thumb/v7-m/nofp/libc_nano.a(lib_a-init.o)
                              /usr/lib/gcc/arm-none-eabi/10.3.1/../../../arm-none-eabi/lib/thumb/v7-m/nofp/crt0.o (__libc_init_array)
/usr/lib/gcc/arm-none-eabi/10.3.1/../../../arm-none-eabi/lib/thumb/v7-m/nofp/libc_nano.a(lib_a-memset.o)
                              /usr/lib/gcc/arm-none-eabi/10.3.1/../../../arm-none-eabi/lib/thumb/v7-m/nofp/crt0.o (memset)
/usr/lib/gcc/arm-none-eabi/10.3.1/../../../arm-none-eabi/lib/thumb/v7-m/nofp/libc_nano.a(lib_a-__atexit.o)
                              /usr/lib/gcc/arm-none-eabi/10.3.1/../../../arm-none-eabi/lib/thumb/v7-m/nofp/libc_nano.a(lib_a-atexit.o) (__register_exitproc)
/usr/lib/gcc/arm-none-eabi/10.3.1/../../../arm-none-eabi/lib/thumb/v7-m/nofp/libc_nano.a(lib_a-__call_atexit.o)
                              /usr/lib/gcc/arm-none-eabi/10.3.1/../../../arm-none-eabi/lib/thumb/v7-m/nofp/libc_nano.a(lib_a-__atexit.o) (__call_exitprocs)
/usr/lib/gcc/arm-none-eabi/10.3.1/../../../arm-none-eabi/lib/thumb/v7-m/nofp/libnosys.a(_exit.o)
                              /usr/lib/gcc/arm-none-eabi/10.3.1/../../../arm-none-eabi/lib/thumb/v7-m/nofp/libc_nano.a(lib_a-exit.o) (_exit)

Discarded input sections

 .text          0x0000000000000000        0x0 /usr/lib/gcc/arm-none-eabi/10.3.1/thumb/v7-m/nofp/crti.o
 .data          0x0000000000000000        0x0 /usr/lib/gcc/arm-none-eabi/10.3.1/thumb/v7-m/nofp/crti.o
 .bss           0x0000000000000000        0x0 /usr/lib/gcc/arm-none-eabi/10.3.1/thumb/v7-m/nofp/crti.o
 .data          0x0000000000000000        0x4 /usr/lib/gcc/arm-none-eabi/10.3.1/thumb/v7-m/nofp/crtbegin.o
 .rodata        0x0000000000000000       0x24 /usr/lib/gcc/arm-none-eabi/10.3.1/thumb/v7-m/nofp/crtbegin.o
 .text          0x0000000000000000       0x70 /usr/lib/gcc/arm-none-eabi/10.3.1/../../../arm-none-eabi/lib/thumb/v7-m/nofp/crt0.o
 .data          0x0000000000000000        0x0 /usr/lib/gcc/arm-none-eabi/10.3.1/../../../arm-none-eabi/lib/thumb/v7-m/nofp/crt0.o
 .bss           0x0000000000000000        0x0 /usr/lib/gcc/arm-none-eabi/10.3.1/../../../arm-none-eabi/lib/thumb/v7-m/nofp/crt0.o
 .ARM.extab     0x0000000000000000        0x0 /usr/lib/gcc/arm-none-eabi/10.3.1/../../../arm-none-eabi/lib/thumb/v7-m/nofp/crt0.o
 .ARM.exidx     0x0000000000000000       0x10 /usr/lib/gcc/arm-none-eabi/10.3.1/../../../arm-none-eabi/lib/thumb/v7-m/nofp/crt0.o
 .debug_line    0x0000000000000000       0x87 /usr/lib/gcc/arm-none-eabi/10.3.1/../../../arm-none-eabi/lib/thumb/v7-m/nofp/crt0.o
 .debug_info    0x0000000000000000       0x26 /usr/lib/gcc/arm-none-eabi/10.3.1/../../../arm-none-eabi/lib/thumb/v7-m/nofp/crt0.o
 .debug_abbrev  0x0000000000000000       0x14 /usr/lib/gcc/arm-none-eabi/10.3.1/../../../arm-none-eabi/lib/thumb/v7-m/nofp/crt0.o
 .debug_aranges
                0x0000000000000000       0x20 /usr/lib/gcc/arm-none-eabi/10.3.1/../../../arm-none-eabi/lib/thumb/v7-m/nofp/crt0.o
 .debug_str     0x0000000000000000       0x94 /usr/lib/gcc/arm-none-eabi/10.3.1/../../../arm-none-eabi/lib/thumb/v7-m/nofp/crt0.o
 .ARM.attributes
                0x0000000000000000       0x1b /usr/lib/gcc/arm-none-eabi/10.3.1/../../../arm-none-eabi/lib/thumb/v7-m/nofp/crt0.o
 .text          0x0000000000000000        0x0 build/main.o
 .data          0x0000000000000000        0x0 build/main.o
 .bss           0x0000000000000000        0x0 build/main.o
 .bss.curr_event
                0x0000000000000000        0x1 build/main.o
 .text          0x0000000000000000        0x0 build/gpio.o
 .data          0x0000000000000000        0x0 build/gpio.o
 .bss           0x0000000000000000        0x0 build/gpio.o
 .text          0x0000000000000000        0x0 build/tim.o
 .data          0x0000000000000000        0x0 build/tim.o
 .bss           0x0000000000000000        0x0 build/tim.o
 .text.HAL_TIM_Base_MspDeInit
                0x0000000000000000       0x28 build/tim.o
[...]
Memory Configuration

Name             Origin             Length             Attributes
RAM              0x0000000020000000 0x0000000000005000 xrw
FLASH            0x0000000008000000 0x0000000000010000 xr
*default*        0x0000000000000000 0xffffffffffffffff

Linker script and memory map

LOAD /usr/lib/gcc/arm-none-eabi/10.3.1/thumb/v7-m/nofp/crti.o
LOAD /usr/lib/gcc/arm-none-eabi/10.3.1/thumb/v7-m/nofp/crtbegin.o
LOAD /usr/lib/gcc/arm-none-eabi/10.3.1/../../../arm-none-eabi/lib/thumb/v7-m/nofp/crt0.o
LOAD build/main.o
LOAD build/gpio.o
LOAD build/tim.o
LOAD build/buffer.o
LOAD build/message.o
LOAD build/usart.o
LOAD build/stm32f1xx_it.o
LOAD build/stm32f1xx_hal_msp.o
LOAD build/stm32f1xx_hal_gpio_ex.o
LOAD build/stm32f1xx_hal_tim.o
LOAD build/stm32f1xx_hal_tim_ex.o
LOAD build/stm32f1xx_hal.o
LOAD build/stm32f1xx_hal_rcc.o
LOAD build/stm32f1xx_hal_rcc_ex.o
LOAD build/stm32f1xx_hal_gpio.o
LOAD build/stm32f1xx_hal_dma.o
LOAD build/stm32f1xx_hal_cortex.o
LOAD build/stm32f1xx_hal_pwr.o
LOAD build/stm32f1xx_hal_flash.o
LOAD build/stm32f1xx_hal_flash_ex.o
LOAD build/stm32f1xx_hal_exti.o
LOAD build/stm32f1xx_hal_uart.o
LOAD build/system_stm32f1xx.o
LOAD build/startup_stm32f103xb.o
LOAD /usr/lib/gcc/arm-none-eabi/10.3.1/../../../arm-none-eabi/lib/thumb/v7-m/nofp/libc_nano.a
LOAD /usr/lib/gcc/arm-none-eabi/10.3.1/../../../arm-none-eabi/lib/thumb/v7-m/nofp/libm.a
LOAD /usr/lib/gcc/arm-none-eabi/10.3.1/../../../arm-none-eabi/lib/thumb/v7-m/nofp/libnosys.a
START GROUP
LOAD /usr/lib/gcc/arm-none-eabi/10.3.1/thumb/v7-m/nofp/libgcc.a
LOAD /usr/lib/gcc/arm-none-eabi/10.3.1/../../../arm-none-eabi/lib/thumb/v7-m/nofp/libc_nano.a
END GROUP
START GROUP
LOAD /usr/lib/gcc/arm-none-eabi/10.3.1/thumb/v7-m/nofp/libgcc.a
LOAD /usr/lib/gcc/arm-none-eabi/10.3.1/../../../arm-none-eabi/lib/thumb/v7-m/nofp/libc_nano.a
END GROUP
LOAD /usr/lib/gcc/arm-none-eabi/10.3.1/thumb/v7-m/nofp/crtend.o
LOAD /usr/lib/gcc/arm-none-eabi/10.3.1/thumb/v7-m/nofp/crtn.o
                0x0000000020005000                _estack = (ORIGIN (RAM) + LENGTH (RAM))
                0x0000000000000200                _Min_Heap_Size = 0x200
                0x0000000000000400                _Min_Stack_Size = 0x400

.isr_vector     0x0000000008000000      0x10c
                0x0000000008000000                . = ALIGN (0x4)
 *(.isr_vector)
 .isr_vector    0x0000000008000000      0x10c build/startup_stm32f103xb.o
                0x0000000008000000                g_pfnVectors
                0x000000000800010c                . = ALIGN (0x4)

.text           0x000000000800010c     0x1e18
                0x000000000800010c                . = ALIGN (0x4)
 *(.text)
 .text          0x000000000800010c       0x88 /usr/lib/gcc/arm-none-eabi/10.3.1/thumb/v7-m/nofp/crtbegin.o
 .text          0x0000000008000194       0x48 /usr/lib/gcc/arm-none-eabi/10.3.1/../../../arm-none-eabi/lib/thumb/v7-m/nofp/libc_nano.a(lib_a-init.o)
                0x0000000008000194                __libc_init_array
 .text          0x00000000080001dc       0xa4 /usr/lib/gcc/arm-none-eabi/10.3.1/../../../arm-none-eabi/lib/thumb/v7-m/nofp/libc_nano.a(lib_a-memset.o)
                0x00000000080001dc                memset
 *(.text*)
 .text.task_timer
                0x0000000008000280       0x38 build/main.o
                0x0000000008000280                task_timer
 .text.seven_segment_display
                0x00000000080002b8       0x10 build/main.o
                0x00000000080002b8                seven_segment_display
 .text.key_read_task
                0x00000000080002c8       0x58 build/main.o
                0x00000000080002c8                key_read_task
 .text.RS485_Read_Message
                0x0000000008000320       0x4c build/main.o
                0x0000000008000320                RS485_Read_Message
 .text.RS485_Send_Message
                0x000000000800036c       0x80 build/main.o
                0x000000000800036c                RS485_Send_Message
 .text.main_task
                0x00000000080003ec       0xe8 build/main.o
                0x00000000080003ec                main_task
 .text.HAL_TIM_PeriodElapsedCallback
                0x00000000080004d4       0x18 build/main.o
                0x00000000080004d4                HAL_TIM_PeriodElapsedCallback
 .text.HAL_UART_RxCpltCallback
                0x00000000080004ec       0x68 build/main.o
                0x00000000080004ec                HAL_UART_RxCpltCallback
 .text.Error_Handler
                0x0000000008000554        0x4 build/main.o
                0x0000000008000554                Error_Handler
 .text.SystemClock_Config
                0x0000000008000558       0x60 build/main.o
                0x0000000008000558                SystemClock_Config
 .text.main     0x00000000080005b8       0x74 build/main.o
                0x00000000080005b8                main
 .text.MX_GPIO_Init
                0x000000000800062c       0x8c build/gpio.o
                0x000000000800062c                MX_GPIO_Init
 .text.MX_TIM1_Init
                0x00000000080006b8       0x70 build/tim.o
                0x00000000080006b8                MX_TIM1_Init
 .text.HAL_TIM_Base_MspInit
                0x0000000008000728       0x40 build/tim.o
                0x0000000008000728                HAL_TIM_Base_MspInit
 .text.buffer_push
                0x0000000008000768       0x16 build/buffer.o
                0x0000000008000768                buffer_push
 .text.buffer_pop
                0x000000000800077e       0x18 build/buffer.o
                0x000000000800077e                buffer_pop
 .text.buffer_to_message
                0x0000000008000796       0x26 build/message.o
                0x0000000008000796                buffer_to_message
 .text.cal_checksum
                0x00000000080007bc       0x14 build/message.o
                0x00000000080007bc                cal_checksum
 .text.check_checksum
                0x00000000080007d0       0x1e build/message.o
                0x00000000080007d0                check_checksum
 *fill*         0x00000000080007ee        0x2 
 .text.MX_USART1_UART_Init
                0x00000000080007f0       0x34 build/usart.o
                0x00000000080007f0                MX_USART1_UART_Init
 .text.HAL_UART_MspInit
                0x0000000008000824       0x88 build/usart.o
                0x0000000008000824                HAL_UART_MspInit
 .text.NMI_Handler
                0x00000000080008ac        0x2 build/stm32f1xx_it.o
                0x00000000080008ac                NMI_Handler
 .text.HardFault_Handler
                0x00000000080008ae        0x2 build/stm32f1xx_it.o
                0x00000000080008ae                HardFault_Handler
 .text.MemManage_Handler
                0x00000000080008b0        0x2 build/stm32f1xx_it.o
                0x00000000080008b0                MemManage_Handler
 .text.BusFault_Handler
                0x00000000080008b2        0x2 build/stm32f1xx_it.o
                0x00000000080008b2                BusFault_Handler
 .text.UsageFault_Handler
                0x00000000080008b4        0x2 build/stm32f1xx_it.o
                0x00000000080008b4                UsageFault_Handler
 .text.SVC_Handler
                0x00000000080008b6        0x2 build/stm32f1xx_it.o
                0x00000000080008b6                SVC_Handler
 .text.DebugMon_Handler
                0x00000000080008b8        0x2 build/stm32f1xx_it.o
                0x00000000080008b8                DebugMon_Handler
 .text.PendSV_Handler
                0x00000000080008ba        0x2 build/stm32f1xx_it.o
                0x00000000080008ba                PendSV_Handler
 .text.SysTick_Handler
                0x00000000080008bc        0x8 build/stm32f1xx_it.o
                0x00000000080008bc                SysTick_Handler
 .text.TIM1_UP_IRQHandler
                0x00000000080008c4       0x10 build/stm32f1xx_it.o
                0x00000000080008c4                TIM1_UP_IRQHandler
 .text.USART1_IRQHandler
                0x00000000080008d4       0x10 build/stm32f1xx_it.o
                0x00000000080008d4                USART1_IRQHandler
 .text.HAL_MspInit
                0x00000000080008e4       0x44 build/stm32f1xx_hal_msp.o
                0x00000000080008e4                HAL_MspInit
 .text.TIM_TI1_ConfigInputStage
                0x0000000008000928       0x24 build/stm32f1xx_hal_tim.o
 .text.TIM_TI2_ConfigInputStage
                0x000000000800094c       0x26 build/stm32f1xx_hal_tim.o
 .text.TIM_ITRx_SetConfig
                0x0000000008000972       0x10 build/stm32f1xx_hal_tim.o
 *fill*         0x0000000008000982        0x2 
 .text.HAL_TIM_Base_Start_IT
                0x0000000008000984       0x68 build/stm32f1xx_hal_tim.o
                0x0000000008000984                HAL_TIM_Base_Start_IT
 .text.HAL_TIM_OC_DelayElapsedCallback
                0x00000000080009ec        0x2 build/stm32f1xx_hal_tim.o
                0x00000000080009ec                HAL_TIM_OC_DelayElapsedCallback
 .text.HAL_TIM_IC_CaptureCallback
                0x00000000080009ee        0x2 build/stm32f1xx_hal_tim.o
                0x00000000080009ee                HAL_TIM_IC_CaptureCallback
 .text.HAL_TIM_PWM_PulseFinishedCallback
                0x00000000080009f0        0x2 build/stm32f1xx_hal_tim.o
                0x00000000080009f0                HAL_TIM_PWM_PulseFinishedCallback
 .text.HAL_TIM_TriggerCallback
                0x00000000080009f2        0x2 build/stm32f1xx_hal_tim.o
                0x00000000080009f2                HAL_TIM_TriggerCallback
 .text.HAL_TIM_IRQHandler
                0x00000000080009f4      0x17a build/stm32f1xx_hal_tim.o
                0x00000000080009f4                HAL_TIM_IRQHandler
 *fill*         0x0000000008000b6e        0x2 
 .text.TIM_Base_SetConfig
                0x0000000008000b70       0x74 build/stm32f1xx_hal_tim.o
                0x0000000008000b70                TIM_Base_SetConfig
 .text.HAL_TIM_Base_Init
                0x0000000008000be4       0x58 build/stm32f1xx_hal_tim.o
                0x0000000008000be4                HAL_TIM_Base_Init
 .text.TIM_ETR_SetConfig
                0x0000000008000c3c       0x18 build/stm32f1xx_hal_tim.o
                0x0000000008000c3c                TIM_ETR_SetConfig
 .text.HAL_TIM_ConfigClockSource
                0x0000000008000c54       0xda build/stm32f1xx_hal_tim.o
                0x0000000008000c54                HAL_TIM_ConfigClockSource
 *fill*         0x0000000008000d2e        0x2 
 .text.HAL_TIMEx_MasterConfigSynchronization
                0x0000000008000d30       0x6c build/stm32f1xx_hal_tim_ex.o
                0x0000000008000d30                HAL_TIMEx_MasterConfigSynchronization
 .text.HAL_TIMEx_CommutCallback
                0x0000000008000d9c        0x2 build/stm32f1xx_hal_tim_ex.o
                0x0000000008000d9c                HAL_TIMEx_CommutCallback
 .text.HAL_TIMEx_BreakCallback
                0x0000000008000d9e        0x2 build/stm32f1xx_hal_tim_ex.o
                0x0000000008000d9e                HAL_TIMEx_BreakCallback
 .text.HAL_InitTick
                0x0000000008000da0       0x4c build/stm32f1xx_hal.o
                0x0000000008000da0                HAL_InitTick
 .text.HAL_Init
                0x0000000008000dec       0x24 build/stm32f1xx_hal.o
                0x0000000008000dec                HAL_Init
 .text.HAL_IncTick
                0x0000000008000e10       0x18 build/stm32f1xx_hal.o
                0x0000000008000e10                HAL_IncTick
 .text.HAL_GetTick
                0x0000000008000e28        0xc build/stm32f1xx_hal.o
                0x0000000008000e28                HAL_GetTick
 .text.RCC_Delay
                0x0000000008000e34       0x2c build/stm32f1xx_hal_rcc.o
 .text.HAL_RCC_OscConfig
                0x0000000008000e60      0x410 build/stm32f1xx_hal_rcc.o
                0x0000000008000e60                HAL_RCC_OscConfig
 .text.HAL_RCC_GetSysClockFreq
                0x0000000008001270       0x70 build/stm32f1xx_hal_rcc.o
                0x0000000008001270                HAL_RCC_GetSysClockFreq
 .text.HAL_RCC_ClockConfig
                0x00000000080012e0      0x16c build/stm32f1xx_hal_rcc.o
                0x00000000080012e0                HAL_RCC_ClockConfig
 .text.HAL_RCC_GetHCLKFreq
                0x000000000800144c        0xc build/stm32f1xx_hal_rcc.o
                0x000000000800144c                HAL_RCC_GetHCLKFreq
 .text.HAL_RCC_GetPCLK1Freq
                0x0000000008001458       0x20 build/stm32f1xx_hal_rcc.o
                0x0000000008001458                HAL_RCC_GetPCLK1Freq
 .text.HAL_RCC_GetPCLK2Freq
                0x0000000008001478       0x20 build/stm32f1xx_hal_rcc.o
                0x0000000008001478                HAL_RCC_GetPCLK2Freq
 .text.HAL_GPIO_Init
                0x0000000008001498      0x224 build/stm32f1xx_hal_gpio.o
                0x0000000008001498                HAL_GPIO_Init
 .text.HAL_GPIO_WritePin
                0x00000000080016bc        0xc build/stm32f1xx_hal_gpio.o
                0x00000000080016bc                HAL_GPIO_WritePin
 .text.HAL_DMA_Abort
                0x00000000080016c8       0x44 build/stm32f1xx_hal_dma.o
                0x00000000080016c8                HAL_DMA_Abort
 .text.HAL_DMA_Abort_IT
                0x000000000800170c       0x98 build/stm32f1xx_hal_dma.o
                0x000000000800170c                HAL_DMA_Abort_IT
 .text.HAL_NVIC_SetPriorityGrouping
                0x00000000080017a4       0x24 build/stm32f1xx_hal_cortex.o
                0x00000000080017a4                HAL_NVIC_SetPriorityGrouping
 .text.HAL_NVIC_SetPriority
                0x00000000080017c8       0x70 build/stm32f1xx_hal_cortex.o
                0x00000000080017c8                HAL_NVIC_SetPriority
 .text.HAL_NVIC_EnableIRQ
                0x0000000008001838       0x1c build/stm32f1xx_hal_cortex.o
                0x0000000008001838                HAL_NVIC_EnableIRQ
 .text.HAL_SYSTICK_Config
                0x0000000008001854       0x28 build/stm32f1xx_hal_cortex.o
                0x0000000008001854                HAL_SYSTICK_Config
 .text.UART_EndRxTransfer
                0x000000000800187c       0x32 build/stm32f1xx_hal_uart.o
 .text.UART_Transmit_IT
                0x00000000080018ae       0x60 build/stm32f1xx_hal_uart.o
 *fill*         0x000000000800190e        0x2 
 .text.UART_SetConfig
                0x0000000008001910       0x94 build/stm32f1xx_hal_uart.o
 .text.UART_WaitOnFlagUntilTimeout
                0x00000000080019a4       0x6c build/stm32f1xx_hal_uart.o
 .text.HAL_UART_Init
                0x0000000008001a10       0x5e build/stm32f1xx_hal_uart.o
                0x0000000008001a10                HAL_UART_Init
 .text.HAL_UART_Transmit
                0x0000000008001a6e       0xd8 build/stm32f1xx_hal_uart.o
                0x0000000008001a6e                HAL_UART_Transmit
 .text.HAL_UART_TxCpltCallback
                0x0000000008001b46        0x2 build/stm32f1xx_hal_uart.o
                0x0000000008001b46                HAL_UART_TxCpltCallback
 .text.UART_EndTransmit_IT
                0x0000000008001b48       0x1a build/stm32f1xx_hal_uart.o
 .text.HAL_UART_ErrorCallback
                0x0000000008001b62        0x2 build/stm32f1xx_hal_uart.o
                0x0000000008001b62                HAL_UART_ErrorCallback
 .text.UART_DMAAbortOnError
                0x0000000008001b64       0x10 build/stm32f1xx_hal_uart.o
 .text.HAL_UARTEx_RxEventCallback
                0x0000000008001b74        0x2 build/stm32f1xx_hal_uart.o
                0x0000000008001b74                HAL_UARTEx_RxEventCallback
 .text.UART_Receive_IT
                0x0000000008001b76       0xd4 build/stm32f1xx_hal_uart.o
 *fill*         0x0000000008001c4a        0x2 
 .text.HAL_UART_IRQHandler
                0x0000000008001c4c      0x204 build/stm32f1xx_hal_uart.o
                0x0000000008001c4c                HAL_UART_IRQHandler
 .text.UART_Start_Receive_IT
                0x0000000008001e50       0x36 build/stm32f1xx_hal_uart.o
                0x0000000008001e50                UART_Start_Receive_IT
 .text.HAL_UART_Receive_IT
                0x0000000008001e86       0x38 build/stm32f1xx_hal_uart.o
                0x0000000008001e86                HAL_UART_Receive_IT
 .text.SystemInit
                0x0000000008001ebe        0x2 build/system_stm32f1xx.o
                0x0000000008001ebe                SystemInit
 .text.Reset_Handler
                0x0000000008001ec0       0x48 build/startup_stm32f103xb.o
                0x0000000008001ec0                Reset_Handler
 .text.Default_Handler
                0x0000000008001f08        0x2 build/startup_stm32f103xb.o
                0x0000000008001f08                RTC_Alarm_IRQHandler
                0x0000000008001f08                EXTI2_IRQHandler
                0x0000000008001f08                TIM1_CC_IRQHandler
                0x0000000008001f08                PVD_IRQHandler
                0x0000000008001f08                EXTI3_IRQHandler
                0x0000000008001f08                EXTI0_IRQHandler
                0x0000000008001f08                I2C2_EV_IRQHandler
                0x0000000008001f08                ADC1_2_IRQHandler
                0x0000000008001f08                SPI1_IRQHandler
                0x0000000008001f08                TAMPER_IRQHandler
                0x0000000008001f08                DMA1_Channel4_IRQHandler
                0x0000000008001f08                USART3_IRQHandler
                0x0000000008001f08                RTC_IRQHandler
                0x0000000008001f08                DMA1_Channel7_IRQHandler
                0x0000000008001f08                CAN1_RX1_IRQHandler
                0x0000000008001f08                TIM4_IRQHandler
                0x0000000008001f08                I2C1_EV_IRQHandler
                0x0000000008001f08                DMA1_Channel6_IRQHandler
                0x0000000008001f08                TIM3_IRQHandler
                0x0000000008001f08                RCC_IRQHandler
                0x0000000008001f08                TIM1_TRG_COM_IRQHandler
                0x0000000008001f08                DMA1_Channel1_IRQHandler
                0x0000000008001f08                Default_Handler
                0x0000000008001f08                EXTI15_10_IRQHandler
                0x0000000008001f08                EXTI9_5_IRQHandler
                0x0000000008001f08                SPI2_IRQHandler
                0x0000000008001f08                DMA1_Channel5_IRQHandler
                0x0000000008001f08                EXTI4_IRQHandler
                0x0000000008001f08                USB_LP_CAN1_RX0_IRQHandler
                0x0000000008001f08                USB_HP_CAN1_TX_IRQHandler
                0x0000000008001f08                DMA1_Channel3_IRQHandler
                0x0000000008001f08                WWDG_IRQHandler
                0x0000000008001f08                TIM2_IRQHandler
                0x0000000008001f08                TIM1_BRK_IRQHandler
                0x0000000008001f08                EXTI1_IRQHandler
                0x0000000008001f08                USART2_IRQHandler
                0x0000000008001f08                I2C2_ER_IRQHandler
                0x0000000008001f08                DMA1_Channel2_IRQHandler
                0x0000000008001f08                CAN1_SCE_IRQHandler
                0x0000000008001f08                FLASH_IRQHandler
                0x0000000008001f08                I2C1_ER_IRQHandler
                0x0000000008001f08                USBWakeUp_IRQHandler
 *(.glue_7)
 .glue_7        0x0000000008001f0a        0x0 linker stubs
 *(.glue_7t)
 .glue_7t       0x0000000008001f0a        0x0 linker stubs
 *(.eh_frame)
 *fill*         0x0000000008001f0a        0x2 
 .eh_frame      0x0000000008001f0c        0x0 /usr/lib/gcc/arm-none-eabi/10.3.1/thumb/v7-m/nofp/crtbegin.o
 *(.init)
 .init          0x0000000008001f0c        0x4 /usr/lib/gcc/arm-none-eabi/10.3.1/thumb/v7-m/nofp/crti.o
                0x0000000008001f0c                _init
 .init          0x0000000008001f10        0x8 /usr/lib/gcc/arm-none-eabi/10.3.1/thumb/v7-m/nofp/crtn.o
 *(.fini)
 .fini          0x0000000008001f18        0x4 /usr/lib/gcc/arm-none-eabi/10.3.1/thumb/v7-m/nofp/crti.o
                0x0000000008001f18                _fini
 .fini          0x0000000008001f1c        0x8 /usr/lib/gcc/arm-none-eabi/10.3.1/thumb/v7-m/nofp/crtn.o
                0x0000000008001f24                . = ALIGN (0x4)
                0x0000000008001f24                _etext = .

.vfp11_veneer   0x0000000008001f24        0x0
 .vfp11_veneer  0x0000000008001f24        0x0 linker stubs

.v4_bx          0x0000000008001f24        0x0
 .v4_bx         0x0000000008001f24        0x0 linker stubs

.iplt           0x0000000008001f24        0x0
 .iplt          0x0000000008001f24        0x0 /usr/lib/gcc/arm-none-eabi/10.3.1/thumb/v7-m/nofp/crtbegin.o

.rodata         0x0000000008001f24       0x2c
                0x0000000008001f24                . = ALIGN (0x4)
 *(.rodata)
 *(.rodata*)
 .rodata.HAL_RCC_GetSysClockFreq.str1.4
                0x0000000008001f24       0x11 build/stm32f1xx_hal_rcc.o
 *fill*         0x0000000008001f35        0x3 
 .rodata.AHBPrescTable
                0x0000000008001f38       0x10 build/system_stm32f1xx.o
                0x0000000008001f38                AHBPrescTable
 .rodata.APBPrescTable
                0x0000000008001f48        0x8 build/system_stm32f1xx.o
                0x0000000008001f48                APBPrescTable
                0x0000000008001f50                . = ALIGN (0x4)

.rel.dyn        0x0000000008001f50        0x0
 .rel.iplt      0x0000000008001f50        0x0 /usr/lib/gcc/arm-none-eabi/10.3.1/thumb/v7-m/nofp/crtbegin.o

.ARM.extab
 *(.ARM.extab* .gnu.linkonce.armextab.*)

.ARM            0x0000000008001f50        0x0
                0x0000000008001f50                __exidx_start = .
 *(.ARM.exidx*)
                0x0000000008001f50                __exidx_end = .

.preinit_array  0x0000000008001f50        0x0
                0x0000000008001f50                PROVIDE (__preinit_array_start = .)
 *(.preinit_array*)
                0x0000000008001f50                PROVIDE (__preinit_array_end = .)

.init_array     0x0000000008001f50        0x4
                0x0000000008001f50                PROVIDE (__init_array_start = .)
 *(SORT_BY_NAME(.init_array.*))
 *(.init_array*)
 .init_array    0x0000000008001f50        0x4 /usr/lib/gcc/arm-none-eabi/10.3.1/thumb/v7-m/nofp/crtbegin.o
                0x0000000008001f54                PROVIDE (__init_array_end = .)

.fini_array     0x0000000008001f54        0x4
                0x0000000008001f54                PROVIDE (__fini_array_start = .)
 *(SORT_BY_NAME(.fini_array.*))
 *(.fini_array*)
 .fini_array    0x0000000008001f54        0x4 /usr/lib/gcc/arm-none-eabi/10.3.1/thumb/v7-m/nofp/crtbegin.o
                0x0000000008001f58                PROVIDE (__fini_array_end = .)
                0x0000000008001f58                _sidata = LOADADDR (.data)

.data           0x0000000020000000       0x1c load address 0x0000000008001f58
                0x0000000020000000                . = ALIGN (0x4)
                0x0000000020000000                _sdata = .
 *(.data)
 *(.data*)
 .data.seven_segment_table
                0x0000000020000000       0x11 build/main.o
                0x0000000020000000                seven_segment_table
 .data.start_cmd
                0x0000000020000011        0x1 build/main.o
                0x0000000020000011                start_cmd
 .data.stop_cmd
                0x0000000020000012        0x1 build/main.o
                0x0000000020000012                stop_cmd
 .data.uwTickFreq
                0x0000000020000013        0x1 build/stm32f1xx_hal.o
                0x0000000020000013                uwTickFreq
 .data.uwTickPrio
                0x0000000020000014        0x4 build/stm32f1xx_hal.o
                0x0000000020000014                uwTickPrio
 .data.SystemCoreClock
                0x0000000020000018        0x4 build/system_stm32f1xx.o
                0x0000000020000018                SystemCoreClock
                0x000000002000001c                . = ALIGN (0x4)
                0x000000002000001c                _edata = .

.tm_clone_table
                0x000000002000001c        0x0 load address 0x0000000008001f74
 .tm_clone_table
                0x000000002000001c        0x0 /usr/lib/gcc/arm-none-eabi/10.3.1/thumb/v7-m/nofp/crtbegin.o
 .tm_clone_table
                0x000000002000001c        0x0 /usr/lib/gcc/arm-none-eabi/10.3.1/thumb/v7-m/nofp/crtend.o

.igot.plt       0x000000002000001c        0x0 load address 0x0000000008001f74
 .igot.plt      0x000000002000001c        0x0 /usr/lib/gcc/arm-none-eabi/10.3.1/thumb/v7-m/nofp/crtbegin.o
                0x000000002000001c                . = ALIGN (0x4)

.bss            0x000000002000001c      0x154 load address 0x0000000008001f74
                0x000000002000001c                _sbss = .
                0x000000002000001c                __bss_start__ = _sbss
 *(.bss)
 .bss           0x000000002000001c       0x1c /usr/lib/gcc/arm-none-eabi/10.3.1/thumb/v7-m/nofp/crtbegin.o
 *(.bss*)
 .bss.ID        0x0000000020000038        0x1 build/main.o
                0x0000000020000038                ID
 *fill*         0x0000000020000039        0x3 
 .bss.RX_msg    0x000000002000003c        0x4 build/main.o
                0x000000002000003c                RX_msg
 .bss.TX_msg    0x0000000020000040        0x4 build/main.o
                0x0000000020000040                TX_msg
 .bss.d_timer_30ms
                0x0000000020000044        0x1 build/main.o
                0x0000000020000044                d_timer_30ms
 *fill*         0x0000000020000045        0x3 
 .bss.digit     0x0000000020000048        0x4 build/main.o
                0x0000000020000048                digit
 .bss.event     0x000000002000004c        0x1 build/main.o
                0x000000002000004c                event
 *fill*         0x000000002000004d        0x3 
 .bss.event_buffer
                0x0000000020000050       0x42 build/main.o
                0x0000000020000050                event_buffer
 .bss.f_busy    0x0000000020000092        0x1 build/main.o
                0x0000000020000092                f_busy
 .bss.f_timer_10ms
                0x0000000020000093        0x1 build/main.o
                0x0000000020000093                f_timer_10ms
 .bss.f_timer_30ms
                0x0000000020000094        0x1 build/main.o
                0x0000000020000094                f_timer_30ms
 .bss.key_value
                0x0000000020000095        0x1 build/main.o
                0x0000000020000095                key_value
 .bss.read_res  0x0000000020000096        0x1 build/main.o
                0x0000000020000096                read_res
 *fill*         0x0000000020000097        0x1 
 .bss.rx_buffer
                0x0000000020000098       0x42 build/main.o
                0x0000000020000098                rx_buffer
 .bss.rx_temp   0x00000000200000da        0x1 build/main.o
                0x00000000200000da                rx_temp
 .bss.state     0x00000000200000db        0x1 build/main.o
                0x00000000200000db                state
 .bss.transmission_f
                0x00000000200000dc        0x1 build/main.o
                0x00000000200000dc                transmission_f
 *fill*         0x00000000200000dd        0x3 
 .bss.htim1     0x00000000200000e0       0x48 build/tim.o
                0x00000000200000e0                htim1
 .bss.huart1    0x0000000020000128       0x44 build/usart.o
                0x0000000020000128                huart1
 .bss.uwTick    0x000000002000016c        0x4 build/stm32f1xx_hal.o
                0x000000002000016c                uwTick
 *(COMMON)
                0x0000000020000170                . = ALIGN (0x4)
                0x0000000020000170                _ebss = .
                0x0000000020000170                __bss_end__ = _ebss

._user_heap_stack
                0x0000000020000170      0x600 load address 0x0000000008001f74
                0x0000000020000170                . = ALIGN (0x8)
                [!provide]                        PROVIDE (end = .)
                [!provide]                        PROVIDE (_end = .)
                0x0000000020000370                . = (. + _Min_Heap_Size)
 *fill*         0x0000000020000170      0x200 
                0x0000000020000770                . = (. + _Min_Stack_Size)
 *fill*         0x0000000020000370      0x400 
                0x0000000020000770                . = ALIGN (0x8)

/DISCARD/
 libc.a(*)
 libm.a(*)
 libgcc.a(*)

.ARM.attributes
                0x0000000000000000       0x29
 *(.ARM.attributes)
 .ARM.attributes
                0x0000000000000000       0x1d /usr/lib/gcc/arm-none-eabi/10.3.1/thumb/v7-m/nofp/crti.o
 .ARM.attributes
                0x000000000000001d       0x2d /usr/lib/gcc/arm-none-eabi/10.3.1/thumb/v7-m/nofp/crtbegin.o
 .ARM.attributes
                0x000000000000004a       0x2d build/main.o
 .ARM.attributes
                0x0000000000000077       0x2d build/gpio.o
 .ARM.attributes
                0x00000000000000a4       0x2d build/tim.o
 .ARM.attributes
                0x00000000000000d1       0x2d build/buffer.o
 .ARM.attributes
                0x00000000000000fe       0x2d build/message.o
 .ARM.attributes
                0x000000000000012b       0x2d build/usart.o
 .ARM.attributes
                0x0000000000000158       0x2d build/stm32f1xx_it.o
 .ARM.attributes
                0x0000000000000185       0x2d build/stm32f1xx_hal_msp.o
 .ARM.attributes
                0x00000000000001b2       0x2d build/stm32f1xx_hal_tim.o
 .ARM.attributes
                0x00000000000001df       0x2d build/stm32f1xx_hal_tim_ex.o
 .ARM.attributes
                0x000000000000020c       0x2d build/stm32f1xx_hal.o
 .ARM.attributes
                0x0000000000000239       0x2d build/stm32f1xx_hal_rcc.o
 .ARM.attributes
                0x0000000000000266       0x2d build/stm32f1xx_hal_gpio.o
 .ARM.attributes
                0x0000000000000293       0x2d build/stm32f1xx_hal_dma.o
 .ARM.attributes
                0x00000000000002c0       0x2d build/stm32f1xx_hal_cortex.o
 .ARM.attributes
                0x00000000000002ed       0x2d build/stm32f1xx_hal_uart.o
 .ARM.attributes
                0x000000000000031a       0x2d build/system_stm32f1xx.o
 .ARM.attributes
                0x0000000000000347       0x21 build/startup_stm32f103xb.o
 .ARM.attributes
                0x0000000000000368       0x2d /usr/lib/gcc/arm-none-eabi/10.3.1/../../../arm-none-eabi/lib/thumb/v7-m/nofp/libc_nano.a(lib_a-init.o)
 .ARM.attributes
                0x0000000000000395       0x2d /usr/lib/gcc/arm-none-eabi/10.3.1/../../../arm-none-eabi/lib/thumb/v7-m/nofp/libc_nano.a(lib_a-memset.o)
 .ARM.attributes
                0x00000000000003c2       0x2d /usr/lib/gcc/arm-none-eabi/10.3.1/thumb/v7-m/nofp/crtend.o
 .ARM.attributes
                0x00000000000003ef       0x1d /usr/lib/gcc/arm-none-eabi/10.3.1/thumb/v7-m/nofp/crtn.o
OUTPUT(build/Rs-485.elf elf32-littlearm)
LOAD linker stubs
LOAD /usr/lib/gcc/arm-none-eabi/10.3.1/../../../arm-none-eabi/lib/thumb/v7-m/nofp/libc.a
LOAD /usr/lib/gcc/arm-none-eabi/10.3.1/../../../arm-none-eabi/lib/thumb/v7-m/nofp/libm.a
LOAD /usr/lib/gcc/arm-none-eabi/10.3.1/thumb/v7-m/nofp/libgcc.a

.comment        0x0000000000000000       0x33
 .comment       0x0000000000000000       0x33 /usr/lib/gcc/arm-none-eabi/10.3.1/thumb/v7-m/nofp/crtbegin.o
                                         0x34 (size before relaxing)
 .comment       0x0000000000000033       0x34 build/main.o
 .comment       0x0000000000000033       0x34 build/gpio.o
 .comment       0x0000000000000033       0x34 build/tim.o
 .comment       0x0000000000000033       0x34 build/buffer.o
 .comment       0x0000000000000033       0x34 build/message.o
 .comment       0x0000000000000033       0x34 build/usart.o
 .comment       0x0000000000000033       0x34 build/stm32f1xx_it.o
 .comment       0x0000000000000033       0x34 build/stm32f1xx_hal_msp.o
 .comment       0x0000000000000033       0x34 build/stm32f1xx_hal_tim.o
 .comment       0x0000000000000033       0x34 build/stm32f1xx_hal_tim_ex.o
 .comment       0x0000000000000033       0x34 build/stm32f1xx_hal.o
 .comment       0x0000000000000033       0x34 build/stm32f1xx_hal_rcc.o
 .comment       0x0000000000000033       0x34 build/stm32f1xx_hal_gpio.o
 .comment       0x0000000000000033       0x34 build/stm32f1xx_hal_dma.o
 .comment       0x0000000000000033       0x34 build/stm32f1xx_hal_cortex.o
 .comment       0x0000000000000033       0x34 build/stm32f1xx_hal_uart.o
 .comment       0x0000000000000033       0x34 build/system_stm32f1xx.o
 .comment       0x0000000000000033       0x34 /usr/lib/gcc/arm-none-eabi/10.3.1/../../../arm-none-eabi/lib/thumb/v7-m/nofp/libc_nano.a(lib_a-init.o)
 .comment       0x0000000000000033       0x34 /usr/lib/gcc/arm-none-eabi/10.3.1/../../../arm-none-eabi/lib/thumb/v7-m/nofp/libc_nano.a(lib_a-memset.o)
 .comment       0x0000000000000033       0x34 /usr/lib/gcc/arm-none-eabi/10.3.1/thumb/v7-m/nofp/crtend.o

.debug_info     0x0000000000000000     0xe7a7
 .debug_info    0x0000000000000000     0x1264 build/main.o
 .debug_info    0x0000000000001264      0x332 build/gpio.o
 .debug_info    0x0000000000001596      0xb09 build/tim.o
 .debug_info    0x000000000000209f      0x15a build/buffer.o
 .debug_info    0x00000000000021f9      0x238 build/message.o
 .debug_info    0x0000000000002431      0xa73 build/usart.o
 .debug_info    0x0000000000002ea4      0xa69 build/stm32f1xx_it.o
 .debug_info    0x000000000000390d      0x22c build/stm32f1xx_hal_msp.o
 .debug_info    0x0000000000003b39     0x3de0 build/stm32f1xx_hal_tim.o
 .debug_info    0x0000000000007919     0x1b4f build/stm32f1xx_hal_tim_ex.o
 .debug_info    0x0000000000009468      0x849 build/stm32f1xx_hal.o
 .debug_info    0x0000000000009cb1      0xac8 build/stm32f1xx_hal_rcc.o
 .debug_info    0x000000000000a779      0x6bf build/stm32f1xx_hal_gpio.o
 .debug_info    0x000000000000ae38      0x8af build/stm32f1xx_hal_dma.o
 .debug_info    0x000000000000b6e7      0xe09 build/stm32f1xx_hal_cortex.o
 .debug_info    0x000000000000c4f0     0x1dee build/stm32f1xx_hal_uart.o
 .debug_info    0x000000000000e2de      0x256 build/system_stm32f1xx.o
 .debug_info    0x000000000000e534       0x22 build/startup_stm32f103xb.o
 .debug_info    0x000000000000e556      0x11a /usr/lib/gcc/arm-none-eabi/10.3.1/../../../arm-none-eabi/lib/thumb/v7-m/nofp/libc_nano.a(lib_a-init.o)
 .debug_info    0x000000000000e670      0x137 /usr/lib/gcc/arm-none-eabi/10.3.1/../../../arm-none-eabi/lib/thumb/v7-m/nofp/libc_nano.a(lib_a-memset.o)

.debug_abbrev   0x0000000000000000     0x23ca
 .debug_abbrev  0x0000000000000000      0x326 build/main.o
 .debug_abbrev  0x0000000000000326      0x13f build/gpio.o
 .debug_abbrev  0x0000000000000465      0x1e2 build/tim.o
 .debug_abbrev  0x0000000000000647       0xe9 build/buffer.o
 .debug_abbrev  0x0000000000000730      0x16e build/message.o
 .debug_abbrev  0x000000000000089e      0x1ce build/usart.o
 .debug_abbrev  0x0000000000000a6c      0x17c build/stm32f1xx_it.o
 .debug_abbrev  0x0000000000000be8       0xe7 build/stm32f1xx_hal_msp.o
 .debug_abbrev  0x0000000000000ccf      0x296 build/stm32f1xx_hal_tim.o
 .debug_abbrev  0x0000000000000f65      0x298 build/stm32f1xx_hal_tim_ex.o
 .debug_abbrev  0x00000000000011fd      0x1f7 build/stm32f1xx_hal.o
 .debug_abbrev  0x00000000000013f4      0x29a build/stm32f1xx_hal_rcc.o
 .debug_abbrev  0x000000000000168e      0x222 build/stm32f1xx_hal_gpio.o
 .debug_abbrev  0x00000000000018b0      0x244 build/stm32f1xx_hal_dma.o
 .debug_abbrev  0x0000000000001af4      0x359 build/stm32f1xx_hal_cortex.o
 .debug_abbrev  0x0000000000001e4d      0x2ab build/stm32f1xx_hal_uart.o
 .debug_abbrev  0x00000000000020f8      0x140 build/system_stm32f1xx.o
 .debug_abbrev  0x0000000000002238       0x12 build/startup_stm32f103xb.o
 .debug_abbrev  0x000000000000224a       0xcc /usr/lib/gcc/arm-none-eabi/10.3.1/../../../arm-none-eabi/lib/thumb/v7-m/nofp/libc_nano.a(lib_a-init.o)
 .debug_abbrev  0x0000000000002316       0xb4 /usr/lib/gcc/arm-none-eabi/10.3.1/../../../arm-none-eabi/lib/thumb/v7-m/nofp/libc_nano.a(lib_a-memset.o)

.debug_loc      0x0000000000000000     0xc267
 .debug_loc     0x0000000000000000      0x1d0 build/main.o
 .debug_loc     0x00000000000001d0       0x38 build/gpio.o
 .debug_loc     0x0000000000000208      0x103 build/tim.o
 .debug_loc     0x000000000000030b       0x37 build/buffer.o
 .debug_loc     0x0000000000000342      0x132 build/message.o
 .debug_loc     0x0000000000000474      0x108 build/usart.o
 .debug_loc     0x000000000000057c       0x60 build/stm32f1xx_it.o
 .debug_loc     0x00000000000005dc       0x41 build/stm32f1xx_hal_msp.o
 .debug_loc     0x000000000000061d     0x530c build/stm32f1xx_hal_tim.o
 .debug_loc     0x0000000000005929     0x1f3e build/stm32f1xx_hal_tim_ex.o
 .debug_loc     0x0000000000007867      0x1e1 build/stm32f1xx_hal.o
 .debug_loc     0x0000000000007a48      0x7ee build/stm32f1xx_hal_rcc.o
 .debug_loc     0x0000000000008236      0x551 build/stm32f1xx_hal_gpio.o
 .debug_loc     0x0000000000008787      0x901 build/stm32f1xx_hal_dma.o
 .debug_loc     0x0000000000009088      0x77f build/stm32f1xx_hal_cortex.o
 .debug_loc     0x0000000000009807     0x267b build/stm32f1xx_hal_uart.o
 .debug_loc     0x000000000000be82       0xff build/system_stm32f1xx.o
 .debug_loc     0x000000000000bf81       0xba /usr/lib/gcc/arm-none-eabi/10.3.1/../../../arm-none-eabi/lib/thumb/v7-m/nofp/libc_nano.a(lib_a-init.o)
 .debug_loc     0x000000000000c03b      0x22c /usr/lib/gcc/arm-none-eabi/10.3.1/../../../arm-none-eabi/lib/thumb/v7-m/nofp/libc_nano.a(lib_a-memset.o)

.debug_aranges  0x0000000000000000      0xc78
 .debug_aranges
                0x0000000000000000       0x70 build/main.o
 .debug_aranges
                0x0000000000000070       0x20 build/gpio.o
 .debug_aranges
                0x0000000000000090       0x30 build/tim.o
 .debug_aranges
                0x00000000000000c0       0x28 build/buffer.o
 .debug_aranges
                0x00000000000000e8       0x30 build/message.o
 .debug_aranges
                0x0000000000000118       0x30 build/usart.o
 .debug_aranges
                0x0000000000000148       0x70 build/stm32f1xx_it.o
 .debug_aranges
                0x00000000000001b8       0x20 build/stm32f1xx_hal_msp.o
 .debug_aranges
                0x00000000000001d8      0x3d0 build/stm32f1xx_hal_tim.o
 .debug_aranges
                0x00000000000005a8      0x168 build/stm32f1xx_hal_tim_ex.o
 .debug_aranges
                0x0000000000000710       0xe0 build/stm32f1xx_hal.o
 .debug_aranges
                0x00000000000007f0       0x90 build/stm32f1xx_hal_rcc.o
 .debug_aranges
                0x0000000000000880       0x58 build/stm32f1xx_hal_gpio.o
 .debug_aranges
                0x00000000000008d8       0x80 build/stm32f1xx_hal_dma.o
 .debug_aranges
                0x0000000000000958       0x90 build/stm32f1xx_hal_cortex.o
 .debug_aranges
                0x00000000000009e8      0x200 build/stm32f1xx_hal_uart.o
 .debug_aranges
                0x0000000000000be8       0x28 build/system_stm32f1xx.o
 .debug_aranges
                0x0000000000000c10       0x28 build/startup_stm32f103xb.o
 .debug_aranges
                0x0000000000000c38       0x20 /usr/lib/gcc/arm-none-eabi/10.3.1/../../../arm-none-eabi/lib/thumb/v7-m/nofp/libc_nano.a(lib_a-init.o)
 .debug_aranges
                0x0000000000000c58       0x20 /usr/lib/gcc/arm-none-eabi/10.3.1/../../../arm-none-eabi/lib/thumb/v7-m/nofp/libc_nano.a(lib_a-memset.o)

.debug_ranges   0x0000000000000000      0xbd0
 .debug_ranges  0x0000000000000000       0x60 build/main.o
 .debug_ranges  0x0000000000000060       0x10 build/gpio.o
 .debug_ranges  0x0000000000000070       0x20 build/tim.o
 .debug_ranges  0x0000000000000090       0x18 build/buffer.o
 .debug_ranges  0x00000000000000a8       0x50 build/message.o
 .debug_ranges  0x00000000000000f8       0x20 build/usart.o
 .debug_ranges  0x0000000000000118       0x60 build/stm32f1xx_it.o
 .debug_ranges  0x0000000000000178       0x10 build/stm32f1xx_hal_msp.o
 .debug_ranges  0x0000000000000188      0x3c0 build/stm32f1xx_hal_tim.o
 .debug_ranges  0x0000000000000548      0x158 build/stm32f1xx_hal_tim_ex.o
 .debug_ranges  0x00000000000006a0       0xd0 build/stm32f1xx_hal.o
 .debug_ranges  0x0000000000000770       0xa0 build/stm32f1xx_hal_rcc.o
 .debug_ranges  0x0000000000000810       0x48 build/stm32f1xx_hal_gpio.o
 .debug_ranges  0x0000000000000858       0x70 build/stm32f1xx_hal_dma.o
 .debug_ranges  0x00000000000008c8       0xe0 build/stm32f1xx_hal_cortex.o
 .debug_ranges  0x00000000000009a8      0x1f0 build/stm32f1xx_hal_uart.o
 .debug_ranges  0x0000000000000b98       0x18 build/system_stm32f1xx.o
 .debug_ranges  0x0000000000000bb0       0x20 build/startup_stm32f103xb.o

.debug_line     0x0000000000000000     0xbc10
 .debug_line    0x0000000000000000      0x614 build/main.o
 .debug_line    0x0000000000000614      0x146 build/gpio.o
 .debug_line    0x000000000000075a      0x257 build/tim.o
 .debug_line    0x00000000000009b1       0xed build/buffer.o
 .debug_line    0x0000000000000a9e      0x18b build/message.o
 .debug_line    0x0000000000000c29      0x26d build/usart.o
 .debug_line    0x0000000000000e96      0x277 build/stm32f1xx_it.o
 .debug_line    0x000000000000110d       0xd7 build/stm32f1xx_hal_msp.o
 .debug_line    0x00000000000011e4     0x45b9 build/stm32f1xx_hal_tim.o
 .debug_line    0x000000000000579d     0x1ab9 build/stm32f1xx_hal_tim_ex.o
 .debug_line    0x0000000000007256      0x489 build/stm32f1xx_hal.o
 .debug_line    0x00000000000076df      0xb87 build/stm32f1xx_hal_rcc.o
 .debug_line    0x0000000000008266      0x53e build/stm32f1xx_hal_gpio.o
 .debug_line    0x00000000000087a4      0x9ae build/stm32f1xx_hal_dma.o
 .debug_line    0x0000000000009152      0x594 build/stm32f1xx_hal_cortex.o
 .debug_line    0x00000000000096e6     0x2016 build/stm32f1xx_hal_uart.o
 .debug_line    0x000000000000b6fc      0x1a1 build/system_stm32f1xx.o
 .debug_line    0x000000000000b89d       0x75 build/startup_stm32f103xb.o
 .debug_line    0x000000000000b912      0x13f /usr/lib/gcc/arm-none-eabi/10.3.1/../../../arm-none-eabi/lib/thumb/v7-m/nofp/libc_nano.a(lib_a-init.o)
 .debug_line    0x000000000000ba51      0x1bf /usr/lib/gcc/arm-none-eabi/10.3.1/../../../arm-none-eabi/lib/thumb/v7-m/nofp/libc_nano.a(lib_a-memset.o)

.debug_str      0x0000000000000000     0x396d
 .debug_str     0x0000000000000000      0xb5e build/main.o
                                        0xc28 (size before relaxing)
 .debug_str     0x0000000000000b5e       0xac build/gpio.o
                                        0x23c (size before relaxing)
 .debug_str     0x0000000000000c0a      0x44a build/tim.o
                                        0xae3 (size before relaxing)
 .debug_str     0x0000000000001054       0x1b build/buffer.o
                                        0x1a9 (size before relaxing)
 .debug_str     0x000000000000106f       0x13 build/message.o
                                        0x1ca (size before relaxing)
 .debug_str     0x0000000000001082       0x5e build/usart.o
                                        0x95e (size before relaxing)
 .debug_str     0x00000000000010e0      0x100 build/stm32f1xx_it.o
                                        0x8f3 (size before relaxing)
 .debug_str     0x00000000000011e0       0x57 build/stm32f1xx_hal_msp.o
                                        0x1e9 (size before relaxing)
 .debug_str     0x0000000000001237      0xe59 build/stm32f1xx_hal_tim.o
                                       0x15f7 (size before relaxing)
 .debug_str     0x0000000000002090      0x521 build/stm32f1xx_hal_tim_ex.o
                                        0xdf8 (size before relaxing)
 .debug_str     0x00000000000025b1      0x309 build/stm32f1xx_hal.o
                                        0x7ee (size before relaxing)
 .debug_str     0x00000000000028ba      0x1fe build/stm32f1xx_hal_rcc.o
                                        0x5e0 (size before relaxing)
 .debug_str     0x0000000000002ab8      0x112 build/stm32f1xx_hal_gpio.o
                                        0x3bf (size before relaxing)
 .debug_str     0x0000000000002bca      0x20a build/stm32f1xx_hal_dma.o
                                        0x5c7 (size before relaxing)
 .debug_str     0x0000000000002dd4      0x391 build/stm32f1xx_hal_cortex.o
                                        0x889 (size before relaxing)
 .debug_str     0x0000000000003165      0x58a build/stm32f1xx_hal_uart.o
                                        0xc43 (size before relaxing)
 .debug_str     0x00000000000036ef       0x4f build/system_stm32f1xx.o
                                        0x214 (size before relaxing)
 .debug_str     0x000000000000373e       0x22 build/startup_stm32f103xb.o
                                         0x46 (size before relaxing)
 .debug_str     0x0000000000003760      0x16e /usr/lib/gcc/arm-none-eabi/10.3.1/../../../arm-none-eabi/lib/thumb/v7-m/nofp/libc_nano.a(lib_a-init.o)
                                        0x203 (size before relaxing)
 .debug_str     0x00000000000038ce       0x9f /usr/lib/gcc/arm-none-eabi/10.3.1/../../../arm-none-eabi/lib/thumb/v7-m/nofp/libc_nano.a(lib_a-memset.o)
                                        0x1b8 (size before relaxing)

.debug_frame    0x0000000000000000     0x1f94
 .debug_frame   0x0000000000000000      0x110 build/main.o
 .debug_frame   0x0000000000000110       0x34 build/gpio.o
 .debug_frame   0x0000000000000144       0x64 build/tim.o
 .debug_frame   0x00000000000001a8       0x30 build/buffer.o
 .debug_frame   0x00000000000001d8       0x4c build/message.o
 .debug_frame   0x0000000000000224       0x64 build/usart.o
 .debug_frame   0x0000000000000288       0xd8 build/stm32f1xx_it.o
 .debug_frame   0x0000000000000360       0x28 build/stm32f1xx_hal_msp.o
 .debug_frame   0x0000000000000388      0xb18 build/stm32f1xx_hal_tim.o
 .debug_frame   0x0000000000000ea0      0x40c build/stm32f1xx_hal_tim_ex.o
 .debug_frame   0x00000000000012ac      0x1cc build/stm32f1xx_hal.o
 .debug_frame   0x0000000000001478      0x190 build/stm32f1xx_hal_rcc.o
 .debug_frame   0x0000000000001608       0xe4 build/stm32f1xx_hal_gpio.o
 .debug_frame   0x00000000000016ec      0x144 build/stm32f1xx_hal_dma.o
 .debug_frame   0x0000000000001830      0x118 build/stm32f1xx_hal_cortex.o
 .debug_frame   0x0000000000001948      0x5c4 build/stm32f1xx_hal_uart.o
 .debug_frame   0x0000000000001f0c       0x30 build/system_stm32f1xx.o
 .debug_frame   0x0000000000001f3c       0x2c /usr/lib/gcc/arm-none-eabi/10.3.1/../../../arm-none-eabi/lib/thumb/v7-m/nofp/libc_nano.a(lib_a-init.o)
 .debug_frame   0x0000000000001f68       0x2c /usr/lib/gcc/arm-none-eabi/10.3.1/../../../arm-none-eabi/lib/thumb/v7-m/nofp/libc_nano.a(lib_a-memset.o)

Cross Reference Table

Symbol                                            File
ADC1_2_IRQHandler                                 build/startup_stm32f103xb.o
AHBPrescTable                                     build/system_stm32f1xx.o
                                                  build/stm32f1xx_hal_rcc.o
APBPrescTable                                     build/system_stm32f1xx.o
                                                  build/stm32f1xx_hal_rcc.o
BusFault_Handler                                  build/stm32f1xx_it.o
CAN1_RX1_IRQHandler                               build/startup_stm32f103xb.o
CAN1_SCE_IRQHandler                               build/startup_stm32f103xb.o
DMA1_Channel1_IRQHandler                          build/startup_stm32f103xb.o
DMA1_Channel2_IRQHandler                          build/startup_stm32f103xb.o
DMA1_Channel3_IRQHandler                          build/startup_stm32f103xb.o
DMA1_Channel4_IRQHandler                          build/startup_stm32f103xb.o
DMA1_Channel5_IRQHandler                          build/startup_stm32f103xb.o
DMA1_Channel6_IRQHandler                          build/startup_stm32f103xb.o
DMA1_Channel7_IRQHandler                          build/startup_stm32f103xb.o
DebugMon_Handler                                  build/stm32f1xx_it.o
Default_Handler                                   build/startup_stm32f103xb.o
EXTI0_IRQHandler                                  build/startup_stm32f103xb.o
EXTI15_10_IRQHandler                              build/startup_stm32f103xb.o
EXTI1_IRQHandler                                  build/startup_stm32f103xb.o
EXTI2_IRQHandler                                  build/startup_stm32f103xb.o
EXTI3_IRQHandler                                  build/startup_stm32f103xb.o
EXTI4_IRQHandler                                  build/startup_stm32f103xb.o
EXTI9_5_IRQHandler                                build/startup_stm32f103xb.o
Error_Handler                                     build/main.o
                                                  build/usart.o
                                                  build/tim.o
FLASH_IRQHandler                                  build/startup_stm32f103xb.o
FLASH_PageErase                                   build/stm32f1xx_hal_flash_ex.o
                                                  build/stm32f1xx_hal_flash.o
FLASH_WaitForLastOperation                        build/stm32f1xx_hal_flash.o
                                                  build/stm32f1xx_hal_flash_ex.o
HAL_DBGMCU_DisableDBGSleepMode                    build/stm32f1xx_hal.o
HAL_DBGMCU_DisableDBGStandbyMode                  build/stm32f1xx_hal.o
HAL_DBGMCU_DisableDBGStopMode                     build/stm32f1xx_hal.o
HAL_DBGMCU_EnableDBGSleepMode                     build/stm32f1xx_hal.o
HAL_DBGMCU_EnableDBGStandbyMode                   build/stm32f1xx_hal.o
HAL_DBGMCU_EnableDBGStopMode                      build/stm32f1xx_hal.o
HAL_DMA_Abort                                     build/stm32f1xx_hal_dma.o
                                                  build/stm32f1xx_hal_uart.o
HAL_DMA_Abort_IT                                  build/stm32f1xx_hal_dma.o
                                                  build/stm32f1xx_hal_uart.o
                                                  build/stm32f1xx_hal_tim_ex.o
                                                  build/stm32f1xx_hal_tim.o
HAL_DMA_DeInit                                    build/stm32f1xx_hal_dma.o
HAL_DMA_GetError                                  build/stm32f1xx_hal_dma.o
                                                  build/stm32f1xx_hal_uart.o
HAL_DMA_GetState                                  build/stm32f1xx_hal_dma.o
HAL_DMA_IRQHandler                                build/stm32f1xx_hal_dma.o
HAL_DMA_Init                                      build/stm32f1xx_hal_dma.o
HAL_DMA_PollForTransfer                           build/stm32f1xx_hal_dma.o
HAL_DMA_RegisterCallback                          build/stm32f1xx_hal_dma.o
HAL_DMA_Start                                     build/stm32f1xx_hal_dma.o
HAL_DMA_Start_IT                                  build/stm32f1xx_hal_dma.o
                                                  build/stm32f1xx_hal_uart.o
                                                  build/stm32f1xx_hal_tim_ex.o
                                                  build/stm32f1xx_hal_tim.o
HAL_DMA_UnRegisterCallback                        build/stm32f1xx_hal_dma.o
HAL_DeInit                                        build/stm32f1xx_hal.o
HAL_Delay                                         build/stm32f1xx_hal.o
HAL_EXTI_ClearConfigLine                          build/stm32f1xx_hal_exti.o
HAL_EXTI_ClearPending                             build/stm32f1xx_hal_exti.o
HAL_EXTI_GenerateSWI                              build/stm32f1xx_hal_exti.o
HAL_EXTI_GetConfigLine                            build/stm32f1xx_hal_exti.o
HAL_EXTI_GetHandle                                build/stm32f1xx_hal_exti.o
HAL_EXTI_GetPending                               build/stm32f1xx_hal_exti.o
HAL_EXTI_IRQHandler                               build/stm32f1xx_hal_exti.o
HAL_EXTI_RegisterCallback                         build/stm32f1xx_hal_exti.o
HAL_EXTI_SetConfigLine                            build/stm32f1xx_hal_exti.o
HAL_FLASHEx_Erase                                 build/stm32f1xx_hal_flash_ex.o
HAL_FLASHEx_Erase_IT                              build/stm32f1xx_hal_flash_ex.o
HAL_FLASHEx_OBErase                               build/stm32f1xx_hal_flash_ex.o
HAL_FLASHEx_OBGetConfig                           build/stm32f1xx_hal_flash_ex.o
HAL_FLASHEx_OBGetUserData                         build/stm32f1xx_hal_flash_ex.o
HAL_FLASHEx_OBProgram                             build/stm32f1xx_hal_flash_ex.o
HAL_FLASH_EndOfOperationCallback                  build/stm32f1xx_hal_flash.o
HAL_FLASH_GetError                                build/stm32f1xx_hal_flash.o
HAL_FLASH_IRQHandler                              build/stm32f1xx_hal_flash.o
HAL_FLASH_Lock                                    build/stm32f1xx_hal_flash.o
HAL_FLASH_OB_Launch                               build/stm32f1xx_hal_flash.o
HAL_FLASH_OB_Lock                                 build/stm32f1xx_hal_flash.o
HAL_FLASH_OB_Unlock                               build/stm32f1xx_hal_flash.o
HAL_FLASH_OperationErrorCallback                  build/stm32f1xx_hal_flash.o
HAL_FLASH_Program                                 build/stm32f1xx_hal_flash.o
HAL_FLASH_Program_IT                              build/stm32f1xx_hal_flash.o
HAL_FLASH_Unlock                                  build/stm32f1xx_hal_flash.o
HAL_GPIOEx_ConfigEventout                         build/stm32f1xx_hal_gpio_ex.o
HAL_GPIOEx_DisableEventout                        build/stm32f1xx_hal_gpio_ex.o
HAL_GPIOEx_EnableEventout                         build/stm32f1xx_hal_gpio_ex.o
HAL_GPIO_DeInit                                   build/stm32f1xx_hal_gpio.o
                                                  build/usart.o
HAL_GPIO_EXTI_Callback                            build/stm32f1xx_hal_gpio.o
HAL_GPIO_EXTI_IRQHandler                          build/stm32f1xx_hal_gpio.o
HAL_GPIO_Init                                     build/stm32f1xx_hal_gpio.o
                                                  build/stm32f1xx_hal_rcc.o
                                                  build/usart.o
                                                  build/gpio.o
HAL_GPIO_LockPin                                  build/stm32f1xx_hal_gpio.o
HAL_GPIO_ReadPin                                  build/stm32f1xx_hal_gpio.o
HAL_GPIO_TogglePin                                build/stm32f1xx_hal_gpio.o
HAL_GPIO_WritePin                                 build/stm32f1xx_hal_gpio.o
                                                  build/gpio.o
                                                  build/main.o
HAL_GetDEVID                                      build/stm32f1xx_hal.o
HAL_GetHalVersion                                 build/stm32f1xx_hal.o
HAL_GetREVID                                      build/stm32f1xx_hal.o
HAL_GetTick                                       build/stm32f1xx_hal.o
                                                  build/stm32f1xx_hal_uart.o
                                                  build/stm32f1xx_hal_flash.o
                                                  build/stm32f1xx_hal_dma.o
                                                  build/stm32f1xx_hal_rcc_ex.o
                                                  build/stm32f1xx_hal_rcc.o
HAL_GetTickFreq                                   build/stm32f1xx_hal.o
HAL_GetTickPrio                                   build/stm32f1xx_hal.o
HAL_GetUIDw0                                      build/stm32f1xx_hal.o
HAL_GetUIDw1                                      build/stm32f1xx_hal.o
HAL_GetUIDw2                                      build/stm32f1xx_hal.o
HAL_HalfDuplex_EnableReceiver                     build/stm32f1xx_hal_uart.o
HAL_HalfDuplex_EnableTransmitter                  build/stm32f1xx_hal_uart.o
HAL_HalfDuplex_Init                               build/stm32f1xx_hal_uart.o
HAL_IncTick                                       build/stm32f1xx_hal.o
                                                  build/stm32f1xx_it.o
HAL_Init                                          build/stm32f1xx_hal.o
                                                  build/main.o
HAL_InitTick                                      build/stm32f1xx_hal.o
                                                  build/stm32f1xx_hal_rcc.o
HAL_LIN_Init                                      build/stm32f1xx_hal_uart.o
HAL_LIN_SendBreak                                 build/stm32f1xx_hal_uart.o
HAL_MspDeInit                                     build/stm32f1xx_hal.o
HAL_MspInit                                       build/stm32f1xx_hal_msp.o
HAL_MultiProcessor_EnterMuteMode                  build/stm32f1xx_hal_uart.o
HAL_MultiProcessor_ExitMuteMode                   build/stm32f1xx_hal_uart.o
HAL_MultiProcessor_Init                           build/stm32f1xx_hal_uart.o
HAL_NVIC_ClearPendingIRQ                          build/stm32f1xx_hal_cortex.o
HAL_NVIC_DisableIRQ                               build/stm32f1xx_hal_cortex.o
                                                  build/usart.o
                                                  build/tim.o
HAL_NVIC_EnableIRQ                                build/stm32f1xx_hal_cortex.o
                                                  build/usart.o
                                                  build/tim.o
HAL_NVIC_GetActive                                build/stm32f1xx_hal_cortex.o
HAL_NVIC_GetPendingIRQ                            build/stm32f1xx_hal_cortex.o
HAL_NVIC_GetPriority                              build/stm32f1xx_hal_cortex.o
HAL_NVIC_GetPriorityGrouping                      build/stm32f1xx_hal_cortex.o
HAL_NVIC_SetPendingIRQ                            build/stm32f1xx_hal_cortex.o
HAL_NVIC_SetPriority                              build/stm32f1xx_hal_cortex.o
                                                  build/stm32f1xx_hal.o
                                                  build/usart.o
                                                  build/tim.o
HAL_NVIC_SetPriorityGrouping                      build/stm32f1xx_hal_cortex.o
                                                  build/stm32f1xx_hal.o
HAL_NVIC_SystemReset                              build/stm32f1xx_hal_cortex.o
                                                  build/stm32f1xx_hal_flash.o
HAL_PWR_ConfigPVD                                 build/stm32f1xx_hal_pwr.o
HAL_PWR_DeInit                                    build/stm32f1xx_hal_pwr.o
HAL_PWR_DisableBkUpAccess                         build/stm32f1xx_hal_pwr.o
HAL_PWR_DisablePVD                                build/stm32f1xx_hal_pwr.o
HAL_PWR_DisableSEVOnPend                          build/stm32f1xx_hal_pwr.o
HAL_PWR_DisableSleepOnExit                        build/stm32f1xx_hal_pwr.o
HAL_PWR_DisableWakeUpPin                          build/stm32f1xx_hal_pwr.o
HAL_PWR_EnableBkUpAccess                          build/stm32f1xx_hal_pwr.o
HAL_PWR_EnablePVD                                 build/stm32f1xx_hal_pwr.o
HAL_PWR_EnableSEVOnPend                           build/stm32f1xx_hal_pwr.o
HAL_PWR_EnableSleepOnExit                         build/stm32f1xx_hal_pwr.o
HAL_PWR_EnableWakeUpPin                           build/stm32f1xx_hal_pwr.o
HAL_PWR_EnterSLEEPMode                            build/stm32f1xx_hal_pwr.o
HAL_PWR_EnterSTANDBYMode                          build/stm32f1xx_hal_pwr.o
HAL_PWR_EnterSTOPMode                             build/stm32f1xx_hal_pwr.o
HAL_PWR_PVDCallback                               build/stm32f1xx_hal_pwr.o
HAL_PWR_PVD_IRQHandler                            build/stm32f1xx_hal_pwr.o
HAL_RCCEx_GetPeriphCLKConfig                      build/stm32f1xx_hal_rcc_ex.o
HAL_RCCEx_GetPeriphCLKFreq                        build/stm32f1xx_hal_rcc_ex.o
HAL_RCCEx_PeriphCLKConfig                         build/stm32f1xx_hal_rcc_ex.o
HAL_RCC_CSSCallback                               build/stm32f1xx_hal_rcc.o
HAL_RCC_ClockConfig                               build/stm32f1xx_hal_rcc.o
                                                  build/main.o
HAL_RCC_DeInit                                    build/stm32f1xx_hal_rcc.o
HAL_RCC_DisableCSS                                build/stm32f1xx_hal_rcc.o
HAL_RCC_EnableCSS                                 build/stm32f1xx_hal_rcc.o
HAL_RCC_GetClockConfig                            build/stm32f1xx_hal_rcc.o
HAL_RCC_GetHCLKFreq                               build/stm32f1xx_hal_rcc.o
HAL_RCC_GetOscConfig                              build/stm32f1xx_hal_rcc.o
HAL_RCC_GetPCLK1Freq                              build/stm32f1xx_hal_rcc.o
                                                  build/stm32f1xx_hal_uart.o
HAL_RCC_GetPCLK2Freq                              build/stm32f1xx_hal_rcc.o
                                                  build/stm32f1xx_hal_uart.o
                                                  build/stm32f1xx_hal_rcc_ex.o
HAL_RCC_GetSysClockFreq                           build/stm32f1xx_hal_rcc.o
HAL_RCC_MCOConfig                                 build/stm32f1xx_hal_rcc.o
HAL_RCC_NMI_IRQHandler                            build/stm32f1xx_hal_rcc.o
HAL_RCC_OscConfig                                 build/stm32f1xx_hal_rcc.o
                                                  build/main.o
HAL_ResumeTick                                    build/stm32f1xx_hal.o
HAL_SYSTICK_CLKSourceConfig                       build/stm32f1xx_hal_cortex.o
HAL_SYSTICK_Callback                              build/stm32f1xx_hal_cortex.o
HAL_SYSTICK_Config                                build/stm32f1xx_hal_cortex.o
                                                  build/stm32f1xx_hal.o
HAL_SYSTICK_IRQHandler                            build/stm32f1xx_hal_cortex.o
HAL_SetTickFreq                                   build/stm32f1xx_hal.o
HAL_SuspendTick                                   build/stm32f1xx_hal.o
HAL_TIMEx_BreakCallback                           build/stm32f1xx_hal_tim_ex.o
                                                  build/stm32f1xx_hal_tim.o
HAL_TIMEx_CommutCallback                          build/stm32f1xx_hal_tim_ex.o
                                                  build/stm32f1xx_hal_tim.o
HAL_TIMEx_CommutHalfCpltCallback                  build/stm32f1xx_hal_tim_ex.o
HAL_TIMEx_ConfigBreakDeadTime                     build/stm32f1xx_hal_tim_ex.o
HAL_TIMEx_ConfigCommutEvent                       build/stm32f1xx_hal_tim_ex.o
HAL_TIMEx_ConfigCommutEvent_DMA                   build/stm32f1xx_hal_tim_ex.o
HAL_TIMEx_ConfigCommutEvent_IT                    build/stm32f1xx_hal_tim_ex.o
HAL_TIMEx_GetChannelNState                        build/stm32f1xx_hal_tim_ex.o
HAL_TIMEx_HallSensor_DeInit                       build/stm32f1xx_hal_tim_ex.o
HAL_TIMEx_HallSensor_GetState                     build/stm32f1xx_hal_tim_ex.o
HAL_TIMEx_HallSensor_Init                         build/stm32f1xx_hal_tim_ex.o
HAL_TIMEx_HallSensor_MspDeInit                    build/stm32f1xx_hal_tim_ex.o
HAL_TIMEx_HallSensor_MspInit                      build/stm32f1xx_hal_tim_ex.o
HAL_TIMEx_HallSensor_Start                        build/stm32f1xx_hal_tim_ex.o
HAL_TIMEx_HallSensor_Start_DMA                    build/stm32f1xx_hal_tim_ex.o
HAL_TIMEx_HallSensor_Start_IT                     build/stm32f1xx_hal_tim_ex.o
HAL_TIMEx_HallSensor_Stop                         build/stm32f1xx_hal_tim_ex.o
HAL_TIMEx_HallSensor_Stop_DMA                     build/stm32f1xx_hal_tim_ex.o
HAL_TIMEx_HallSensor_Stop_IT                      build/stm32f1xx_hal_tim_ex.o
HAL_TIMEx_MasterConfigSynchronization             build/stm32f1xx_hal_tim_ex.o
                                                  build/tim.o
HAL_TIMEx_OCN_Start                               build/stm32f1xx_hal_tim_ex.o
HAL_TIMEx_OCN_Start_DMA                           build/stm32f1xx_hal_tim_ex.o
HAL_TIMEx_OCN_Start_IT                            build/stm32f1xx_hal_tim_ex.o
HAL_TIMEx_OCN_Stop                                build/stm32f1xx_hal_tim_ex.o
HAL_TIMEx_OCN_Stop_DMA                            build/stm32f1xx_hal_tim_ex.o
HAL_TIMEx_OCN_Stop_IT                             build/stm32f1xx_hal_tim_ex.o
HAL_TIMEx_OnePulseN_Start                         build/stm32f1xx_hal_tim_ex.o
HAL_TIMEx_OnePulseN_Start_IT                      build/stm32f1xx_hal_tim_ex.o
HAL_TIMEx_OnePulseN_Stop                          build/stm32f1xx_hal_tim_ex.o
HAL_TIMEx_OnePulseN_Stop_IT                       build/stm32f1xx_hal_tim_ex.o
HAL_TIMEx_PWMN_Start                              build/stm32f1xx_hal_tim_ex.o
HAL_TIMEx_PWMN_Start_DMA                          build/stm32f1xx_hal_tim_ex.o
HAL_TIMEx_PWMN_Start_IT                           build/stm32f1xx_hal_tim_ex.o
HAL_TIMEx_PWMN_Stop                               build/stm32f1xx_hal_tim_ex.o
HAL_TIMEx_PWMN_Stop_DMA                           build/stm32f1xx_hal_tim_ex.o
HAL_TIMEx_PWMN_Stop_IT                            build/stm32f1xx_hal_tim_ex.o
HAL_TIMEx_RemapConfig                             build/stm32f1xx_hal_tim_ex.o
HAL_TIM_Base_DeInit                               build/stm32f1xx_hal_tim.o
HAL_TIM_Base_GetState                             build/stm32f1xx_hal_tim.o
HAL_TIM_Base_Init                                 build/stm32f1xx_hal_tim.o
                                                  build/tim.o
HAL_TIM_Base_MspDeInit                            build/tim.o
HAL_TIM_Base_MspInit                              build/tim.o
HAL_TIM_Base_Start                                build/stm32f1xx_hal_tim.o
HAL_TIM_Base_Start_DMA                            build/stm32f1xx_hal_tim.o
HAL_TIM_Base_Start_IT                             build/stm32f1xx_hal_tim.o
                                                  build/main.o
HAL_TIM_Base_Stop                                 build/stm32f1xx_hal_tim.o
HAL_TIM_Base_Stop_DMA                             build/stm32f1xx_hal_tim.o
HAL_TIM_Base_Stop_IT                              build/stm32f1xx_hal_tim.o
HAL_TIM_ConfigClockSource                         build/stm32f1xx_hal_tim.o
                                                  build/tim.o
HAL_TIM_ConfigOCrefClear                          build/stm32f1xx_hal_tim.o
HAL_TIM_ConfigTI1Input                            build/stm32f1xx_hal_tim.o
HAL_TIM_DMABurstState                             build/stm32f1xx_hal_tim.o
HAL_TIM_DMABurst_MultiReadStart                   build/stm32f1xx_hal_tim.o
HAL_TIM_DMABurst_MultiWriteStart                  build/stm32f1xx_hal_tim.o
HAL_TIM_DMABurst_ReadStart                        build/stm32f1xx_hal_tim.o
HAL_TIM_DMABurst_ReadStop                         build/stm32f1xx_hal_tim.o
HAL_TIM_DMABurst_WriteStart                       build/stm32f1xx_hal_tim.o
HAL_TIM_DMABurst_WriteStop                        build/stm32f1xx_hal_tim.o
HAL_TIM_Encoder_DeInit                            build/stm32f1xx_hal_tim.o
HAL_TIM_Encoder_GetState                          build/stm32f1xx_hal_tim.o
HAL_TIM_Encoder_Init                              build/stm32f1xx_hal_tim.o
HAL_TIM_Encoder_MspDeInit                         build/stm32f1xx_hal_tim.o
HAL_TIM_Encoder_MspInit                           build/stm32f1xx_hal_tim.o
HAL_TIM_Encoder_Start                             build/stm32f1xx_hal_tim.o
HAL_TIM_Encoder_Start_DMA                         build/stm32f1xx_hal_tim.o
HAL_TIM_Encoder_Start_IT                          build/stm32f1xx_hal_tim.o
HAL_TIM_Encoder_Stop                              build/stm32f1xx_hal_tim.o
HAL_TIM_Encoder_Stop_DMA                          build/stm32f1xx_hal_tim.o
HAL_TIM_Encoder_Stop_IT                           build/stm32f1xx_hal_tim.o
HAL_TIM_ErrorCallback                             build/stm32f1xx_hal_tim.o
                                                  build/stm32f1xx_hal_tim_ex.o
HAL_TIM_GenerateEvent                             build/stm32f1xx_hal_tim.o
HAL_TIM_GetActiveChannel                          build/stm32f1xx_hal_tim.o
HAL_TIM_GetChannelState                           build/stm32f1xx_hal_tim.o
HAL_TIM_IC_CaptureCallback                        build/stm32f1xx_hal_tim.o
HAL_TIM_IC_CaptureHalfCpltCallback                build/stm32f1xx_hal_tim.o
HAL_TIM_IC_ConfigChannel                          build/stm32f1xx_hal_tim.o
HAL_TIM_IC_DeInit                                 build/stm32f1xx_hal_tim.o
HAL_TIM_IC_GetState                               build/stm32f1xx_hal_tim.o
HAL_TIM_IC_Init                                   build/stm32f1xx_hal_tim.o
HAL_TIM_IC_MspDeInit                              build/stm32f1xx_hal_tim.o
HAL_TIM_IC_MspInit                                build/stm32f1xx_hal_tim.o
HAL_TIM_IC_Start                                  build/stm32f1xx_hal_tim.o
HAL_TIM_IC_Start_DMA                              build/stm32f1xx_hal_tim.o
HAL_TIM_IC_Start_IT                               build/stm32f1xx_hal_tim.o
HAL_TIM_IC_Stop                                   build/stm32f1xx_hal_tim.o
HAL_TIM_IC_Stop_DMA                               build/stm32f1xx_hal_tim.o
HAL_TIM_IC_Stop_IT                                build/stm32f1xx_hal_tim.o
HAL_TIM_IRQHandler                                build/stm32f1xx_hal_tim.o
                                                  build/stm32f1xx_it.o
HAL_TIM_OC_ConfigChannel                          build/stm32f1xx_hal_tim.o
HAL_TIM_OC_DeInit                                 build/stm32f1xx_hal_tim.o
HAL_TIM_OC_DelayElapsedCallback                   build/stm32f1xx_hal_tim.o
HAL_TIM_OC_GetState                               build/stm32f1xx_hal_tim.o
HAL_TIM_OC_Init                                   build/stm32f1xx_hal_tim.o
HAL_TIM_OC_MspDeInit                              build/stm32f1xx_hal_tim.o
HAL_TIM_OC_MspInit                                build/stm32f1xx_hal_tim.o
HAL_TIM_OC_Start                                  build/stm32f1xx_hal_tim.o
HAL_TIM_OC_Start_DMA                              build/stm32f1xx_hal_tim.o
HAL_TIM_OC_Start_IT                               build/stm32f1xx_hal_tim.o
HAL_TIM_OC_Stop                                   build/stm32f1xx_hal_tim.o
HAL_TIM_OC_Stop_DMA                               build/stm32f1xx_hal_tim.o
HAL_TIM_OC_Stop_IT                                build/stm32f1xx_hal_tim.o
HAL_TIM_OnePulse_ConfigChannel                    build/stm32f1xx_hal_tim.o
HAL_TIM_OnePulse_DeInit                           build/stm32f1xx_hal_tim.o
HAL_TIM_OnePulse_GetState                         build/stm32f1xx_hal_tim.o
HAL_TIM_OnePulse_Init                             build/stm32f1xx_hal_tim.o
HAL_TIM_OnePulse_MspDeInit                        build/stm32f1xx_hal_tim.o
HAL_TIM_OnePulse_MspInit                          build/stm32f1xx_hal_tim.o
HAL_TIM_OnePulse_Start                            build/stm32f1xx_hal_tim.o
HAL_TIM_OnePulse_Start_IT                         build/stm32f1xx_hal_tim.o
HAL_TIM_OnePulse_Stop                             build/stm32f1xx_hal_tim.o
HAL_TIM_OnePulse_Stop_IT                          build/stm32f1xx_hal_tim.o
HAL_TIM_PWM_ConfigChannel                         build/stm32f1xx_hal_tim.o
HAL_TIM_PWM_DeInit                                build/stm32f1xx_hal_tim.o
HAL_TIM_PWM_GetState                              build/stm32f1xx_hal_tim.o
HAL_TIM_PWM_Init                                  build/stm32f1xx_hal_tim.o
HAL_TIM_PWM_MspDeInit                             build/stm32f1xx_hal_tim.o
HAL_TIM_PWM_MspInit                               build/stm32f1xx_hal_tim.o
HAL_TIM_PWM_PulseFinishedCallback                 build/stm32f1xx_hal_tim.o
                                                  build/stm32f1xx_hal_tim_ex.o
HAL_TIM_PWM_PulseFinishedHalfCpltCallback         build/stm32f1xx_hal_tim.o
HAL_TIM_PWM_Start                                 build/stm32f1xx_hal_tim.o
HAL_TIM_PWM_Start_DMA                             build/stm32f1xx_hal_tim.o
HAL_TIM_PWM_Start_IT                              build/stm32f1xx_hal_tim.o
HAL_TIM_PWM_Stop                                  build/stm32f1xx_hal_tim.o
HAL_TIM_PWM_Stop_DMA                              build/stm32f1xx_hal_tim.o
HAL_TIM_PWM_Stop_IT                               build/stm32f1xx_hal_tim.o
HAL_TIM_PeriodElapsedCallback                     build/main.o
HAL_TIM_PeriodElapsedHalfCpltCallback             build/stm32f1xx_hal_tim.o
HAL_TIM_ReadCapturedValue                         build/stm32f1xx_hal_tim.o
HAL_TIM_SlaveConfigSynchro                        build/stm32f1xx_hal_tim.o
HAL_TIM_SlaveConfigSynchro_IT                     build/stm32f1xx_hal_tim.o
HAL_TIM_TriggerCallback                           build/stm32f1xx_hal_tim.o
HAL_TIM_TriggerHalfCpltCallback                   build/stm32f1xx_hal_tim.o
HAL_UARTEx_ReceiveToIdle                          build/stm32f1xx_hal_uart.o
HAL_UARTEx_ReceiveToIdle_DMA                      build/stm32f1xx_hal_uart.o
HAL_UARTEx_ReceiveToIdle_IT                       build/stm32f1xx_hal_uart.o
HAL_UARTEx_RxEventCallback                        build/stm32f1xx_hal_uart.o
HAL_UART_Abort                                    build/stm32f1xx_hal_uart.o
HAL_UART_AbortCpltCallback                        build/stm32f1xx_hal_uart.o
HAL_UART_AbortReceive                             build/stm32f1xx_hal_uart.o
HAL_UART_AbortReceiveCpltCallback                 build/stm32f1xx_hal_uart.o
HAL_UART_AbortReceive_IT                          build/stm32f1xx_hal_uart.o
HAL_UART_AbortTransmit                            build/stm32f1xx_hal_uart.o
HAL_UART_AbortTransmitCpltCallback                build/stm32f1xx_hal_uart.o
HAL_UART_AbortTransmit_IT                         build/stm32f1xx_hal_uart.o
HAL_UART_Abort_IT                                 build/stm32f1xx_hal_uart.o
HAL_UART_DMAPause                                 build/stm32f1xx_hal_uart.o
HAL_UART_DMAResume                                build/stm32f1xx_hal_uart.o
HAL_UART_DMAStop                                  build/stm32f1xx_hal_uart.o
HAL_UART_DeInit                                   build/stm32f1xx_hal_uart.o
HAL_UART_ErrorCallback                            build/stm32f1xx_hal_uart.o
HAL_UART_GetError                                 build/stm32f1xx_hal_uart.o
HAL_UART_GetState                                 build/stm32f1xx_hal_uart.o
HAL_UART_IRQHandler                               build/stm32f1xx_hal_uart.o
                                                  build/stm32f1xx_it.o
HAL_UART_Init                                     build/stm32f1xx_hal_uart.o
                                                  build/usart.o
HAL_UART_MspDeInit                                build/usart.o
HAL_UART_MspInit                                  build/usart.o
HAL_UART_Receive                                  build/stm32f1xx_hal_uart.o
HAL_UART_Receive_DMA                              build/stm32f1xx_hal_uart.o
HAL_UART_Receive_IT                               build/stm32f1xx_hal_uart.o
                                                  build/main.o
HAL_UART_RxCpltCallback                           build/main.o
HAL_UART_RxHalfCpltCallback                       build/stm32f1xx_hal_uart.o
HAL_UART_Transmit                                 build/stm32f1xx_hal_uart.o
                                                  build/main.o
HAL_UART_Transmit_DMA                             build/stm32f1xx_hal_uart.o
HAL_UART_Transmit_IT                              build/stm32f1xx_hal_uart.o
HAL_UART_TxCpltCallback                           build/stm32f1xx_hal_uart.o
HAL_UART_TxHalfCpltCallback                       build/stm32f1xx_hal_uart.o
HardFault_Handler                                 build/stm32f1xx_it.o
I2C1_ER_IRQHandler                                build/startup_stm32f103xb.o
I2C1_EV_IRQHandler                                build/startup_stm32f103xb.o
I2C2_ER_IRQHandler                                build/startup_stm32f103xb.o
I2C2_EV_IRQHandler                                build/startup_stm32f103xb.o
ID                                                build/main.o
MX_GPIO_Init                                      build/gpio.o
                                                  build/main.o
MX_TIM1_Init                                      build/tim.o
                                                  build/main.o
MX_USART1_UART_Init                               build/usart.o
                                                  build/main.o
MemManage_Handler                                 build/stm32f1xx_it.o
NMI_Handler                                       build/stm32f1xx_it.o
PVD_IRQHandler                                    build/startup_stm32f103xb.o
PendSV_Handler                                    build/stm32f1xx_it.o
RCC_IRQHandler                                    build/startup_stm32f103xb.o
RS485_Read_Message                                build/main.o
RS485_Send_Message                                build/main.o
RTC_Alarm_IRQHandler                              build/startup_stm32f103xb.o
RTC_IRQHandler                                    build/startup_stm32f103xb.o
RX_msg                                            build/main.o
Reset_Handler                                     build/startup_stm32f103xb.o
SPI1_IRQHandler                                   build/startup_stm32f103xb.o
SPI2_IRQHandler                                   build/startup_stm32f103xb.o
SVC_Handler                                       build/stm32f1xx_it.o
SysTick_Handler                                   build/stm32f1xx_it.o
SystemClock_Config                                build/main.o
SystemCoreClock                                   build/system_stm32f1xx.o
                                                  build/stm32f1xx_hal_rcc.o
                                                  build/stm32f1xx_hal.o
SystemCoreClockUpdate                             build/system_stm32f1xx.o
SystemInit                                        build/system_stm32f1xx.o
                                                  build/startup_stm32f103xb.o
TAMPER_IRQHandler                                 build/startup_stm32f103xb.o
TIM1_BRK_IRQHandler                               build/startup_stm32f103xb.o
TIM1_CC_IRQHandler                                build/startup_stm32f103xb.o
TIM1_TRG_COM_IRQHandler                           build/startup_stm32f103xb.o
TIM1_UP_IRQHandler                                build/stm32f1xx_it.o
TIM2_IRQHandler                                   build/startup_stm32f103xb.o
TIM3_IRQHandler                                   build/startup_stm32f103xb.o
TIM4_IRQHandler                                   build/startup_stm32f103xb.o
TIMEx_DMACommutationCplt                          build/stm32f1xx_hal_tim_ex.o
                                                  build/stm32f1xx_hal_tim.o
TIMEx_DMACommutationHalfCplt                      build/stm32f1xx_hal_tim_ex.o
                                                  build/stm32f1xx_hal_tim.o
TIM_Base_SetConfig                                build/stm32f1xx_hal_tim.o
                                                  build/stm32f1xx_hal_tim_ex.o
TIM_CCxChannelCmd                                 build/stm32f1xx_hal_tim.o
                                                  build/stm32f1xx_hal_tim_ex.o
TIM_DMACaptureCplt                                build/stm32f1xx_hal_tim.o
                                                  build/stm32f1xx_hal_tim_ex.o
TIM_DMACaptureHalfCplt                            build/stm32f1xx_hal_tim.o
                                                  build/stm32f1xx_hal_tim_ex.o
TIM_DMADelayPulseHalfCplt                         build/stm32f1xx_hal_tim.o
                                                  build/stm32f1xx_hal_tim_ex.o
TIM_DMAError                                      build/stm32f1xx_hal_tim.o
                                                  build/stm32f1xx_hal_tim_ex.o
TIM_ETR_SetConfig                                 build/stm32f1xx_hal_tim.o
TIM_OC2_SetConfig                                 build/stm32f1xx_hal_tim.o
                                                  build/stm32f1xx_hal_tim_ex.o
TIM_TI1_SetConfig                                 build/stm32f1xx_hal_tim.o
                                                  build/stm32f1xx_hal_tim_ex.o
TX_msg                                            build/main.o
UART_Start_Receive_DMA                            build/stm32f1xx_hal_uart.o
UART_Start_Receive_IT                             build/stm32f1xx_hal_uart.o
USART1_IRQHandler                                 build/stm32f1xx_it.o
USART2_IRQHandler                                 build/startup_stm32f103xb.o
USART3_IRQHandler                                 build/startup_stm32f103xb.o
USBWakeUp_IRQHandler                              build/startup_stm32f103xb.o
USB_HP_CAN1_TX_IRQHandler                         build/startup_stm32f103xb.o
USB_LP_CAN1_RX0_IRQHandler                        build/startup_stm32f103xb.o
UsageFault_Handler                                build/stm32f1xx_it.o
WWDG_IRQHandler                                   build/startup_stm32f103xb.o
_ITM_deregisterTMCloneTable                       /usr/lib/gcc/arm-none-eabi/10.3.1/thumb/v7-m/nofp/crtbegin.o
_ITM_registerTMCloneTable                         /usr/lib/gcc/arm-none-eabi/10.3.1/thumb/v7-m/nofp/crtbegin.o
__TMC_END__                                       /usr/lib/gcc/arm-none-eabi/10.3.1/thumb/v7-m/nofp/crtend.o
                                                  /usr/lib/gcc/arm-none-eabi/10.3.1/thumb/v7-m/nofp/crtbegin.o
__atexit_dummy                                    /usr/lib/gcc/arm-none-eabi/10.3.1/../../../arm-none-eabi/lib/thumb/v7-m/nofp/libc_nano.a(lib_a-__atexit.o)
__bss_end__                                       /usr/lib/gcc/arm-none-eabi/10.3.1/../../../arm-none-eabi/lib/thumb/v7-m/nofp/crt0.o
__bss_start__                                     /usr/lib/gcc/arm-none-eabi/10.3.1/../../../arm-none-eabi/lib/thumb/v7-m/nofp/crt0.o
__call_exitprocs                                  /usr/lib/gcc/arm-none-eabi/10.3.1/../../../arm-none-eabi/lib/thumb/v7-m/nofp/libc_nano.a(lib_a-__call_atexit.o)
                                                  /usr/lib/gcc/arm-none-eabi/10.3.1/../../../arm-none-eabi/lib/thumb/v7-m/nofp/libc_nano.a(lib_a-__atexit.o)
                                                  /usr/lib/gcc/arm-none-eabi/10.3.1/../../../arm-none-eabi/lib/thumb/v7-m/nofp/libc_nano.a(lib_a-exit.o)
__deregister_frame_info                           /usr/lib/gcc/arm-none-eabi/10.3.1/thumb/v7-m/nofp/crtbegin.o
__dso_handle                                      /usr/lib/gcc/arm-none-eabi/10.3.1/thumb/v7-m/nofp/crtbegin.o
__fini_array_end                                  /usr/lib/gcc/arm-none-eabi/10.3.1/../../../arm-none-eabi/lib/thumb/v7-m/nofp/libc_nano.a(lib_a-fini.o)
__fini_array_start                                /usr/lib/gcc/arm-none-eabi/10.3.1/../../../arm-none-eabi/lib/thumb/v7-m/nofp/libc_nano.a(lib_a-fini.o)
__init_array_end                                  /usr/lib/gcc/arm-none-eabi/10.3.1/../../../arm-none-eabi/lib/thumb/v7-m/nofp/libc_nano.a(lib_a-init.o)
__init_array_start                                /usr/lib/gcc/arm-none-eabi/10.3.1/../../../arm-none-eabi/lib/thumb/v7-m/nofp/libc_nano.a(lib_a-init.o)
__libc_fini_array                                 /usr/lib/gcc/arm-none-eabi/10.3.1/../../../arm-none-eabi/lib/thumb/v7-m/nofp/libc_nano.a(lib_a-fini.o)
                                                  /usr/lib/gcc/arm-none-eabi/10.3.1/../../../arm-none-eabi/lib/thumb/v7-m/nofp/crt0.o
__libc_init_array                                 /usr/lib/gcc/arm-none-eabi/10.3.1/../../../arm-none-eabi/lib/thumb/v7-m/nofp/libc_nano.a(lib_a-init.o)
                                                  build/startup_stm32f103xb.o
                                                  /usr/lib/gcc/arm-none-eabi/10.3.1/../../../arm-none-eabi/lib/thumb/v7-m/nofp/crt0.o
__on_exit_args                                    /usr/lib/gcc/arm-none-eabi/10.3.1/../../../arm-none-eabi/lib/thumb/v7-m/nofp/libc_nano.a(lib_a-__atexit.o)
__preinit_array_end                               /usr/lib/gcc/arm-none-eabi/10.3.1/../../../arm-none-eabi/lib/thumb/v7-m/nofp/libc_nano.a(lib_a-init.o)
__preinit_array_start                             /usr/lib/gcc/arm-none-eabi/10.3.1/../../../arm-none-eabi/lib/thumb/v7-m/nofp/libc_nano.a(lib_a-init.o)
__register_exitproc                               /usr/lib/gcc/arm-none-eabi/10.3.1/../../../arm-none-eabi/lib/thumb/v7-m/nofp/libc_nano.a(lib_a-__atexit.o)
                                                  /usr/lib/gcc/arm-none-eabi/10.3.1/../../../arm-none-eabi/lib/thumb/v7-m/nofp/libc_nano.a(lib_a-atexit.o)
__register_frame_info                             /usr/lib/gcc/arm-none-eabi/10.3.1/thumb/v7-m/nofp/crtbegin.o
__sf_fake_stderr                                  /usr/lib/gcc/arm-none-eabi/10.3.1/../../../arm-none-eabi/lib/thumb/v7-m/nofp/libc_nano.a(lib_a-impure.o)
__sf_fake_stdin                                   /usr/lib/gcc/arm-none-eabi/10.3.1/../../../arm-none-eabi/lib/thumb/v7-m/nofp/libc_nano.a(lib_a-impure.o)
__sf_fake_stdout                                  /usr/lib/gcc/arm-none-eabi/10.3.1/../../../arm-none-eabi/lib/thumb/v7-m/nofp/libc_nano.a(lib_a-impure.o)
__stack                                           /usr/lib/gcc/arm-none-eabi/10.3.1/../../../arm-none-eabi/lib/thumb/v7-m/nofp/crt0.o
_ebss                                             build/startup_stm32f103xb.o
_edata                                            build/startup_stm32f103xb.o
_estack                                           build/startup_stm32f103xb.o
_exit                                             /usr/lib/gcc/arm-none-eabi/10.3.1/../../../arm-none-eabi/lib/thumb/v7-m/nofp/libnosys.a(_exit.o)
                                                  /usr/lib/gcc/arm-none-eabi/10.3.1/../../../arm-none-eabi/lib/thumb/v7-m/nofp/libc_nano.a(lib_a-exit.o)
_fini                                             /usr/lib/gcc/arm-none-eabi/10.3.1/thumb/v7-m/nofp/crti.o
                                                  /usr/lib/gcc/arm-none-eabi/10.3.1/../../../arm-none-eabi/lib/thumb/v7-m/nofp/libc_nano.a(lib_a-fini.o)
_global_atexit                                    /usr/lib/gcc/arm-none-eabi/10.3.1/../../../arm-none-eabi/lib/thumb/v7-m/nofp/libc_nano.a(lib_a-__call_atexit.o)
                                                  /usr/lib/gcc/arm-none-eabi/10.3.1/../../../arm-none-eabi/lib/thumb/v7-m/nofp/libc_nano.a(lib_a-__atexit.o)
_global_impure_ptr                                /usr/lib/gcc/arm-none-eabi/10.3.1/../../../arm-none-eabi/lib/thumb/v7-m/nofp/libc_nano.a(lib_a-impure.o)
                                                  /usr/lib/gcc/arm-none-eabi/10.3.1/../../../arm-none-eabi/lib/thumb/v7-m/nofp/libc_nano.a(lib_a-exit.o)
_impure_ptr                                       /usr/lib/gcc/arm-none-eabi/10.3.1/../../../arm-none-eabi/lib/thumb/v7-m/nofp/libc_nano.a(lib_a-impure.o)
_init                                             /usr/lib/gcc/arm-none-eabi/10.3.1/thumb/v7-m/nofp/crti.o
                                                  /usr/lib/gcc/arm-none-eabi/10.3.1/../../../arm-none-eabi/lib/thumb/v7-m/nofp/libc_nano.a(lib_a-init.o)
_mainCRTStartup                                   /usr/lib/gcc/arm-none-eabi/10.3.1/../../../arm-none-eabi/lib/thumb/v7-m/nofp/crt0.o
_sbss                                             build/startup_stm32f103xb.o
_sdata                                            build/startup_stm32f103xb.o
_sidata                                           build/startup_stm32f103xb.o
_stack_init                                       /usr/lib/gcc/arm-none-eabi/10.3.1/../../../arm-none-eabi/lib/thumb/v7-m/nofp/crt0.o
_start                                            /usr/lib/gcc/arm-none-eabi/10.3.1/../../../arm-none-eabi/lib/thumb/v7-m/nofp/crt0.o
atexit                                            /usr/lib/gcc/arm-none-eabi/10.3.1/../../../arm-none-eabi/lib/thumb/v7-m/nofp/libc_nano.a(lib_a-atexit.o)
                                                  /usr/lib/gcc/arm-none-eabi/10.3.1/../../../arm-none-eabi/lib/thumb/v7-m/nofp/crt0.o
buffer_pop                                        build/buffer.o
                                                  build/message.o
                                                  build/main.o
buffer_push                                       build/buffer.o
                                                  build/main.o
buffer_to_message                                 build/message.o
                                                  build/main.o
cal_checksum                                      build/message.o
                                                  build/main.o
check_checksum                                    build/message.o
                                                  build/main.o
curr_event                                        build/main.o
d_timer_30ms                                      build/main.o
digit                                             build/main.o
event                                             build/main.o
event_buffer                                      build/main.o
exit                                              /usr/lib/gcc/arm-none-eabi/10.3.1/../../../arm-none-eabi/lib/thumb/v7-m/nofp/libc_nano.a(lib_a-exit.o)
                                                  /usr/lib/gcc/arm-none-eabi/10.3.1/../../../arm-none-eabi/lib/thumb/v7-m/nofp/crt0.o
f_busy                                            build/main.o
f_timer_10ms                                      build/main.o
f_timer_30ms                                      build/main.o
g_pfnVectors                                      build/startup_stm32f103xb.o
hardware_init_hook                                /usr/lib/gcc/arm-none-eabi/10.3.1/../../../arm-none-eabi/lib/thumb/v7-m/nofp/crt0.o
htim1                                             build/tim.o
                                                  build/stm32f1xx_it.o
                                                  build/main.o
huart1                                            build/usart.o
                                                  build/stm32f1xx_it.o
                                                  build/main.o
key_read_task                                     build/main.o
key_value                                         build/main.o
main                                              build/main.o
                                                  build/startup_stm32f103xb.o
                                                  /usr/lib/gcc/arm-none-eabi/10.3.1/../../../arm-none-eabi/lib/thumb/v7-m/nofp/crt0.o
main_task                                         build/main.o
malloc                                            /usr/lib/gcc/arm-none-eabi/10.3.1/../../../arm-none-eabi/lib/thumb/v7-m/nofp/libc_nano.a(lib_a-__atexit.o)
memset                                            /usr/lib/gcc/arm-none-eabi/10.3.1/../../../arm-none-eabi/lib/thumb/v7-m/nofp/libc_nano.a(lib_a-memset.o)
                                                  build/main.o
                                                  /usr/lib/gcc/arm-none-eabi/10.3.1/../../../arm-none-eabi/lib/thumb/v7-m/nofp/crt0.o
pFlash                                            build/stm32f1xx_hal_flash.o
                                                  build/stm32f1xx_hal_flash_ex.o
read_res                                          build/main.o
rx_buffer                                         build/main.o
rx_temp                                           build/main.o
seven_segment_display                             build/main.o
seven_segment_table                               build/main.o
software_init_hook                                /usr/lib/gcc/arm-none-eabi/10.3.1/../../../arm-none-eabi/lib/thumb/v7-m/nofp/crt0.o
start_cmd                                         build/main.o
state                                             build/main.o
stop_cmd                                          build/main.o
task_timer                                        build/main.o
transmission_f                                    build/main.o
uwTick                                            build/stm32f1xx_hal.o
uwTickFreq                                        build/stm32f1xx_hal.o
uwTickPrio                                        build/stm32f1xx_hal.o
                                                  build/stm32f1xx_hal_rcc.o
