Archive member included to satisfy reference by file (symbol)

/usr/lib64/gcc/arm-none-eabi/11/../../../../arm-none-eabi/lib/thumb/v7-m/nofp/libc_nano.a(lib_a-atexit.o)
                              /usr/lib64/gcc/arm-none-eabi/11/../../../../arm-none-eabi/lib/thumb/v7-m/nofp/crt0.o (atexit)
/usr/lib64/gcc/arm-none-eabi/11/../../../../arm-none-eabi/lib/thumb/v7-m/nofp/libc_nano.a(lib_a-exit.o)
                              /usr/lib64/gcc/arm-none-eabi/11/../../../../arm-none-eabi/lib/thumb/v7-m/nofp/crt0.o (exit)
/usr/lib64/gcc/arm-none-eabi/11/../../../../arm-none-eabi/lib/thumb/v7-m/nofp/libc_nano.a(lib_a-fini.o)
                              /usr/lib64/gcc/arm-none-eabi/11/../../../../arm-none-eabi/lib/thumb/v7-m/nofp/crt0.o (__libc_fini_array)
/usr/lib64/gcc/arm-none-eabi/11/../../../../arm-none-eabi/lib/thumb/v7-m/nofp/libc_nano.a(lib_a-impure.o)
                              /usr/lib64/gcc/arm-none-eabi/11/../../../../arm-none-eabi/lib/thumb/v7-m/nofp/libc_nano.a(lib_a-exit.o) (_global_impure_ptr)
/usr/lib64/gcc/arm-none-eabi/11/../../../../arm-none-eabi/lib/thumb/v7-m/nofp/libc_nano.a(lib_a-init.o)
                              /usr/lib64/gcc/arm-none-eabi/11/../../../../arm-none-eabi/lib/thumb/v7-m/nofp/crt0.o (__libc_init_array)
/usr/lib64/gcc/arm-none-eabi/11/../../../../arm-none-eabi/lib/thumb/v7-m/nofp/libc_nano.a(lib_a-memset.o)
                              /usr/lib64/gcc/arm-none-eabi/11/../../../../arm-none-eabi/lib/thumb/v7-m/nofp/crt0.o (memset)
/usr/lib64/gcc/arm-none-eabi/11/../../../../arm-none-eabi/lib/thumb/v7-m/nofp/libc_nano.a(lib_a-__atexit.o)
                              /usr/lib64/gcc/arm-none-eabi/11/../../../../arm-none-eabi/lib/thumb/v7-m/nofp/libc_nano.a(lib_a-atexit.o) (__register_exitproc)
/usr/lib64/gcc/arm-none-eabi/11/../../../../arm-none-eabi/lib/thumb/v7-m/nofp/libc_nano.a(lib_a-__call_atexit.o)
                              /usr/lib64/gcc/arm-none-eabi/11/../../../../arm-none-eabi/lib/thumb/v7-m/nofp/libc_nano.a(lib_a-__atexit.o) (__call_exitprocs)
/usr/lib64/gcc/arm-none-eabi/11/../../../../arm-none-eabi/lib/thumb/v7-m/nofp/libnosys.a(_exit.o)
                              /usr/lib64/gcc/arm-none-eabi/11/../../../../arm-none-eabi/lib/thumb/v7-m/nofp/libc_nano.a(lib_a-exit.o) (_exit)
/usr/lib64/gcc/arm-none-eabi/11/../../../../arm-none-eabi/lib/thumb/v7-m/nofp/libc.a(lib_a-syscalls.o)
                              /usr/lib64/gcc/arm-none-eabi/11/../../../../arm-none-eabi/lib/thumb/v7-m/nofp/crt0.o (initialise_monitor_handles)
/usr/lib64/gcc/arm-none-eabi/11/../../../../arm-none-eabi/lib/thumb/v7-m/nofp/libc.a(lib_a-errno.o)
                              /usr/lib64/gcc/arm-none-eabi/11/../../../../arm-none-eabi/lib/thumb/v7-m/nofp/libc.a(lib_a-syscalls.o) (__errno)
/usr/lib64/gcc/arm-none-eabi/11/../../../../arm-none-eabi/lib/thumb/v7-m/nofp/libc.a(lib_a-findfp.o)
                              /usr/lib64/gcc/arm-none-eabi/11/../../../../arm-none-eabi/lib/thumb/v7-m/nofp/libc.a(lib_a-syscalls.o) (__sinit)
/usr/lib64/gcc/arm-none-eabi/11/../../../../arm-none-eabi/lib/thumb/v7-m/nofp/libc.a(lib_a-fwalk.o)
                              /usr/lib64/gcc/arm-none-eabi/11/../../../../arm-none-eabi/lib/thumb/v7-m/nofp/libc.a(lib_a-findfp.o) (_fwalk)
/usr/lib64/gcc/arm-none-eabi/11/../../../../arm-none-eabi/lib/thumb/v7-m/nofp/libc.a(lib_a-mallocr.o)
                              /usr/lib64/gcc/arm-none-eabi/11/../../../../arm-none-eabi/lib/thumb/v7-m/nofp/libc.a(lib_a-findfp.o) (_malloc_r)
/usr/lib64/gcc/arm-none-eabi/11/../../../../arm-none-eabi/lib/thumb/v7-m/nofp/libc.a(lib_a-mlock.o)
                              /usr/lib64/gcc/arm-none-eabi/11/../../../../arm-none-eabi/lib/thumb/v7-m/nofp/libc.a(lib_a-mallocr.o) (__malloc_lock)
/usr/lib64/gcc/arm-none-eabi/11/../../../../arm-none-eabi/lib/thumb/v7-m/nofp/libc.a(lib_a-sbrkr.o)
                              /usr/lib64/gcc/arm-none-eabi/11/../../../../arm-none-eabi/lib/thumb/v7-m/nofp/libc.a(lib_a-mallocr.o) (_sbrk_r)
/usr/lib64/gcc/arm-none-eabi/11/../../../../arm-none-eabi/lib/thumb/v7-m/nofp/libc.a(lib_a-stdio.o)
                              /usr/lib64/gcc/arm-none-eabi/11/../../../../arm-none-eabi/lib/thumb/v7-m/nofp/libc.a(lib_a-findfp.o) (__sread)
/usr/lib64/gcc/arm-none-eabi/11/../../../../arm-none-eabi/lib/thumb/v7-m/nofp/libc.a(lib_a-strlen-stub.o)
                              /usr/lib64/gcc/arm-none-eabi/11/../../../../arm-none-eabi/lib/thumb/v7-m/nofp/libc.a(lib_a-syscalls.o) (strlen)
/usr/lib64/gcc/arm-none-eabi/11/../../../../arm-none-eabi/lib/thumb/v7-m/nofp/libc.a(lib_a-writer.o)
                              /usr/lib64/gcc/arm-none-eabi/11/../../../../arm-none-eabi/lib/thumb/v7-m/nofp/libc.a(lib_a-stdio.o) (_write_r)
/usr/lib64/gcc/arm-none-eabi/11/../../../../arm-none-eabi/lib/thumb/v7-m/nofp/libc.a(lib_a-closer.o)
                              /usr/lib64/gcc/arm-none-eabi/11/../../../../arm-none-eabi/lib/thumb/v7-m/nofp/libc.a(lib_a-stdio.o) (_close_r)
[...]
Memory Configuration

Name             Origin             Length             Attributes
RAM              0x0000000020000000 0x0000000000005000 xrw
FLASH            0x0000000008000000 0x0000000000010000 xr
*default*        0x0000000000000000 0xffffffffffffffff

Linker script and memory map

LOAD /usr/lib64/gcc/arm-none-eabi/11/thumb/v7-m/nofp/crti.o
LOAD /usr/lib64/gcc/arm-none-eabi/11/thumb/v7-m/nofp/crtbegin.o
LOAD /usr/lib64/gcc/arm-none-eabi/11/../../../../arm-none-eabi/lib/thumb/v7-m/nofp/crt0.o
LOAD build/main.o
LOAD build/gpio.o
LOAD build/tim.o
LOAD build/buffer.o
LOAD build/message.o
LOAD build/usart.o
LOAD build/stm32f1xx_it.o
LOAD build/stm32f1xx_hal_msp.o
LOAD build/stm32f1xx_hal_gpio_ex.o
LOAD build/stm32f1xx_hal_tim.o
LOAD build/stm32f1xx_hal_tim_ex.o
LOAD build/stm32f1xx_hal.o
LOAD build/stm32f1xx_hal_rcc.o
LOAD build/stm32f1xx_hal_rcc_ex.o
LOAD build/stm32f1xx_hal_gpio.o
LOAD build/stm32f1xx_hal_dma.o
LOAD build/stm32f1xx_hal_cortex.o
LOAD build/stm32f1xx_hal_pwr.o
LOAD build/stm32f1xx_hal_flash.o
LOAD build/stm32f1xx_hal_flash_ex.o
LOAD build/stm32f1xx_hal_exti.o
LOAD build/stm32f1xx_hal_uart.o
LOAD build/system_stm32f1xx.o
LOAD build/startup_stm32f103xb.o
LOAD /usr/lib64/gcc/arm-none-eabi/11/../../../../arm-none-eabi/lib/thumb/v7-m/nofp/libc_nano.a
LOAD /usr/lib64/gcc/arm-none-eabi/11/../../../../arm-none-eabi/lib/thumb/v7-m/nofp/libm.a
LOAD /usr/lib64/gcc/arm-none-eabi/11/../../../../arm-none-eabi/lib/thumb/v7-m/nofp/libnosys.a
START GROUP
LOAD /usr/lib64/gcc/arm-none-eabi/11/thumb/v7-m/nofp/libgcc.a
LOAD /usr/lib64/gcc/arm-none-eabi/11/../../../../arm-none-eabi/lib/thumb/v7-m/nofp/libc_nano.a
END GROUP
START GROUP
LOAD /usr/lib64/gcc/arm-none-eabi/11/thumb/v7-m/nofp/libgcc.a
LOAD /usr/lib64/gcc/arm-none-eabi/11/../../../../arm-none-eabi/lib/thumb/v7-m/nofp/libc_nano.a
END GROUP
LOAD /usr/lib64/gcc/arm-none-eabi/11/thumb/v7-m/nofp/crtend.o
LOAD /usr/lib64/gcc/arm-none-eabi/11/thumb/v7-m/nofp/crtn.o
                0x0000000020005000                _estack = (ORIGIN (RAM) + LENGTH (RAM))
                0x0000000000000200                _Min_Heap_Size = 0x200
                0x0000000000000400                _Min_Stack_Size = 0x400

.isr_vector     0x0000000008000000      0x10c
                0x0000000008000000                . = ALIGN (0x4)
 *(.isr_vector)
 .isr_vector    0x0000000008000000      0x10c build/startup_stm32f103xb.o
                0x0000000008000000                g_pfnVectors
                0x000000000800010c                . = ALIGN (0x4)

.text           0x000000000800010c     0x1e84
                0x000000000800010c                . = ALIGN (0x4)
 *(.text)
 .text          0x000000000800010c       0x88 /usr/lib64/gcc/arm-none-eabi/11/thumb/v7-m/nofp/crtbegin.o
 .text          0x0000000008000194       0x48 /usr/lib64/gcc/arm-none-eabi/11/../../../../arm-none-eabi/lib/thumb/v7-m/nofp/libc_nano.a(lib_a-init.o)
                0x0000000008000194                __libc_init_array
 .text          0x00000000080001dc       0x10 /usr/lib64/gcc/arm-none-eabi/11/../../../../arm-none-eabi/lib/thumb/v7-m/nofp/libc_nano.a(lib_a-memset.o)
                0x00000000080001dc                memset
 *(.text*)
 .text.task_timer
                0x00000000080001ec       0x58 build/main.o
                0x00000000080001ec                task_timer
 .text.seven_segment_display
                0x0000000008000244       0x10 build/main.o
                0x0000000008000244                seven_segment_display
 .text.key_read_task
                0x0000000008000254       0x58 build/main.o
                0x0000000008000254                key_read_task
 .text.RS485_RX_Task
                0x00000000080002ac       0x74 build/main.o
                0x00000000080002ac                RS485_RX_Task
 .text.RS485_Read_Message
                0x0000000008000320       0xa4 build/main.o
                0x0000000008000320                RS485_Read_Message
 .text.RS485_Send_Message
                0x00000000080003c4       0x4c build/main.o
                0x00000000080003c4                RS485_Send_Message
 .text.main_task
                0x0000000008000410      0x188 build/main.o
                0x0000000008000410                main_task
 .text.HAL_TIM_PeriodElapsedCallback
                0x0000000008000598       0x18 build/main.o
                0x0000000008000598                HAL_TIM_PeriodElapsedCallback
 .text.HAL_UART_RxCpltCallback
                0x00000000080005b0       0x2c build/main.o
                0x00000000080005b0                HAL_UART_RxCpltCallback
 .text.Error_Handler
                0x00000000080005dc        0x4 build/main.o
                0x00000000080005dc                Error_Handler
 .text.SystemClock_Config
                0x00000000080005e0       0x60 build/main.o
                0x00000000080005e0                SystemClock_Config
 .text.main     0x0000000008000640       0x84 build/main.o
                0x0000000008000640                main
 .text.MX_GPIO_Init
                0x00000000080006c4       0x8c build/gpio.o
                0x00000000080006c4                MX_GPIO_Init
 .text.MX_TIM1_Init
                0x0000000008000750       0x70 build/tim.o
                0x0000000008000750                MX_TIM1_Init
 .text.HAL_TIM_Base_MspInit
                0x00000000080007c0       0x40 build/tim.o
                0x00000000080007c0                HAL_TIM_Base_MspInit
 .text.buffer_push
                0x0000000008000800       0x1a build/buffer.o
                0x0000000008000800                buffer_push
 .text.buffer_pop
                0x000000000800081a       0x1c build/buffer.o
                0x000000000800081a                buffer_pop
 *fill*         0x0000000008000836        0x2 
 .text.MX_USART1_UART_Init
                0x0000000008000838       0x34 build/usart.o
                0x0000000008000838                MX_USART1_UART_Init
 .text.HAL_UART_MspInit
                0x000000000800086c       0x88 build/usart.o
                0x000000000800086c                HAL_UART_MspInit
 .text.NMI_Handler
                0x00000000080008f4        0x2 build/stm32f1xx_it.o
                0x00000000080008f4                NMI_Handler
 .text.HardFault_Handler
                0x00000000080008f6        0x2 build/stm32f1xx_it.o
                0x00000000080008f6                HardFault_Handler
 .text.MemManage_Handler
                0x00000000080008f8        0x2 build/stm32f1xx_it.o
                0x00000000080008f8                MemManage_Handler
 .text.BusFault_Handler
                0x00000000080008fa        0x2 build/stm32f1xx_it.o
                0x00000000080008fa                BusFault_Handler
 .text.UsageFault_Handler
                0x00000000080008fc        0x2 build/stm32f1xx_it.o
                0x00000000080008fc                UsageFault_Handler
 .text.SVC_Handler
                0x00000000080008fe        0x2 build/stm32f1xx_it.o
                0x00000000080008fe                SVC_Handler
 .text.DebugMon_Handler
                0x0000000008000900        0x2 build/stm32f1xx_it.o
                0x0000000008000900                DebugMon_Handler
 .text.PendSV_Handler
                0x0000000008000902        0x2 build/stm32f1xx_it.o
                0x0000000008000902                PendSV_Handler
 .text.SysTick_Handler
                0x0000000008000904        0x8 build/stm32f1xx_it.o
                0x0000000008000904                SysTick_Handler
 .text.TIM1_UP_IRQHandler
                0x000000000800090c       0x10 build/stm32f1xx_it.o
                0x000000000800090c                TIM1_UP_IRQHandler
 .text.USART1_IRQHandler
                0x000000000800091c       0x10 build/stm32f1xx_it.o
                0x000000000800091c                USART1_IRQHandler
 .text.HAL_MspInit
                0x000000000800092c       0x44 build/stm32f1xx_hal_msp.o
                0x000000000800092c                HAL_MspInit
 .text.TIM_TI1_ConfigInputStage
                0x0000000008000970       0x24 build/stm32f1xx_hal_tim.o
 .text.TIM_TI2_ConfigInputStage
                0x0000000008000994       0x26 build/stm32f1xx_hal_tim.o
 .text.TIM_ITRx_SetConfig
                0x00000000080009ba       0x10 build/stm32f1xx_hal_tim.o
 *fill*         0x00000000080009ca        0x2 
 .text.HAL_TIM_Base_Start_IT
                0x00000000080009cc       0x68 build/stm32f1xx_hal_tim.o
                0x00000000080009cc                HAL_TIM_Base_Start_IT
 .text.HAL_TIM_OC_DelayElapsedCallback
                0x0000000008000a34        0x2 build/stm32f1xx_hal_tim.o
                0x0000000008000a34                HAL_TIM_OC_DelayElapsedCallback
 .text.HAL_TIM_IC_CaptureCallback
                0x0000000008000a36        0x2 build/stm32f1xx_hal_tim.o
                0x0000000008000a36                HAL_TIM_IC_CaptureCallback
 .text.HAL_TIM_PWM_PulseFinishedCallback
                0x0000000008000a38        0x2 build/stm32f1xx_hal_tim.o
                0x0000000008000a38                HAL_TIM_PWM_PulseFinishedCallback
 .text.HAL_TIM_TriggerCallback
                0x0000000008000a3a        0x2 build/stm32f1xx_hal_tim.o
                0x0000000008000a3a                HAL_TIM_TriggerCallback
 .text.HAL_TIM_IRQHandler
                0x0000000008000a3c      0x17a build/stm32f1xx_hal_tim.o
                0x0000000008000a3c                HAL_TIM_IRQHandler
 *fill*         0x0000000008000bb6        0x2 
 .text.TIM_Base_SetConfig
                0x0000000008000bb8       0x74 build/stm32f1xx_hal_tim.o
                0x0000000008000bb8                TIM_Base_SetConfig
 .text.HAL_TIM_Base_Init
                0x0000000008000c2c       0x58 build/stm32f1xx_hal_tim.o
                0x0000000008000c2c                HAL_TIM_Base_Init
 .text.TIM_ETR_SetConfig
                0x0000000008000c84       0x18 build/stm32f1xx_hal_tim.o
                0x0000000008000c84                TIM_ETR_SetConfig
 .text.HAL_TIM_ConfigClockSource
                0x0000000008000c9c       0xda build/stm32f1xx_hal_tim.o
                0x0000000008000c9c                HAL_TIM_ConfigClockSource
 *fill*         0x0000000008000d76        0x2 
 .text.HAL_TIMEx_MasterConfigSynchronization
                0x0000000008000d78       0x6c build/stm32f1xx_hal_tim_ex.o
                0x0000000008000d78                HAL_TIMEx_MasterConfigSynchronization
 .text.HAL_TIMEx_CommutCallback
                0x0000000008000de4        0x2 build/stm32f1xx_hal_tim_ex.o
                0x0000000008000de4                HAL_TIMEx_CommutCallback
 .text.HAL_TIMEx_BreakCallback
                0x0000000008000de6        0x2 build/stm32f1xx_hal_tim_ex.o
                0x0000000008000de6                HAL_TIMEx_BreakCallback
 .text.HAL_InitTick
                0x0000000008000de8       0x4c build/stm32f1xx_hal.o
                0x0000000008000de8                HAL_InitTick
 .text.HAL_Init
                0x0000000008000e34       0x24 build/stm32f1xx_hal.o
                0x0000000008000e34                HAL_Init
 .text.HAL_IncTick
                0x0000000008000e58       0x18 build/stm32f1xx_hal.o
                0x0000000008000e58                HAL_IncTick
 .text.HAL_GetTick
                0x0000000008000e70        0xc build/stm32f1xx_hal.o
                0x0000000008000e70                HAL_GetTick
 .text.HAL_Delay
                0x0000000008000e7c       0x28 build/stm32f1xx_hal.o
                0x0000000008000e7c                HAL_Delay
 .text.RCC_Delay
                0x0000000008000ea4       0x2c build/stm32f1xx_hal_rcc.o
 .text.HAL_RCC_OscConfig
                0x0000000008000ed0      0x410 build/stm32f1xx_hal_rcc.o
                0x0000000008000ed0                HAL_RCC_OscConfig
 .text.HAL_RCC_GetSysClockFreq
                0x00000000080012e0       0x70 build/stm32f1xx_hal_rcc.o
                0x00000000080012e0                HAL_RCC_GetSysClockFreq
 .text.HAL_RCC_ClockConfig
                0x0000000008001350      0x16c build/stm32f1xx_hal_rcc.o
                0x0000000008001350                HAL_RCC_ClockConfig
 .text.HAL_RCC_GetHCLKFreq
                0x00000000080014bc        0xc build/stm32f1xx_hal_rcc.o
                0x00000000080014bc                HAL_RCC_GetHCLKFreq
 .text.HAL_RCC_GetPCLK1Freq
                0x00000000080014c8       0x20 build/stm32f1xx_hal_rcc.o
                0x00000000080014c8                HAL_RCC_GetPCLK1Freq
 .text.HAL_RCC_GetPCLK2Freq
                0x00000000080014e8       0x20 build/stm32f1xx_hal_rcc.o
                0x00000000080014e8                HAL_RCC_GetPCLK2Freq
 .text.HAL_GPIO_Init
                0x0000000008001508      0x224 build/stm32f1xx_hal_gpio.o
                0x0000000008001508                HAL_GPIO_Init
 .text.HAL_GPIO_WritePin
                0x000000000800172c        0xc build/stm32f1xx_hal_gpio.o
                0x000000000800172c                HAL_GPIO_WritePin
 .text.HAL_DMA_Abort
                0x0000000008001738       0x44 build/stm32f1xx_hal_dma.o
                0x0000000008001738                HAL_DMA_Abort
 .text.HAL_DMA_Abort_IT
                0x000000000800177c       0x98 build/stm32f1xx_hal_dma.o
                0x000000000800177c                HAL_DMA_Abort_IT
 .text.HAL_NVIC_SetPriorityGrouping
                0x0000000008001814       0x24 build/stm32f1xx_hal_cortex.o
                0x0000000008001814                HAL_NVIC_SetPriorityGrouping
 .text.HAL_NVIC_SetPriority
                0x0000000008001838       0x70 build/stm32f1xx_hal_cortex.o
                0x0000000008001838                HAL_NVIC_SetPriority
 .text.HAL_NVIC_EnableIRQ
                0x00000000080018a8       0x1c build/stm32f1xx_hal_cortex.o
                0x00000000080018a8                HAL_NVIC_EnableIRQ
 .text.HAL_SYSTICK_Config
                0x00000000080018c4       0x28 build/stm32f1xx_hal_cortex.o
                0x00000000080018c4                HAL_SYSTICK_Config
 .text.UART_EndRxTransfer
                0x00000000080018ec       0x32 build/stm32f1xx_hal_uart.o
 .text.UART_Transmit_IT
                0x000000000800191e       0x60 build/stm32f1xx_hal_uart.o
 *fill*         0x000000000800197e        0x2 
 .text.UART_SetConfig
                0x0000000008001980       0x94 build/stm32f1xx_hal_uart.o
 .text.UART_WaitOnFlagUntilTimeout
                0x0000000008001a14       0x68 build/stm32f1xx_hal_uart.o
 .text.HAL_UART_Init
                0x0000000008001a7c       0x5e build/stm32f1xx_hal_uart.o
                0x0000000008001a7c                HAL_UART_Init
 .text.HAL_UART_Transmit
                0x0000000008001ada       0xd8 build/stm32f1xx_hal_uart.o
                0x0000000008001ada                HAL_UART_Transmit
 .text.HAL_UART_TxCpltCallback
                0x0000000008001bb2        0x2 build/stm32f1xx_hal_uart.o
                0x0000000008001bb2                HAL_UART_TxCpltCallback
 .text.UART_EndTransmit_IT
                0x0000000008001bb4       0x1a build/stm32f1xx_hal_uart.o
 .text.HAL_UART_ErrorCallback
                0x0000000008001bce        0x2 build/stm32f1xx_hal_uart.o
                0x0000000008001bce                HAL_UART_ErrorCallback
 .text.UART_DMAAbortOnError
                0x0000000008001bd0       0x10 build/stm32f1xx_hal_uart.o
 .text.HAL_UARTEx_RxEventCallback
                0x0000000008001be0        0x2 build/stm32f1xx_hal_uart.o
                0x0000000008001be0                HAL_UARTEx_RxEventCallback
 .text.UART_Receive_IT
                0x0000000008001be2       0xd4 build/stm32f1xx_hal_uart.o
 *fill*         0x0000000008001cb6        0x2 
 .text.HAL_UART_IRQHandler
                0x0000000008001cb8      0x204 build/stm32f1xx_hal_uart.o
                0x0000000008001cb8                HAL_UART_IRQHandler
 .text.UART_Start_Receive_IT
                0x0000000008001ebc       0x36 build/stm32f1xx_hal_uart.o
                0x0000000008001ebc                UART_Start_Receive_IT
 .text.HAL_UART_Receive_IT
                0x0000000008001ef2       0x38 build/stm32f1xx_hal_uart.o
                0x0000000008001ef2                HAL_UART_Receive_IT
 .text.SystemInit
                0x0000000008001f2a        0x2 build/system_stm32f1xx.o
                0x0000000008001f2a                SystemInit
 .text.Reset_Handler
                0x0000000008001f2c       0x48 build/startup_stm32f103xb.o
                0x0000000008001f2c                Reset_Handler
 .text.Default_Handler
                0x0000000008001f74        0x2 build/startup_stm32f103xb.o
                0x0000000008001f74                RTC_Alarm_IRQHandler
                0x0000000008001f74                EXTI2_IRQHandler
                0x0000000008001f74                TIM1_CC_IRQHandler
                0x0000000008001f74                PVD_IRQHandler
                0x0000000008001f74                EXTI3_IRQHandler
                0x0000000008001f74                EXTI0_IRQHandler
                0x0000000008001f74                I2C2_EV_IRQHandler
                0x0000000008001f74                ADC1_2_IRQHandler
                0x0000000008001f74                SPI1_IRQHandler
                0x0000000008001f74                TAMPER_IRQHandler
                0x0000000008001f74                DMA1_Channel4_IRQHandler
                0x0000000008001f74                USART3_IRQHandler
                0x0000000008001f74                RTC_IRQHandler
                0x0000000008001f74                DMA1_Channel7_IRQHandler
                0x0000000008001f74                CAN1_RX1_IRQHandler
                0x0000000008001f74                TIM4_IRQHandler
                0x0000000008001f74                I2C1_EV_IRQHandler
                0x0000000008001f74                DMA1_Channel6_IRQHandler
                0x0000000008001f74                TIM3_IRQHandler
                0x0000000008001f74                RCC_IRQHandler
                0x0000000008001f74                TIM1_TRG_COM_IRQHandler
                0x0000000008001f74                DMA1_Channel1_IRQHandler
                0x0000000008001f74                Default_Handler
                0x0000000008001f74                EXTI15_10_IRQHandler
                0x0000000008001f74                EXTI9_5_IRQHandler
                0x0000000008001f74                SPI2_IRQHandler
                0x0000000008001f74                DMA1_Channel5_IRQHandler
                0x0000000008001f74                EXTI4_IRQHandler
                0x0000000008001f74                USB_LP_CAN1_RX0_IRQHandler
                0x0000000008001f74                USB_HP_CAN1_TX_IRQHandler
                0x0000000008001f74                DMA1_Channel3_IRQHandler
                0x0000000008001f74                WWDG_IRQHandler
                0x0000000008001f74                TIM2_IRQHandler
                0x0000000008001f74                TIM1_BRK_IRQHandler
                0x0000000008001f74                EXTI1_IRQHandler
                0x0000000008001f74                USART2_IRQHandler
                0x0000000008001f74                I2C2_ER_IRQHandler
                0x0000000008001f74                DMA1_Channel2_IRQHandler
                0x0000000008001f74                CAN1_SCE_IRQHandler
                0x0000000008001f74                FLASH_IRQHandler
                0x0000000008001f74                I2C1_ER_IRQHandler
                0x0000000008001f74                USBWakeUp_IRQHandler
 *(.glue_7)
 .glue_7        0x0000000008001f76        0x0 linker stubs
 *(.glue_7t)
 .glue_7t       0x0000000008001f76        0x0 linker stubs
 *(.eh_frame)
 *fill*         0x0000000008001f76        0x2 
 .eh_frame      0x0000000008001f78        0x0 /usr/lib64/gcc/arm-none-eabi/11/thumb/v7-m/nofp/crtbegin.o
 *(.init)
 .init          0x0000000008001f78        0x4 /usr/lib64/gcc/arm-none-eabi/11/thumb/v7-m/nofp/crti.o
                0x0000000008001f78                _init
 .init          0x0000000008001f7c        0x8 /usr/lib64/gcc/arm-none-eabi/11/thumb/v7-m/nofp/crtn.o
 *(.fini)
 .fini          0x0000000008001f84        0x4 /usr/lib64/gcc/arm-none-eabi/11/thumb/v7-m/nofp/crti.o
                0x0000000008001f84                _fini
 .fini          0x0000000008001f88        0x8 /usr/lib64/gcc/arm-none-eabi/11/thumb/v7-m/nofp/crtn.o
                0x0000000008001f90                . = ALIGN (0x4)
                0x0000000008001f90                _etext = .

.vfp11_veneer   0x0000000008001f90        0x0
 .vfp11_veneer  0x0000000008001f90        0x0 linker stubs

.v4_bx          0x0000000008001f90        0x0
 .v4_bx         0x0000000008001f90        0x0 linker stubs

.iplt           0x0000000008001f90        0x0
 .iplt          0x0000000008001f90        0x0 /usr/lib64/gcc/arm-none-eabi/11/thumb/v7-m/nofp/crtbegin.o

.rodata         0x0000000008001f90       0x2c
                0x0000000008001f90                . = ALIGN (0x4)
 *(.rodata)
 *(.rodata*)
 .rodata.HAL_RCC_GetSysClockFreq.str1.4
                0x0000000008001f90       0x11 build/stm32f1xx_hal_rcc.o
 *fill*         0x0000000008001fa1        0x3 
 .rodata.AHBPrescTable
                0x0000000008001fa4       0x10 build/system_stm32f1xx.o
                0x0000000008001fa4                AHBPrescTable
 .rodata.APBPrescTable
                0x0000000008001fb4        0x8 build/system_stm32f1xx.o
                0x0000000008001fb4                APBPrescTable
                0x0000000008001fbc                . = ALIGN (0x4)

.rel.dyn        0x0000000008001fbc        0x0
 .rel.iplt      0x0000000008001fbc        0x0 /usr/lib64/gcc/arm-none-eabi/11/thumb/v7-m/nofp/crtbegin.o

.ARM.extab
 *(.ARM.extab* .gnu.linkonce.armextab.*)

.ARM            0x0000000008001fbc        0x0
                0x0000000008001fbc                __exidx_start = .
 *(.ARM.exidx*)
                0x0000000008001fbc                __exidx_end = .

.preinit_array  0x0000000008001fbc        0x0
                0x0000000008001fbc                PROVIDE (__preinit_array_start = .)
 *(.preinit_array*)
                0x0000000008001fbc                PROVIDE (__preinit_array_end = .)

.init_array     0x0000000008001fbc        0x4
                0x0000000008001fbc                PROVIDE (__init_array_start = .)
 *(SORT_BY_NAME(.init_array.*))
 *(.init_array*)
 .init_array    0x0000000008001fbc        0x4 /usr/lib64/gcc/arm-none-eabi/11/thumb/v7-m/nofp/crtbegin.o
                0x0000000008001fc0                PROVIDE (__init_array_end = .)

.fini_array     0x0000000008001fc0        0x4
                0x0000000008001fc0                PROVIDE (__fini_array_start = .)
 *(SORT_BY_NAME(.fini_array.*))
 *(.fini_array*)
 .fini_array    0x0000000008001fc0        0x4 /usr/lib64/gcc/arm-none-eabi/11/thumb/v7-m/nofp/crtbegin.o
                0x0000000008001fc4                PROVIDE (__fini_array_end = .)
                0x0000000008001fc4                _sidata = LOADADDR (.data)

.data           0x0000000020000000       0x1c load address 0x0000000008001fc4
                0x0000000020000000                . = ALIGN (0x4)
                0x0000000020000000                _sdata = .
 *(.data)
 *(.data*)
 .data.seven_segment_table
                0x0000000020000000       0x11 build/main.o
                0x0000000020000000                seven_segment_table
 .data.uwTickFreq
                0x0000000020000011        0x1 build/stm32f1xx_hal.o
                0x0000000020000011                uwTickFreq
 *fill*         0x0000000020000012        0x2 
 .data.uwTickPrio
                0x0000000020000014        0x4 build/stm32f1xx_hal.o
                0x0000000020000014                uwTickPrio
 .data.SystemCoreClock
                0x0000000020000018        0x4 build/system_stm32f1xx.o
                0x0000000020000018                SystemCoreClock
                0x000000002000001c                . = ALIGN (0x4)
                0x000000002000001c                _edata = .

.tm_clone_table
                0x000000002000001c        0x0 load address 0x0000000008001fe0
 .tm_clone_table
                0x000000002000001c        0x0 /usr/lib64/gcc/arm-none-eabi/11/thumb/v7-m/nofp/crtbegin.o
 .tm_clone_table
                0x000000002000001c        0x0 /usr/lib64/gcc/arm-none-eabi/11/thumb/v7-m/nofp/crtend.o

.igot.plt       0x000000002000001c        0x0 load address 0x0000000008001fe0
 .igot.plt      0x000000002000001c        0x0 /usr/lib64/gcc/arm-none-eabi/11/thumb/v7-m/nofp/crtbegin.o
                0x000000002000001c                . = ALIGN (0x4)

.bss            0x000000002000001c      0x160 load address 0x0000000008001fe0
                0x000000002000001c                _sbss = .
                0x000000002000001c                __bss_start__ = _sbss
 *(.bss)
 .bss           0x000000002000001c       0x1c /usr/lib64/gcc/arm-none-eabi/11/thumb/v7-m/nofp/crtbegin.o
 *(.bss*)
 .bss.ID        0x0000000020000038        0x1 build/main.o
                0x0000000020000038                ID
 *fill*         0x0000000020000039        0x3 
 .bss.RX_msg    0x000000002000003c        0x4 build/main.o
                0x000000002000003c                RX_msg
 .bss.TX_msg    0x0000000020000040        0x6 build/main.o
                0x0000000020000040                TX_msg
 .bss.d_timer_30ms
                0x0000000020000046        0x1 build/main.o
                0x0000000020000046                d_timer_30ms
 .bss.d_timer_digit_update
                0x0000000020000047        0x1 build/main.o
                0x0000000020000047                d_timer_digit_update
 .bss.digit     0x0000000020000048        0x4 build/main.o
                0x0000000020000048                digit
 .bss.event     0x000000002000004c        0x1 build/main.o
                0x000000002000004c                event
 *fill*         0x000000002000004d        0x3 
 .bss.event_buffer
                0x0000000020000050       0x42 build/main.o
                0x0000000020000050                event_buffer
 .bss.f_read_msg
                0x0000000020000092        0x1 build/main.o
                0x0000000020000092                f_read_msg
 .bss.f_start_counting
                0x0000000020000093        0x1 build/main.o
                0x0000000020000093                f_start_counting
 .bss.f_timer_10ms
                0x0000000020000094        0x1 build/main.o
                0x0000000020000094                f_timer_10ms
 .bss.f_timer_30ms
                0x0000000020000095        0x1 build/main.o
                0x0000000020000095                f_timer_30ms
 .bss.f_timer_digit_update
                0x0000000020000096        0x1 build/main.o
                0x0000000020000096                f_timer_digit_update
 .bss.key_value
                0x0000000020000097        0x1 build/main.o
                0x0000000020000097                key_value
 .bss.max_digit
                0x0000000020000098        0x1 build/main.o
                0x0000000020000098                max_digit
 .bss.min_digit
                0x0000000020000099        0x1 build/main.o
                0x0000000020000099                min_digit
 *fill*         0x000000002000009a        0x2 
 .bss.pRX_msg   0x000000002000009c        0x4 build/main.o
                0x000000002000009c                pRX_msg
 .bss.pTX_msg   0x00000000200000a0        0x4 build/main.o
                0x00000000200000a0                pTX_msg
 .bss.rx_buffer
                0x00000000200000a4       0x42 build/main.o
                0x00000000200000a4                rx_buffer
 .bss.rx_temp   0x00000000200000e6        0x1 build/main.o
                0x00000000200000e6                rx_temp
 .bss.state     0x00000000200000e7        0x1 build/main.o
                0x00000000200000e7                state
 .bss.unique_id
                0x00000000200000e8        0x4 build/main.o
                0x00000000200000e8                unique_id
 .bss.htim1     0x00000000200000ec       0x48 build/tim.o
                0x00000000200000ec                htim1
 .bss.huart1    0x0000000020000134       0x44 build/usart.o
                0x0000000020000134                huart1
 .bss.uwTick    0x0000000020000178        0x4 build/stm32f1xx_hal.o
                0x0000000020000178                uwTick
 *(COMMON)
                0x000000002000017c                . = ALIGN (0x4)
                0x000000002000017c                _ebss = .
                0x000000002000017c                __bss_end__ = _ebss

._user_heap_stack
                0x000000002000017c      0x604 load address 0x0000000008001fe0
                0x0000000020000180                . = ALIGN (0x8)
 *fill*         0x000000002000017c        0x4 
                0x0000000020000180                PROVIDE (end = .)
                [!provide]                        PROVIDE (_end = .)
                0x0000000020000380                . = (. + _Min_Heap_Size)
 *fill*         0x0000000020000180      0x200 
                0x0000000020000780                . = (. + _Min_Stack_Size)
 *fill*         0x0000000020000380      0x400 
                0x0000000020000780                . = ALIGN (0x8)

/DISCARD/
 libc.a(*)
 libm.a(*)
 libgcc.a(*)

.ARM.attributes
                0x0000000000000000       0x29
 *(.ARM.attributes)
 .ARM.attributes
                0x0000000000000000       0x1d /usr/lib64/gcc/arm-none-eabi/11/thumb/v7-m/nofp/crti.o
 .ARM.attributes
                0x000000000000001d       0x2d /usr/lib64/gcc/arm-none-eabi/11/thumb/v7-m/nofp/crtbegin.o
 .ARM.attributes
                0x000000000000004a       0x2d build/main.o
 .ARM.attributes
                0x0000000000000077       0x2d build/gpio.o
 .ARM.attributes
                0x00000000000000a4       0x2d build/tim.o
 .ARM.attributes
                0x00000000000000d1       0x2d build/buffer.o
 .ARM.attributes
                0x00000000000000fe       0x2d build/usart.o
 .ARM.attributes
                0x000000000000012b       0x2d build/stm32f1xx_it.o
 .ARM.attributes
                0x0000000000000158       0x2d build/stm32f1xx_hal_msp.o
 .ARM.attributes
                0x0000000000000185       0x2d build/stm32f1xx_hal_tim.o
 .ARM.attributes
                0x00000000000001b2       0x2d build/stm32f1xx_hal_tim_ex.o
 .ARM.attributes
                0x00000000000001df       0x2d build/stm32f1xx_hal.o
 .ARM.attributes
                0x000000000000020c       0x2d build/stm32f1xx_hal_rcc.o
 .ARM.attributes
                0x0000000000000239       0x2d build/stm32f1xx_hal_gpio.o
 .ARM.attributes
                0x0000000000000266       0x2d build/stm32f1xx_hal_dma.o
 .ARM.attributes
                0x0000000000000293       0x2d build/stm32f1xx_hal_cortex.o
 .ARM.attributes
                0x00000000000002c0       0x2d build/stm32f1xx_hal_uart.o
 .ARM.attributes
                0x00000000000002ed       0x2d build/system_stm32f1xx.o
 .ARM.attributes
                0x000000000000031a       0x21 build/startup_stm32f103xb.o
 .ARM.attributes
                0x000000000000033b       0x2d /usr/lib64/gcc/arm-none-eabi/11/../../../../arm-none-eabi/lib/thumb/v7-m/nofp/libc_nano.a(lib_a-init.o)
 .ARM.attributes
                0x0000000000000368       0x2d /usr/lib64/gcc/arm-none-eabi/11/../../../../arm-none-eabi/lib/thumb/v7-m/nofp/libc_nano.a(lib_a-memset.o)
 .ARM.attributes
                0x0000000000000395       0x2d /usr/lib64/gcc/arm-none-eabi/11/thumb/v7-m/nofp/crtend.o
 .ARM.attributes
                0x00000000000003c2       0x1d /usr/lib64/gcc/arm-none-eabi/11/thumb/v7-m/nofp/crtn.o
OUTPUT(build/Rs-485.elf elf32-littlearm)
LOAD linker stubs
LOAD /usr/lib64/gcc/arm-none-eabi/11/../../../../arm-none-eabi/lib/thumb/v7-m/nofp/libc.a
LOAD /usr/lib64/gcc/arm-none-eabi/11/../../../../arm-none-eabi/lib/thumb/v7-m/nofp/libm.a
LOAD /usr/lib64/gcc/arm-none-eabi/11/thumb/v7-m/nofp/libgcc.a

.debug_info     0x0000000000000000     0xeb82
 .debug_info    0x0000000000000000     0x1498 build/main.o
 .debug_info    0x0000000000001498      0x37b build/gpio.o
 .debug_info    0x0000000000001813      0xb7c build/tim.o
 .debug_info    0x000000000000238f      0x166 build/buffer.o
 .debug_info    0x00000000000024f5      0xaf6 build/usart.o
 .debug_info    0x0000000000002feb      0xaa4 build/stm32f1xx_it.o
 .debug_info    0x0000000000003a8f      0x238 build/stm32f1xx_hal_msp.o
 .debug_info    0x0000000000003cc7     0x3e57 build/stm32f1xx_hal_tim.o
 .debug_info    0x0000000000007b1e     0x1c4f build/stm32f1xx_hal_tim_ex.o
 .debug_info    0x000000000000976d      0x880 build/stm32f1xx_hal.o
 .debug_info    0x0000000000009fed      0xb0c build/stm32f1xx_hal_rcc.o
 .debug_info    0x000000000000aaf9      0x6d7 build/stm32f1xx_hal_gpio.o
 .debug_info    0x000000000000b1d0      0x8b8 build/stm32f1xx_hal_dma.o
 .debug_info    0x000000000000ba88      0xe33 build/stm32f1xx_hal_cortex.o
 .debug_info    0x000000000000c8bb     0x1e4c build/stm32f1xx_hal_uart.o
 .debug_info    0x000000000000e707      0x26e build/system_stm32f1xx.o
 .debug_info    0x000000000000e975       0x22 build/startup_stm32f103xb.o
 .debug_info    0x000000000000e997      0x10b /usr/lib64/gcc/arm-none-eabi/11/../../../../arm-none-eabi/lib/thumb/v7-m/nofp/libc_nano.a(lib_a-init.o)
 .debug_info    0x000000000000eaa2       0xe0 /usr/lib64/gcc/arm-none-eabi/11/../../../../arm-none-eabi/lib/thumb/v7-m/nofp/libc_nano.a(lib_a-memset.o)

.debug_abbrev   0x0000000000000000     0x23e0
 .debug_abbrev  0x0000000000000000      0x341 build/main.o
 .debug_abbrev  0x0000000000000341      0x14e build/gpio.o
 .debug_abbrev  0x000000000000048f      0x22a build/tim.o
 .debug_abbrev  0x00000000000006b9       0xe9 build/buffer.o
 .debug_abbrev  0x00000000000007a2      0x214 build/usart.o
 .debug_abbrev  0x00000000000009b6      0x190 build/stm32f1xx_it.o
 .debug_abbrev  0x0000000000000b46       0xe7 build/stm32f1xx_hal_msp.o
 .debug_abbrev  0x0000000000000c2d      0x2b6 build/stm32f1xx_hal_tim.o
 .debug_abbrev  0x0000000000000ee3      0x2b0 build/stm32f1xx_hal_tim_ex.o
 .debug_abbrev  0x0000000000001193      0x232 build/stm32f1xx_hal.o
 .debug_abbrev  0x00000000000013c5      0x2b8 build/stm32f1xx_hal_rcc.o
 .debug_abbrev  0x000000000000167d      0x222 build/stm32f1xx_hal_gpio.o
 .debug_abbrev  0x000000000000189f      0x261 build/stm32f1xx_hal_dma.o
 .debug_abbrev  0x0000000000001b00      0x348 build/stm32f1xx_hal_cortex.o
 .debug_abbrev  0x0000000000001e48      0x2df build/stm32f1xx_hal_uart.o
 .debug_abbrev  0x0000000000002127      0x140 build/system_stm32f1xx.o
 .debug_abbrev  0x0000000000002267       0x12 build/startup_stm32f103xb.o
 .debug_abbrev  0x0000000000002279       0xc9 /usr/lib64/gcc/arm-none-eabi/11/../../../../arm-none-eabi/lib/thumb/v7-m/nofp/libc_nano.a(lib_a-init.o)
 .debug_abbrev  0x0000000000002342       0x9e /usr/lib64/gcc/arm-none-eabi/11/../../../../arm-none-eabi/lib/thumb/v7-m/nofp/libc_nano.a(lib_a-memset.o)

.debug_loc      0x0000000000000000     0xbfe1
 .debug_loc     0x0000000000000000      0x2cb build/main.o
 .debug_loc     0x00000000000002cb       0x38 build/gpio.o
 .debug_loc     0x0000000000000303      0x103 build/tim.o
 .debug_loc     0x0000000000000406       0x63 build/buffer.o
 .debug_loc     0x0000000000000469      0x108 build/usart.o
 .debug_loc     0x0000000000000571       0x60 build/stm32f1xx_it.o
 .debug_loc     0x00000000000005d1       0x41 build/stm32f1xx_hal_msp.o
 .debug_loc     0x0000000000000612     0x5331 build/stm32f1xx_hal_tim.o
 .debug_loc     0x0000000000005943     0x1f68 build/stm32f1xx_hal_tim_ex.o
 .debug_loc     0x00000000000078ab      0x1e1 build/stm32f1xx_hal.o
 .debug_loc     0x0000000000007a8c      0x7ee build/stm32f1xx_hal_rcc.o
 .debug_loc     0x000000000000827a      0x53c build/stm32f1xx_hal_gpio.o
 .debug_loc     0x00000000000087b6      0x8fb build/stm32f1xx_hal_dma.o
 .debug_loc     0x00000000000090b1      0x80c build/stm32f1xx_hal_cortex.o
 .debug_loc     0x00000000000098bd     0x2625 build/stm32f1xx_hal_uart.o
 .debug_loc     0x000000000000bee2       0xff build/system_stm32f1xx.o

.debug_aranges  0x0000000000000000      0xc50
 .debug_aranges
                0x0000000000000000       0x78 build/main.o
 .debug_aranges
                0x0000000000000078       0x20 build/gpio.o
 .debug_aranges
                0x0000000000000098       0x30 build/tim.o
 .debug_aranges
                0x00000000000000c8       0x28 build/buffer.o
 .debug_aranges
                0x00000000000000f0       0x30 build/usart.o
 .debug_aranges
                0x0000000000000120       0x70 build/stm32f1xx_it.o
 .debug_aranges
                0x0000000000000190       0x20 build/stm32f1xx_hal_msp.o
 .debug_aranges
                0x00000000000001b0      0x3d0 build/stm32f1xx_hal_tim.o
 .debug_aranges
                0x0000000000000580      0x168 build/stm32f1xx_hal_tim_ex.o
 .debug_aranges
                0x00000000000006e8       0xe0 build/stm32f1xx_hal.o
 .debug_aranges
                0x00000000000007c8       0x90 build/stm32f1xx_hal_rcc.o
 .debug_aranges
                0x0000000000000858       0x58 build/stm32f1xx_hal_gpio.o
 .debug_aranges
                0x00000000000008b0       0x80 build/stm32f1xx_hal_dma.o
 .debug_aranges
                0x0000000000000930       0x90 build/stm32f1xx_hal_cortex.o
 .debug_aranges
                0x00000000000009c0      0x200 build/stm32f1xx_hal_uart.o
 .debug_aranges
                0x0000000000000bc0       0x28 build/system_stm32f1xx.o
 .debug_aranges
                0x0000000000000be8       0x28 build/startup_stm32f103xb.o
 .debug_aranges
                0x0000000000000c10       0x20 /usr/lib64/gcc/arm-none-eabi/11/../../../../arm-none-eabi/lib/thumb/v7-m/nofp/libc_nano.a(lib_a-init.o)
 .debug_aranges
                0x0000000000000c30       0x20 /usr/lib64/gcc/arm-none-eabi/11/../../../../arm-none-eabi/lib/thumb/v7-m/nofp/libc_nano.a(lib_a-memset.o)

.debug_ranges   0x0000000000000000      0xb88
 .debug_ranges  0x0000000000000000       0x68 build/main.o
 .debug_ranges  0x0000000000000068       0x10 build/gpio.o
 .debug_ranges  0x0000000000000078       0x20 build/tim.o
 .debug_ranges  0x0000000000000098       0x18 build/buffer.o
 .debug_ranges  0x00000000000000b0       0x20 build/usart.o
 .debug_ranges  0x00000000000000d0       0x60 build/stm32f1xx_it.o
 .debug_ranges  0x0000000000000130       0x10 build/stm32f1xx_hal_msp.o
 .debug_ranges  0x0000000000000140      0x3c0 build/stm32f1xx_hal_tim.o
 .debug_ranges  0x0000000000000500      0x158 build/stm32f1xx_hal_tim_ex.o
 .debug_ranges  0x0000000000000658       0xd0 build/stm32f1xx_hal.o
 .debug_ranges  0x0000000000000728       0xa0 build/stm32f1xx_hal_rcc.o
 .debug_ranges  0x00000000000007c8       0x48 build/stm32f1xx_hal_gpio.o
 .debug_ranges  0x0000000000000810       0x70 build/stm32f1xx_hal_dma.o
 .debug_ranges  0x0000000000000880       0xe0 build/stm32f1xx_hal_cortex.o
 .debug_ranges  0x0000000000000960      0x1f0 build/stm32f1xx_hal_uart.o
 .debug_ranges  0x0000000000000b50       0x18 build/system_stm32f1xx.o
 .debug_ranges  0x0000000000000b68       0x20 build/startup_stm32f103xb.o

.debug_line     0x0000000000000000     0xbd94
 .debug_line    0x0000000000000000      0x796 build/main.o
 .debug_line    0x0000000000000796      0x173 build/gpio.o
 .debug_line    0x0000000000000909      0x284 build/tim.o
 .debug_line    0x0000000000000b8d      0x10a build/buffer.o
 .debug_line    0x0000000000000c97      0x29a build/usart.o
 .debug_line    0x0000000000000f31      0x2a4 build/stm32f1xx_it.o
 .debug_line    0x00000000000011d5      0x104 build/stm32f1xx_hal_msp.o
 .debug_line    0x00000000000012d9     0x45db build/stm32f1xx_hal_tim.o
 .debug_line    0x00000000000058b4     0x1ae1 build/stm32f1xx_hal_tim_ex.o
 .debug_line    0x0000000000007395      0x4b6 build/stm32f1xx_hal.o
 .debug_line    0x000000000000784b      0xbac build/stm32f1xx_hal_rcc.o
 .debug_line    0x00000000000083f7      0x563 build/stm32f1xx_hal_gpio.o
 .debug_line    0x000000000000895a      0x9db build/stm32f1xx_hal_dma.o
 .debug_line    0x0000000000009335      0x5c0 build/stm32f1xx_hal_cortex.o
 .debug_line    0x00000000000098f5     0x2040 build/stm32f1xx_hal_uart.o
 .debug_line    0x000000000000b935      0x1ce build/system_stm32f1xx.o
 .debug_line    0x000000000000bb03       0x75 build/startup_stm32f103xb.o
 .debug_line    0x000000000000bb78      0x118 /usr/lib64/gcc/arm-none-eabi/11/../../../../arm-none-eabi/lib/thumb/v7-m/nofp/libc_nano.a(lib_a-init.o)
 .debug_line    0x000000000000bc90      0x104 /usr/lib64/gcc/arm-none-eabi/11/../../../../arm-none-eabi/lib/thumb/v7-m/nofp/libc_nano.a(lib_a-memset.o)

.debug_str      0x0000000000000000     0x39ed
 .debug_str     0x0000000000000000      0xc37 build/main.o
                                        0xd3d (size before relaxing)
 .debug_str     0x0000000000000c37       0x90 build/gpio.o
                                        0x28b (size before relaxing)
 .debug_str     0x0000000000000cc7      0x454 build/tim.o
                                        0xb35 (size before relaxing)
 .debug_str     0x000000000000111b       0x1b build/buffer.o
                                        0x1de (size before relaxing)
 .debug_str     0x0000000000001136       0x5e build/usart.o
                                        0x9c5 (size before relaxing)
 .debug_str     0x0000000000001194      0x100 build/stm32f1xx_it.o
                                        0x93e (size before relaxing)
 .debug_str     0x0000000000001294       0x57 build/stm32f1xx_hal_msp.o
                                        0x21f (size before relaxing)
 .debug_str     0x00000000000012eb      0xe7d build/stm32f1xx_hal_tim.o
                                       0x166e (size before relaxing)
 .debug_str     0x0000000000002168      0x4eb build/stm32f1xx_hal_tim_ex.o
                                        0xe8a (size before relaxing)
 .debug_str     0x0000000000002653      0x2ff build/stm32f1xx_hal.o
                                        0x82e (size before relaxing)
 .debug_str     0x0000000000002952      0x1fe build/stm32f1xx_hal_rcc.o
                                        0x62b (size before relaxing)
 .debug_str     0x0000000000002b50      0x104 build/stm32f1xx_hal_gpio.o
                                        0x400 (size before relaxing)
 .debug_str     0x0000000000002c54      0x20a build/stm32f1xx_hal_dma.o
                                        0x5fd (size before relaxing)
 .debug_str     0x0000000000002e5e      0x391 build/stm32f1xx_hal_cortex.o
                                        0x8d3 (size before relaxing)
 .debug_str     0x00000000000031ef      0x58a build/stm32f1xx_hal_uart.o
                                        0xc8e (size before relaxing)
 .debug_str     0x0000000000003779       0x4f build/system_stm32f1xx.o
                                        0x254 (size before relaxing)
 .debug_str     0x00000000000037c8       0x22 build/startup_stm32f103xb.o
                                         0x47 (size before relaxing)
 .debug_str     0x00000000000037ea      0x166 /usr/lib64/gcc/arm-none-eabi/11/../../../../arm-none-eabi/lib/thumb/v7-m/nofp/libc_nano.a(lib_a-init.o)
                                        0x1fb (size before relaxing)
 .debug_str     0x0000000000003950       0x9d /usr/lib64/gcc/arm-none-eabi/11/../../../../arm-none-eabi/lib/thumb/v7-m/nofp/libc_nano.a(lib_a-memset.o)
                                        0x19c (size before relaxing)

.comment        0x0000000000000000       0x6f
 .comment       0x0000000000000000       0x56 build/main.o
                                         0x57 (size before relaxing)
 .comment       0x0000000000000056       0x57 build/gpio.o
 .comment       0x0000000000000056       0x57 build/tim.o
 .comment       0x0000000000000056       0x57 build/buffer.o
 .comment       0x0000000000000056       0x57 build/usart.o
 .comment       0x0000000000000056       0x57 build/stm32f1xx_it.o
 .comment       0x0000000000000056       0x57 build/stm32f1xx_hal_msp.o
 .comment       0x0000000000000056       0x57 build/stm32f1xx_hal_tim.o
 .comment       0x0000000000000056       0x57 build/stm32f1xx_hal_tim_ex.o
 .comment       0x0000000000000056       0x57 build/stm32f1xx_hal.o
 .comment       0x0000000000000056       0x57 build/stm32f1xx_hal_rcc.o
 .comment       0x0000000000000056       0x57 build/stm32f1xx_hal_gpio.o
 .comment       0x0000000000000056       0x57 build/stm32f1xx_hal_dma.o
 .comment       0x0000000000000056       0x57 build/stm32f1xx_hal_cortex.o
 .comment       0x0000000000000056       0x57 build/stm32f1xx_hal_uart.o
 .comment       0x0000000000000056       0x57 build/system_stm32f1xx.o
 .comment       0x0000000000000056       0x19 /usr/lib64/gcc/arm-none-eabi/11/../../../../arm-none-eabi/lib/thumb/v7-m/nofp/libc_nano.a(lib_a-init.o)
                                         0x1a (size before relaxing)
 .comment       0x000000000000006f       0x1a /usr/lib64/gcc/arm-none-eabi/11/../../../../arm-none-eabi/lib/thumb/v7-m/nofp/libc_nano.a(lib_a-memset.o)

.debug_frame    0x0000000000000000     0x1f44
 .debug_frame   0x0000000000000000      0x11c build/main.o
 .debug_frame   0x000000000000011c       0x34 build/gpio.o
 .debug_frame   0x0000000000000150       0x64 build/tim.o
 .debug_frame   0x00000000000001b4       0x30 build/buffer.o
 .debug_frame   0x00000000000001e4       0x64 build/usart.o
 .debug_frame   0x0000000000000248       0xd8 build/stm32f1xx_it.o
 .debug_frame   0x0000000000000320       0x28 build/stm32f1xx_hal_msp.o
 .debug_frame   0x0000000000000348      0xb14 build/stm32f1xx_hal_tim.o
 .debug_frame   0x0000000000000e5c      0x40c build/stm32f1xx_hal_tim_ex.o
 .debug_frame   0x0000000000001268      0x1cc build/stm32f1xx_hal.o
 .debug_frame   0x0000000000001434      0x190 build/stm32f1xx_hal_rcc.o
 .debug_frame   0x00000000000015c4       0xe4 build/stm32f1xx_hal_gpio.o
 .debug_frame   0x00000000000016a8      0x144 build/stm32f1xx_hal_dma.o
 .debug_frame   0x00000000000017ec      0x118 build/stm32f1xx_hal_cortex.o
 .debug_frame   0x0000000000001904      0x5c4 build/stm32f1xx_hal_uart.o
 .debug_frame   0x0000000000001ec8       0x30 build/system_stm32f1xx.o
 .debug_frame   0x0000000000001ef8       0x2c /usr/lib64/gcc/arm-none-eabi/11/../../../../arm-none-eabi/lib/thumb/v7-m/nofp/libc_nano.a(lib_a-init.o)
 .debug_frame   0x0000000000001f24       0x20 /usr/lib64/gcc/arm-none-eabi/11/../../../../arm-none-eabi/lib/thumb/v7-m/nofp/libc_nano.a(lib_a-memset.o)

.debug_loclists
                0x0000000000000000       0x5d
 .debug_loclists
                0x0000000000000000       0x2a /usr/lib64/gcc/arm-none-eabi/11/../../../../arm-none-eabi/lib/thumb/v7-m/nofp/libc_nano.a(lib_a-init.o)
 .debug_loclists
                0x000000000000002a       0x33 /usr/lib64/gcc/arm-none-eabi/11/../../../../arm-none-eabi/lib/thumb/v7-m/nofp/libc_nano.a(lib_a-memset.o)

Cross Reference Table

Symbol                                            File
ADC1_2_IRQHandler                                 build/startup_stm32f103xb.o
AHBPrescTable                                     build/system_stm32f1xx.o
                                                  build/stm32f1xx_hal_rcc.o
APBPrescTable                                     build/system_stm32f1xx.o
                                                  build/stm32f1xx_hal_rcc.o
BusFault_Handler                                  build/stm32f1xx_it.o
CAN1_RX1_IRQHandler                               build/startup_stm32f103xb.o
CAN1_SCE_IRQHandler                               build/startup_stm32f103xb.o
DMA1_Channel1_IRQHandler                          build/startup_stm32f103xb.o
DMA1_Channel2_IRQHandler                          build/startup_stm32f103xb.o
DMA1_Channel3_IRQHandler                          build/startup_stm32f103xb.o
DMA1_Channel4_IRQHandler                          build/startup_stm32f103xb.o
DMA1_Channel5_IRQHandler                          build/startup_stm32f103xb.o
DMA1_Channel6_IRQHandler                          build/startup_stm32f103xb.o
DMA1_Channel7_IRQHandler                          build/startup_stm32f103xb.o
DebugMon_Handler                                  build/stm32f1xx_it.o
Default_Handler                                   build/startup_stm32f103xb.o
EXTI0_IRQHandler                                  build/startup_stm32f103xb.o
EXTI15_10_IRQHandler                              build/startup_stm32f103xb.o
EXTI1_IRQHandler                                  build/startup_stm32f103xb.o
EXTI2_IRQHandler                                  build/startup_stm32f103xb.o
EXTI3_IRQHandler                                  build/startup_stm32f103xb.o
EXTI4_IRQHandler                                  build/startup_stm32f103xb.o
EXTI9_5_IRQHandler                                build/startup_stm32f103xb.o
Error_Handler                                     build/main.o
                                                  build/usart.o
                                                  build/tim.o
FLASH_IRQHandler                                  build/startup_stm32f103xb.o
FLASH_PageErase                                   build/stm32f1xx_hal_flash_ex.o
                                                  build/stm32f1xx_hal_flash.o
FLASH_WaitForLastOperation                        build/stm32f1xx_hal_flash.o
                                                  build/stm32f1xx_hal_flash_ex.o
HAL_DBGMCU_DisableDBGSleepMode                    build/stm32f1xx_hal.o
HAL_DBGMCU_DisableDBGStandbyMode                  build/stm32f1xx_hal.o
HAL_DBGMCU_DisableDBGStopMode                     build/stm32f1xx_hal.o
HAL_DBGMCU_EnableDBGSleepMode                     build/stm32f1xx_hal.o
HAL_DBGMCU_EnableDBGStandbyMode                   build/stm32f1xx_hal.o
HAL_DBGMCU_EnableDBGStopMode                      build/stm32f1xx_hal.o
HAL_DMA_Abort                                     build/stm32f1xx_hal_dma.o
                                                  build/stm32f1xx_hal_uart.o
HAL_DMA_Abort_IT                                  build/stm32f1xx_hal_dma.o
                                                  build/stm32f1xx_hal_uart.o
                                                  build/stm32f1xx_hal_tim_ex.o
                                                  build/stm32f1xx_hal_tim.o
HAL_DMA_DeInit                                    build/stm32f1xx_hal_dma.o
HAL_DMA_GetError                                  build/stm32f1xx_hal_dma.o
                                                  build/stm32f1xx_hal_uart.o
HAL_DMA_GetState                                  build/stm32f1xx_hal_dma.o
HAL_DMA_IRQHandler                                build/stm32f1xx_hal_dma.o
HAL_DMA_Init                                      build/stm32f1xx_hal_dma.o
HAL_DMA_PollForTransfer                           build/stm32f1xx_hal_dma.o
HAL_DMA_RegisterCallback                          build/stm32f1xx_hal_dma.o
HAL_DMA_Start                                     build/stm32f1xx_hal_dma.o
HAL_DMA_Start_IT                                  build/stm32f1xx_hal_dma.o
                                                  build/stm32f1xx_hal_uart.o
                                                  build/stm32f1xx_hal_tim_ex.o
                                                  build/stm32f1xx_hal_tim.o
HAL_DMA_UnRegisterCallback                        build/stm32f1xx_hal_dma.o
HAL_DeInit                                        build/stm32f1xx_hal.o
HAL_Delay                                         build/stm32f1xx_hal.o
                                                  build/main.o
HAL_EXTI_ClearConfigLine                          build/stm32f1xx_hal_exti.o
HAL_EXTI_ClearPending                             build/stm32f1xx_hal_exti.o
HAL_EXTI_GenerateSWI                              build/stm32f1xx_hal_exti.o
HAL_EXTI_GetConfigLine                            build/stm32f1xx_hal_exti.o
HAL_EXTI_GetHandle                                build/stm32f1xx_hal_exti.o
HAL_EXTI_GetPending                               build/stm32f1xx_hal_exti.o
HAL_EXTI_IRQHandler                               build/stm32f1xx_hal_exti.o
HAL_EXTI_RegisterCallback                         build/stm32f1xx_hal_exti.o
HAL_EXTI_SetConfigLine                            build/stm32f1xx_hal_exti.o
HAL_FLASHEx_Erase                                 build/stm32f1xx_hal_flash_ex.o
HAL_FLASHEx_Erase_IT                              build/stm32f1xx_hal_flash_ex.o
HAL_FLASHEx_OBErase                               build/stm32f1xx_hal_flash_ex.o
HAL_FLASHEx_OBGetConfig                           build/stm32f1xx_hal_flash_ex.o
HAL_FLASHEx_OBGetUserData                         build/stm32f1xx_hal_flash_ex.o
HAL_FLASHEx_OBProgram                             build/stm32f1xx_hal_flash_ex.o
HAL_FLASH_EndOfOperationCallback                  build/stm32f1xx_hal_flash.o
HAL_FLASH_GetError                                build/stm32f1xx_hal_flash.o
HAL_FLASH_IRQHandler                              build/stm32f1xx_hal_flash.o
HAL_FLASH_Lock                                    build/stm32f1xx_hal_flash.o
HAL_FLASH_OB_Launch                               build/stm32f1xx_hal_flash.o
HAL_FLASH_OB_Lock                                 build/stm32f1xx_hal_flash.o
HAL_FLASH_OB_Unlock                               build/stm32f1xx_hal_flash.o
HAL_FLASH_OperationErrorCallback                  build/stm32f1xx_hal_flash.o
HAL_FLASH_Program                                 build/stm32f1xx_hal_flash.o
HAL_FLASH_Program_IT                              build/stm32f1xx_hal_flash.o
HAL_FLASH_Unlock                                  build/stm32f1xx_hal_flash.o
HAL_GPIOEx_ConfigEventout                         build/stm32f1xx_hal_gpio_ex.o
HAL_GPIOEx_DisableEventout                        build/stm32f1xx_hal_gpio_ex.o
HAL_GPIOEx_EnableEventout                         build/stm32f1xx_hal_gpio_ex.o
HAL_GPIO_DeInit                                   build/stm32f1xx_hal_gpio.o
                                                  build/usart.o
HAL_GPIO_EXTI_Callback                            build/stm32f1xx_hal_gpio.o
HAL_GPIO_EXTI_IRQHandler                          build/stm32f1xx_hal_gpio.o
HAL_GPIO_Init                                     build/stm32f1xx_hal_gpio.o
                                                  build/stm32f1xx_hal_rcc.o
                                                  build/usart.o
                                                  build/gpio.o
HAL_GPIO_LockPin                                  build/stm32f1xx_hal_gpio.o
HAL_GPIO_ReadPin                                  build/stm32f1xx_hal_gpio.o
HAL_GPIO_TogglePin                                build/stm32f1xx_hal_gpio.o
HAL_GPIO_WritePin                                 build/stm32f1xx_hal_gpio.o
                                                  build/gpio.o
                                                  build/main.o
HAL_GetDEVID                                      build/stm32f1xx_hal.o
HAL_GetHalVersion                                 build/stm32f1xx_hal.o
HAL_GetREVID                                      build/stm32f1xx_hal.o
HAL_GetTick                                       build/stm32f1xx_hal.o
                                                  build/stm32f1xx_hal_uart.o
                                                  build/stm32f1xx_hal_flash.o
                                                  build/stm32f1xx_hal_dma.o
                                                  build/stm32f1xx_hal_rcc_ex.o
                                                  build/stm32f1xx_hal_rcc.o
HAL_GetTickFreq                                   build/stm32f1xx_hal.o
HAL_GetTickPrio                                   build/stm32f1xx_hal.o
HAL_GetUIDw0                                      build/stm32f1xx_hal.o
HAL_GetUIDw1                                      build/stm32f1xx_hal.o
HAL_GetUIDw2                                      build/stm32f1xx_hal.o
HAL_HalfDuplex_EnableReceiver                     build/stm32f1xx_hal_uart.o
HAL_HalfDuplex_EnableTransmitter                  build/stm32f1xx_hal_uart.o
HAL_HalfDuplex_Init                               build/stm32f1xx_hal_uart.o
HAL_IncTick                                       build/stm32f1xx_hal.o
                                                  build/stm32f1xx_it.o
HAL_Init                                          build/stm32f1xx_hal.o
                                                  build/main.o
HAL_InitTick                                      build/stm32f1xx_hal.o
                                                  build/stm32f1xx_hal_rcc.o
HAL_LIN_Init                                      build/stm32f1xx_hal_uart.o
HAL_LIN_SendBreak                                 build/stm32f1xx_hal_uart.o
HAL_MspDeInit                                     build/stm32f1xx_hal.o
HAL_MspInit                                       build/stm32f1xx_hal_msp.o
HAL_MultiProcessor_EnterMuteMode                  build/stm32f1xx_hal_uart.o
HAL_MultiProcessor_ExitMuteMode                   build/stm32f1xx_hal_uart.o
HAL_MultiProcessor_Init                           build/stm32f1xx_hal_uart.o
HAL_NVIC_ClearPendingIRQ                          build/stm32f1xx_hal_cortex.o
HAL_NVIC_DisableIRQ                               build/stm32f1xx_hal_cortex.o
                                                  build/usart.o
                                                  build/tim.o
HAL_NVIC_EnableIRQ                                build/stm32f1xx_hal_cortex.o
                                                  build/usart.o
                                                  build/tim.o
HAL_NVIC_GetActive                                build/stm32f1xx_hal_cortex.o
HAL_NVIC_GetPendingIRQ                            build/stm32f1xx_hal_cortex.o
HAL_NVIC_GetPriority                              build/stm32f1xx_hal_cortex.o
HAL_NVIC_GetPriorityGrouping                      build/stm32f1xx_hal_cortex.o
HAL_NVIC_SetPendingIRQ                            build/stm32f1xx_hal_cortex.o
HAL_NVIC_SetPriority                              build/stm32f1xx_hal_cortex.o
                                                  build/stm32f1xx_hal.o
                                                  build/usart.o
                                                  build/tim.o
HAL_NVIC_SetPriorityGrouping                      build/stm32f1xx_hal_cortex.o
                                                  build/stm32f1xx_hal.o
HAL_NVIC_SystemReset                              build/stm32f1xx_hal_cortex.o
                                                  build/stm32f1xx_hal_flash.o
HAL_PWR_ConfigPVD                                 build/stm32f1xx_hal_pwr.o
HAL_PWR_DeInit                                    build/stm32f1xx_hal_pwr.o
HAL_PWR_DisableBkUpAccess                         build/stm32f1xx_hal_pwr.o
HAL_PWR_DisablePVD                                build/stm32f1xx_hal_pwr.o
HAL_PWR_DisableSEVOnPend                          build/stm32f1xx_hal_pwr.o
HAL_PWR_DisableSleepOnExit                        build/stm32f1xx_hal_pwr.o
HAL_PWR_DisableWakeUpPin                          build/stm32f1xx_hal_pwr.o
HAL_PWR_EnableBkUpAccess                          build/stm32f1xx_hal_pwr.o
HAL_PWR_EnablePVD                                 build/stm32f1xx_hal_pwr.o
HAL_PWR_EnableSEVOnPend                           build/stm32f1xx_hal_pwr.o
HAL_PWR_EnableSleepOnExit                         build/stm32f1xx_hal_pwr.o
HAL_PWR_EnableWakeUpPin                           build/stm32f1xx_hal_pwr.o
HAL_PWR_EnterSLEEPMode                            build/stm32f1xx_hal_pwr.o
HAL_PWR_EnterSTANDBYMode                          build/stm32f1xx_hal_pwr.o
HAL_PWR_EnterSTOPMode                             build/stm32f1xx_hal_pwr.o
HAL_PWR_PVDCallback                               build/stm32f1xx_hal_pwr.o
HAL_PWR_PVD_IRQHandler                            build/stm32f1xx_hal_pwr.o
HAL_RCCEx_GetPeriphCLKConfig                      build/stm32f1xx_hal_rcc_ex.o
HAL_RCCEx_GetPeriphCLKFreq                        build/stm32f1xx_hal_rcc_ex.o
HAL_RCCEx_PeriphCLKConfig                         build/stm32f1xx_hal_rcc_ex.o
HAL_RCC_CSSCallback                               build/stm32f1xx_hal_rcc.o
HAL_RCC_ClockConfig                               build/stm32f1xx_hal_rcc.o
                                                  build/main.o
HAL_RCC_DeInit                                    build/stm32f1xx_hal_rcc.o
HAL_RCC_DisableCSS                                build/stm32f1xx_hal_rcc.o
HAL_RCC_EnableCSS                                 build/stm32f1xx_hal_rcc.o
HAL_RCC_GetClockConfig                            build/stm32f1xx_hal_rcc.o
HAL_RCC_GetHCLKFreq                               build/stm32f1xx_hal_rcc.o
HAL_RCC_GetOscConfig                              build/stm32f1xx_hal_rcc.o
HAL_RCC_GetPCLK1Freq                              build/stm32f1xx_hal_rcc.o
                                                  build/stm32f1xx_hal_uart.o
HAL_RCC_GetPCLK2Freq                              build/stm32f1xx_hal_rcc.o
                                                  build/stm32f1xx_hal_uart.o
                                                  build/stm32f1xx_hal_rcc_ex.o
HAL_RCC_GetSysClockFreq                           build/stm32f1xx_hal_rcc.o
HAL_RCC_MCOConfig                                 build/stm32f1xx_hal_rcc.o
HAL_RCC_NMI_IRQHandler                            build/stm32f1xx_hal_rcc.o
HAL_RCC_OscConfig                                 build/stm32f1xx_hal_rcc.o
                                                  build/main.o
HAL_ResumeTick                                    build/stm32f1xx_hal.o
HAL_SYSTICK_CLKSourceConfig                       build/stm32f1xx_hal_cortex.o
HAL_SYSTICK_Callback                              build/stm32f1xx_hal_cortex.o
HAL_SYSTICK_Config                                build/stm32f1xx_hal_cortex.o
                                                  build/stm32f1xx_hal.o
HAL_SYSTICK_IRQHandler                            build/stm32f1xx_hal_cortex.o
HAL_SetTickFreq                                   build/stm32f1xx_hal.o
HAL_SuspendTick                                   build/stm32f1xx_hal.o
HAL_TIMEx_BreakCallback                           build/stm32f1xx_hal_tim_ex.o
                                                  build/stm32f1xx_hal_tim.o
HAL_TIMEx_CommutCallback                          build/stm32f1xx_hal_tim_ex.o
                                                  build/stm32f1xx_hal_tim.o
HAL_TIMEx_CommutHalfCpltCallback                  build/stm32f1xx_hal_tim_ex.o
HAL_TIMEx_ConfigBreakDeadTime                     build/stm32f1xx_hal_tim_ex.o
HAL_TIMEx_ConfigCommutEvent                       build/stm32f1xx_hal_tim_ex.o
HAL_TIMEx_ConfigCommutEvent_DMA                   build/stm32f1xx_hal_tim_ex.o
HAL_TIMEx_ConfigCommutEvent_IT                    build/stm32f1xx_hal_tim_ex.o
HAL_TIMEx_GetChannelNState                        build/stm32f1xx_hal_tim_ex.o
HAL_TIMEx_HallSensor_DeInit                       build/stm32f1xx_hal_tim_ex.o
HAL_TIMEx_HallSensor_GetState                     build/stm32f1xx_hal_tim_ex.o
HAL_TIMEx_HallSensor_Init                         build/stm32f1xx_hal_tim_ex.o
HAL_TIMEx_HallSensor_MspDeInit                    build/stm32f1xx_hal_tim_ex.o
HAL_TIMEx_HallSensor_MspInit                      build/stm32f1xx_hal_tim_ex.o
HAL_TIMEx_HallSensor_Start                        build/stm32f1xx_hal_tim_ex.o
HAL_TIMEx_HallSensor_Start_DMA                    build/stm32f1xx_hal_tim_ex.o
HAL_TIMEx_HallSensor_Start_IT                     build/stm32f1xx_hal_tim_ex.o
HAL_TIMEx_HallSensor_Stop                         build/stm32f1xx_hal_tim_ex.o
HAL_TIMEx_HallSensor_Stop_DMA                     build/stm32f1xx_hal_tim_ex.o
HAL_TIMEx_HallSensor_Stop_IT                      build/stm32f1xx_hal_tim_ex.o
HAL_TIMEx_MasterConfigSynchronization             build/stm32f1xx_hal_tim_ex.o
                                                  build/tim.o
HAL_TIMEx_OCN_Start                               build/stm32f1xx_hal_tim_ex.o
HAL_TIMEx_OCN_Start_DMA                           build/stm32f1xx_hal_tim_ex.o
HAL_TIMEx_OCN_Start_IT                            build/stm32f1xx_hal_tim_ex.o
HAL_TIMEx_OCN_Stop                                build/stm32f1xx_hal_tim_ex.o
HAL_TIMEx_OCN_Stop_DMA                            build/stm32f1xx_hal_tim_ex.o
HAL_TIMEx_OCN_Stop_IT                             build/stm32f1xx_hal_tim_ex.o
HAL_TIMEx_OnePulseN_Start                         build/stm32f1xx_hal_tim_ex.o
HAL_TIMEx_OnePulseN_Start_IT                      build/stm32f1xx_hal_tim_ex.o
HAL_TIMEx_OnePulseN_Stop                          build/stm32f1xx_hal_tim_ex.o
HAL_TIMEx_OnePulseN_Stop_IT                       build/stm32f1xx_hal_tim_ex.o
HAL_TIMEx_PWMN_Start                              build/stm32f1xx_hal_tim_ex.o
HAL_TIMEx_PWMN_Start_DMA                          build/stm32f1xx_hal_tim_ex.o
HAL_TIMEx_PWMN_Start_IT                           build/stm32f1xx_hal_tim_ex.o
HAL_TIMEx_PWMN_Stop                               build/stm32f1xx_hal_tim_ex.o
HAL_TIMEx_PWMN_Stop_DMA                           build/stm32f1xx_hal_tim_ex.o
HAL_TIMEx_PWMN_Stop_IT                            build/stm32f1xx_hal_tim_ex.o
HAL_TIMEx_RemapConfig                             build/stm32f1xx_hal_tim_ex.o
HAL_TIM_Base_DeInit                               build/stm32f1xx_hal_tim.o
HAL_TIM_Base_GetState                             build/stm32f1xx_hal_tim.o
HAL_TIM_Base_Init                                 build/stm32f1xx_hal_tim.o
                                                  build/tim.o
HAL_TIM_Base_MspDeInit                            build/tim.o
HAL_TIM_Base_MspInit                              build/tim.o
HAL_TIM_Base_Start                                build/stm32f1xx_hal_tim.o
HAL_TIM_Base_Start_DMA                            build/stm32f1xx_hal_tim.o
HAL_TIM_Base_Start_IT                             build/stm32f1xx_hal_tim.o
                                                  build/main.o
HAL_TIM_Base_Stop                                 build/stm32f1xx_hal_tim.o
HAL_TIM_Base_Stop_DMA                             build/stm32f1xx_hal_tim.o
HAL_TIM_Base_Stop_IT                              build/stm32f1xx_hal_tim.o
HAL_TIM_ConfigClockSource                         build/stm32f1xx_hal_tim.o
                                                  build/tim.o
HAL_TIM_ConfigOCrefClear                          build/stm32f1xx_hal_tim.o
HAL_TIM_ConfigTI1Input                            build/stm32f1xx_hal_tim.o
HAL_TIM_DMABurstState                             build/stm32f1xx_hal_tim.o
HAL_TIM_DMABurst_MultiReadStart                   build/stm32f1xx_hal_tim.o
HAL_TIM_DMABurst_MultiWriteStart                  build/stm32f1xx_hal_tim.o
HAL_TIM_DMABurst_ReadStart                        build/stm32f1xx_hal_tim.o
HAL_TIM_DMABurst_ReadStop                         build/stm32f1xx_hal_tim.o
HAL_TIM_DMABurst_WriteStart                       build/stm32f1xx_hal_tim.o
HAL_TIM_DMABurst_WriteStop                        build/stm32f1xx_hal_tim.o
HAL_TIM_Encoder_DeInit                            build/stm32f1xx_hal_tim.o
HAL_TIM_Encoder_GetState                          build/stm32f1xx_hal_tim.o
HAL_TIM_Encoder_Init                              build/stm32f1xx_hal_tim.o
HAL_TIM_Encoder_MspDeInit                         build/stm32f1xx_hal_tim.o
HAL_TIM_Encoder_MspInit                           build/stm32f1xx_hal_tim.o
HAL_TIM_Encoder_Start                             build/stm32f1xx_hal_tim.o
HAL_TIM_Encoder_Start_DMA                         build/stm32f1xx_hal_tim.o
HAL_TIM_Encoder_Start_IT                          build/stm32f1xx_hal_tim.o
HAL_TIM_Encoder_Stop                              build/stm32f1xx_hal_tim.o
HAL_TIM_Encoder_Stop_DMA                          build/stm32f1xx_hal_tim.o
HAL_TIM_Encoder_Stop_IT                           build/stm32f1xx_hal_tim.o
HAL_TIM_ErrorCallback                             build/stm32f1xx_hal_tim.o
                                                  build/stm32f1xx_hal_tim_ex.o
HAL_TIM_GenerateEvent                             build/stm32f1xx_hal_tim.o
HAL_TIM_GetActiveChannel                          build/stm32f1xx_hal_tim.o
HAL_TIM_GetChannelState                           build/stm32f1xx_hal_tim.o
HAL_TIM_IC_CaptureCallback                        build/stm32f1xx_hal_tim.o
HAL_TIM_IC_CaptureHalfCpltCallback                build/stm32f1xx_hal_tim.o
HAL_TIM_IC_ConfigChannel                          build/stm32f1xx_hal_tim.o
HAL_TIM_IC_DeInit                                 build/stm32f1xx_hal_tim.o
HAL_TIM_IC_GetState                               build/stm32f1xx_hal_tim.o
HAL_TIM_IC_Init                                   build/stm32f1xx_hal_tim.o
HAL_TIM_IC_MspDeInit                              build/stm32f1xx_hal_tim.o
HAL_TIM_IC_MspInit                                build/stm32f1xx_hal_tim.o
HAL_TIM_IC_Start                                  build/stm32f1xx_hal_tim.o
HAL_TIM_IC_Start_DMA                              build/stm32f1xx_hal_tim.o
HAL_TIM_IC_Start_IT                               build/stm32f1xx_hal_tim.o
HAL_TIM_IC_Stop                                   build/stm32f1xx_hal_tim.o
HAL_TIM_IC_Stop_DMA                               build/stm32f1xx_hal_tim.o
HAL_TIM_IC_Stop_IT                                build/stm32f1xx_hal_tim.o
HAL_TIM_IRQHandler                                build/stm32f1xx_hal_tim.o
                                                  build/stm32f1xx_it.o
HAL_TIM_OC_ConfigChannel                          build/stm32f1xx_hal_tim.o
HAL_TIM_OC_DeInit                                 build/stm32f1xx_hal_tim.o
HAL_TIM_OC_DelayElapsedCallback                   build/stm32f1xx_hal_tim.o
HAL_TIM_OC_GetState                               build/stm32f1xx_hal_tim.o
HAL_TIM_OC_Init                                   build/stm32f1xx_hal_tim.o
HAL_TIM_OC_MspDeInit                              build/stm32f1xx_hal_tim.o
HAL_TIM_OC_MspInit                                build/stm32f1xx_hal_tim.o
HAL_TIM_OC_Start                                  build/stm32f1xx_hal_tim.o
HAL_TIM_OC_Start_DMA                              build/stm32f1xx_hal_tim.o
HAL_TIM_OC_Start_IT                               build/stm32f1xx_hal_tim.o
HAL_TIM_OC_Stop                                   build/stm32f1xx_hal_tim.o
HAL_TIM_OC_Stop_DMA                               build/stm32f1xx_hal_tim.o
HAL_TIM_OC_Stop_IT                                build/stm32f1xx_hal_tim.o
HAL_TIM_OnePulse_ConfigChannel                    build/stm32f1xx_hal_tim.o
HAL_TIM_OnePulse_DeInit                           build/stm32f1xx_hal_tim.o
HAL_TIM_OnePulse_GetState                         build/stm32f1xx_hal_tim.o
HAL_TIM_OnePulse_Init                             build/stm32f1xx_hal_tim.o
HAL_TIM_OnePulse_MspDeInit                        build/stm32f1xx_hal_tim.o
HAL_TIM_OnePulse_MspInit                          build/stm32f1xx_hal_tim.o
HAL_TIM_OnePulse_Start                            build/stm32f1xx_hal_tim.o
HAL_TIM_OnePulse_Start_IT                         build/stm32f1xx_hal_tim.o
HAL_TIM_OnePulse_Stop                             build/stm32f1xx_hal_tim.o
HAL_TIM_OnePulse_Stop_IT                          build/stm32f1xx_hal_tim.o
HAL_TIM_PWM_ConfigChannel                         build/stm32f1xx_hal_tim.o
HAL_TIM_PWM_DeInit                                build/stm32f1xx_hal_tim.o
HAL_TIM_PWM_GetState                              build/stm32f1xx_hal_tim.o
HAL_TIM_PWM_Init                                  build/stm32f1xx_hal_tim.o
HAL_TIM_PWM_MspDeInit                             build/stm32f1xx_hal_tim.o
HAL_TIM_PWM_MspInit                               build/stm32f1xx_hal_tim.o
HAL_TIM_PWM_PulseFinishedCallback                 build/stm32f1xx_hal_tim.o
                                                  build/stm32f1xx_hal_tim_ex.o
HAL_TIM_PWM_PulseFinishedHalfCpltCallback         build/stm32f1xx_hal_tim.o
HAL_TIM_PWM_Start                                 build/stm32f1xx_hal_tim.o
HAL_TIM_PWM_Start_DMA                             build/stm32f1xx_hal_tim.o
HAL_TIM_PWM_Start_IT                              build/stm32f1xx_hal_tim.o
HAL_TIM_PWM_Stop                                  build/stm32f1xx_hal_tim.o
HAL_TIM_PWM_Stop_DMA                              build/stm32f1xx_hal_tim.o
HAL_TIM_PWM_Stop_IT                               build/stm32f1xx_hal_tim.o
HAL_TIM_PeriodElapsedCallback                     build/main.o
HAL_TIM_PeriodElapsedHalfCpltCallback             build/stm32f1xx_hal_tim.o
HAL_TIM_ReadCapturedValue                         build/stm32f1xx_hal_tim.o
HAL_TIM_SlaveConfigSynchro                        build/stm32f1xx_hal_tim.o
HAL_TIM_SlaveConfigSynchro_IT                     build/stm32f1xx_hal_tim.o
HAL_TIM_TriggerCallback                           build/stm32f1xx_hal_tim.o
HAL_TIM_TriggerHalfCpltCallback                   build/stm32f1xx_hal_tim.o
HAL_UARTEx_ReceiveToIdle                          build/stm32f1xx_hal_uart.o
HAL_UARTEx_ReceiveToIdle_DMA                      build/stm32f1xx_hal_uart.o
HAL_UARTEx_ReceiveToIdle_IT                       build/stm32f1xx_hal_uart.o
HAL_UARTEx_RxEventCallback                        build/stm32f1xx_hal_uart.o
HAL_UART_Abort                                    build/stm32f1xx_hal_uart.o
HAL_UART_AbortCpltCallback                        build/stm32f1xx_hal_uart.o
HAL_UART_AbortReceive                             build/stm32f1xx_hal_uart.o
HAL_UART_AbortReceiveCpltCallback                 build/stm32f1xx_hal_uart.o
HAL_UART_AbortReceive_IT                          build/stm32f1xx_hal_uart.o
HAL_UART_AbortTransmit                            build/stm32f1xx_hal_uart.o
HAL_UART_AbortTransmitCpltCallback                build/stm32f1xx_hal_uart.o
HAL_UART_AbortTransmit_IT                         build/stm32f1xx_hal_uart.o
HAL_UART_Abort_IT                                 build/stm32f1xx_hal_uart.o
HAL_UART_DMAPause                                 build/stm32f1xx_hal_uart.o
HAL_UART_DMAResume                                build/stm32f1xx_hal_uart.o
HAL_UART_DMAStop                                  build/stm32f1xx_hal_uart.o
HAL_UART_DeInit                                   build/stm32f1xx_hal_uart.o
HAL_UART_ErrorCallback                            build/stm32f1xx_hal_uart.o
HAL_UART_GetError                                 build/stm32f1xx_hal_uart.o
HAL_UART_GetState                                 build/stm32f1xx_hal_uart.o
HAL_UART_IRQHandler                               build/stm32f1xx_hal_uart.o
                                                  build/stm32f1xx_it.o
HAL_UART_Init                                     build/stm32f1xx_hal_uart.o
                                                  build/usart.o
HAL_UART_MspDeInit                                build/usart.o
HAL_UART_MspInit                                  build/usart.o
HAL_UART_Receive                                  build/stm32f1xx_hal_uart.o
HAL_UART_Receive_DMA                              build/stm32f1xx_hal_uart.o
HAL_UART_Receive_IT                               build/stm32f1xx_hal_uart.o
                                                  build/main.o
HAL_UART_RxCpltCallback                           build/main.o
HAL_UART_RxHalfCpltCallback                       build/stm32f1xx_hal_uart.o
HAL_UART_Transmit                                 build/stm32f1xx_hal_uart.o
                                                  build/main.o
HAL_UART_Transmit_DMA                             build/stm32f1xx_hal_uart.o
HAL_UART_Transmit_IT                              build/stm32f1xx_hal_uart.o
HAL_UART_TxCpltCallback                           build/stm32f1xx_hal_uart.o
HAL_UART_TxHalfCpltCallback                       build/stm32f1xx_hal_uart.o
HardFault_Handler                                 build/stm32f1xx_it.o
I2C1_ER_IRQHandler                                build/startup_stm32f103xb.o
I2C1_EV_IRQHandler                                build/startup_stm32f103xb.o
I2C2_ER_IRQHandler                                build/startup_stm32f103xb.o
I2C2_EV_IRQHandler                                build/startup_stm32f103xb.o
ID                                                build/main.o
MX_GPIO_Init                                      build/gpio.o
                                                  build/main.o
MX_TIM1_Init                                      build/tim.o
                                                  build/main.o
MX_USART1_UART_Init                               build/usart.o
                                                  build/main.o
MemManage_Handler                                 build/stm32f1xx_it.o
NMI_Handler                                       build/stm32f1xx_it.o
PVD_IRQHandler                                    build/startup_stm32f103xb.o
PendSV_Handler                                    build/stm32f1xx_it.o
RCC_IRQHandler                                    build/startup_stm32f103xb.o
RS485_RX_Task                                     build/main.o
RS485_Read_Message                                build/main.o
RS485_Send_Message                                build/main.o
RTC_Alarm_IRQHandler                              build/startup_stm32f103xb.o
RTC_IRQHandler                                    build/startup_stm32f103xb.o
RX_msg                                            build/main.o
Reset_Handler                                     build/startup_stm32f103xb.o
SPI1_IRQHandler                                   build/startup_stm32f103xb.o
SPI2_IRQHandler                                   build/startup_stm32f103xb.o
SVC_Handler                                       build/stm32f1xx_it.o
SysTick_Handler                                   build/stm32f1xx_it.o
SystemClock_Config                                build/main.o
SystemCoreClock                                   build/system_stm32f1xx.o
                                                  build/stm32f1xx_hal_rcc.o
                                                  build/stm32f1xx_hal.o
SystemCoreClockUpdate                             build/system_stm32f1xx.o
SystemInit                                        build/system_stm32f1xx.o
                                                  build/startup_stm32f103xb.o
TAMPER_IRQHandler                                 build/startup_stm32f103xb.o
TIM1_BRK_IRQHandler                               build/startup_stm32f103xb.o
TIM1_CC_IRQHandler                                build/startup_stm32f103xb.o
TIM1_TRG_COM_IRQHandler                           build/startup_stm32f103xb.o
TIM1_UP_IRQHandler                                build/stm32f1xx_it.o
TIM2_IRQHandler                                   build/startup_stm32f103xb.o
TIM3_IRQHandler                                   build/startup_stm32f103xb.o
TIM4_IRQHandler                                   build/startup_stm32f103xb.o
TIMEx_DMACommutationCplt                          build/stm32f1xx_hal_tim_ex.o
                                                  build/stm32f1xx_hal_tim.o
TIMEx_DMACommutationHalfCplt                      build/stm32f1xx_hal_tim_ex.o
                                                  build/stm32f1xx_hal_tim.o
TIM_Base_SetConfig                                build/stm32f1xx_hal_tim.o
                                                  build/stm32f1xx_hal_tim_ex.o
TIM_CCxChannelCmd                                 build/stm32f1xx_hal_tim.o
                                                  build/stm32f1xx_hal_tim_ex.o
TIM_DMACaptureCplt                                build/stm32f1xx_hal_tim.o
                                                  build/stm32f1xx_hal_tim_ex.o
TIM_DMACaptureHalfCplt                            build/stm32f1xx_hal_tim.o
                                                  build/stm32f1xx_hal_tim_ex.o
TIM_DMADelayPulseHalfCplt                         build/stm32f1xx_hal_tim.o
                                                  build/stm32f1xx_hal_tim_ex.o
TIM_DMAError                                      build/stm32f1xx_hal_tim.o
                                                  build/stm32f1xx_hal_tim_ex.o
TIM_ETR_SetConfig                                 build/stm32f1xx_hal_tim.o
TIM_OC2_SetConfig                                 build/stm32f1xx_hal_tim.o
                                                  build/stm32f1xx_hal_tim_ex.o
TIM_TI1_SetConfig                                 build/stm32f1xx_hal_tim.o
                                                  build/stm32f1xx_hal_tim_ex.o
TX_msg                                            build/main.o
UART_Start_Receive_DMA                            build/stm32f1xx_hal_uart.o
UART_Start_Receive_IT                             build/stm32f1xx_hal_uart.o
USART1_IRQHandler                                 build/stm32f1xx_it.o
USART2_IRQHandler                                 build/startup_stm32f103xb.o
USART3_IRQHandler                                 build/startup_stm32f103xb.o
USBWakeUp_IRQHandler                              build/startup_stm32f103xb.o
USB_HP_CAN1_TX_IRQHandler                         build/startup_stm32f103xb.o
USB_LP_CAN1_RX0_IRQHandler                        build/startup_stm32f103xb.o
UsageFault_Handler                                build/stm32f1xx_it.o
WWDG_IRQHandler                                   build/startup_stm32f103xb.o
_ITM_deregisterTMCloneTable                       /usr/lib64/gcc/arm-none-eabi/11/thumb/v7-m/nofp/crtbegin.o
_ITM_registerTMCloneTable                         /usr/lib64/gcc/arm-none-eabi/11/thumb/v7-m/nofp/crtbegin.o
__TMC_END__                                       /usr/lib64/gcc/arm-none-eabi/11/thumb/v7-m/nofp/crtend.o
                                                  /usr/lib64/gcc/arm-none-eabi/11/thumb/v7-m/nofp/crtbegin.o
__atexit_dummy                                    /usr/lib64/gcc/arm-none-eabi/11/../../../../arm-none-eabi/lib/thumb/v7-m/nofp/libc_nano.a(lib_a-__atexit.o)
__bss_end__                                       /usr/lib64/gcc/arm-none-eabi/11/../../../../arm-none-eabi/lib/thumb/v7-m/nofp/crt0.o
__bss_start__                                     /usr/lib64/gcc/arm-none-eabi/11/../../../../arm-none-eabi/lib/thumb/v7-m/nofp/crt0.o
__call_exitprocs                                  /usr/lib64/gcc/arm-none-eabi/11/../../../../arm-none-eabi/lib/thumb/v7-m/nofp/libc_nano.a(lib_a-__call_atexit.o)
                                                  /usr/lib64/gcc/arm-none-eabi/11/../../../../arm-none-eabi/lib/thumb/v7-m/nofp/libc_nano.a(lib_a-__atexit.o)
                                                  /usr/lib64/gcc/arm-none-eabi/11/../../../../arm-none-eabi/lib/thumb/v7-m/nofp/libc_nano.a(lib_a-exit.o)
__deregister_frame_info                           /usr/lib64/gcc/arm-none-eabi/11/thumb/v7-m/nofp/crtbegin.o
__dso_handle                                      /usr/lib64/gcc/arm-none-eabi/11/thumb/v7-m/nofp/crtbegin.o
__end__                                           /usr/lib64/gcc/arm-none-eabi/11/../../../../arm-none-eabi/lib/thumb/v7-m/nofp/crt0.o
__errno                                           /usr/lib64/gcc/arm-none-eabi/11/../../../../arm-none-eabi/lib/thumb/v7-m/nofp/libc.a(lib_a-errno.o)
                                                  /usr/lib64/gcc/arm-none-eabi/11/../../../../arm-none-eabi/lib/thumb/v7-m/nofp/libc.a(lib_a-syscalls.o)
__fini_array_end                                  /usr/lib64/gcc/arm-none-eabi/11/../../../../arm-none-eabi/lib/thumb/v7-m/nofp/libc_nano.a(lib_a-fini.o)
__fini_array_start                                /usr/lib64/gcc/arm-none-eabi/11/../../../../arm-none-eabi/lib/thumb/v7-m/nofp/libc_nano.a(lib_a-fini.o)
__fp_lock_all                                     /usr/lib64/gcc/arm-none-eabi/11/../../../../arm-none-eabi/lib/thumb/v7-m/nofp/libc.a(lib_a-findfp.o)
__fp_unlock_all                                   /usr/lib64/gcc/arm-none-eabi/11/../../../../arm-none-eabi/lib/thumb/v7-m/nofp/libc.a(lib_a-findfp.o)
__heap_limit                                      /usr/lib64/gcc/arm-none-eabi/11/../../../../arm-none-eabi/lib/thumb/v7-m/nofp/libc.a(lib_a-syscalls.o)
                                                  /usr/lib64/gcc/arm-none-eabi/11/../../../../arm-none-eabi/lib/thumb/v7-m/nofp/crt0.o
__init_array_end                                  /usr/lib64/gcc/arm-none-eabi/11/../../../../arm-none-eabi/lib/thumb/v7-m/nofp/libc_nano.a(lib_a-init.o)
__init_array_start                                /usr/lib64/gcc/arm-none-eabi/11/../../../../arm-none-eabi/lib/thumb/v7-m/nofp/libc_nano.a(lib_a-init.o)
__libc_fini_array                                 /usr/lib64/gcc/arm-none-eabi/11/../../../../arm-none-eabi/lib/thumb/v7-m/nofp/libc_nano.a(lib_a-fini.o)
                                                  /usr/lib64/gcc/arm-none-eabi/11/../../../../arm-none-eabi/lib/thumb/v7-m/nofp/crt0.o
__libc_init_array                                 /usr/lib64/gcc/arm-none-eabi/11/../../../../arm-none-eabi/lib/thumb/v7-m/nofp/libc_nano.a(lib_a-init.o)
                                                  build/startup_stm32f103xb.o
                                                  /usr/lib64/gcc/arm-none-eabi/11/../../../../arm-none-eabi/lib/thumb/v7-m/nofp/crt0.o
__malloc_av_                                      /usr/lib64/gcc/arm-none-eabi/11/../../../../arm-none-eabi/lib/thumb/v7-m/nofp/libc.a(lib_a-mallocr.o)
                                                  /usr/lib64/gcc/arm-none-eabi/11/../../../../arm-none-eabi/lib/thumb/v7-m/nofp/libc.a(lib_a-freer.o)
__malloc_current_mallinfo                         /usr/lib64/gcc/arm-none-eabi/11/../../../../arm-none-eabi/lib/thumb/v7-m/nofp/libc.a(lib_a-mallocr.o)
                                                  /usr/lib64/gcc/arm-none-eabi/11/../../../../arm-none-eabi/lib/thumb/v7-m/nofp/libc.a(lib_a-freer.o)
__malloc_lock                                     /usr/lib64/gcc/arm-none-eabi/11/../../../../arm-none-eabi/lib/thumb/v7-m/nofp/libc.a(lib_a-mlock.o)
                                                  /usr/lib64/gcc/arm-none-eabi/11/../../../../arm-none-eabi/lib/thumb/v7-m/nofp/libc.a(lib_a-freer.o)
                                                  /usr/lib64/gcc/arm-none-eabi/11/../../../../arm-none-eabi/lib/thumb/v7-m/nofp/libc.a(lib_a-mallocr.o)
__malloc_max_sbrked_mem                           /usr/lib64/gcc/arm-none-eabi/11/../../../../arm-none-eabi/lib/thumb/v7-m/nofp/libc.a(lib_a-mallocr.o)
__malloc_max_total_mem                            /usr/lib64/gcc/arm-none-eabi/11/../../../../arm-none-eabi/lib/thumb/v7-m/nofp/libc.a(lib_a-mallocr.o)
__malloc_sbrk_base                                /usr/lib64/gcc/arm-none-eabi/11/../../../../arm-none-eabi/lib/thumb/v7-m/nofp/libc.a(lib_a-mallocr.o)
                                                  /usr/lib64/gcc/arm-none-eabi/11/../../../../arm-none-eabi/lib/thumb/v7-m/nofp/libc.a(lib_a-freer.o)
__malloc_top_pad                                  /usr/lib64/gcc/arm-none-eabi/11/../../../../arm-none-eabi/lib/thumb/v7-m/nofp/libc.a(lib_a-mallocr.o)
                                                  /usr/lib64/gcc/arm-none-eabi/11/../../../../arm-none-eabi/lib/thumb/v7-m/nofp/libc.a(lib_a-freer.o)
__malloc_trim_threshold                           /usr/lib64/gcc/arm-none-eabi/11/../../../../arm-none-eabi/lib/thumb/v7-m/nofp/libc.a(lib_a-mallocr.o)
                                                  /usr/lib64/gcc/arm-none-eabi/11/../../../../arm-none-eabi/lib/thumb/v7-m/nofp/libc.a(lib_a-freer.o)
__malloc_unlock                                   /usr/lib64/gcc/arm-none-eabi/11/../../../../arm-none-eabi/lib/thumb/v7-m/nofp/libc.a(lib_a-mlock.o)
                                                  /usr/lib64/gcc/arm-none-eabi/11/../../../../arm-none-eabi/lib/thumb/v7-m/nofp/libc.a(lib_a-freer.o)
                                                  /usr/lib64/gcc/arm-none-eabi/11/../../../../arm-none-eabi/lib/thumb/v7-m/nofp/libc.a(lib_a-mallocr.o)
__preinit_array_end                               /usr/lib64/gcc/arm-none-eabi/11/../../../../arm-none-eabi/lib/thumb/v7-m/nofp/libc_nano.a(lib_a-init.o)
__preinit_array_start                             /usr/lib64/gcc/arm-none-eabi/11/../../../../arm-none-eabi/lib/thumb/v7-m/nofp/libc_nano.a(lib_a-init.o)
__register_exitproc                               /usr/lib64/gcc/arm-none-eabi/11/../../../../arm-none-eabi/lib/thumb/v7-m/nofp/libc_nano.a(lib_a-__atexit.o)
                                                  /usr/lib64/gcc/arm-none-eabi/11/../../../../arm-none-eabi/lib/thumb/v7-m/nofp/libc_nano.a(lib_a-atexit.o)
__register_frame_info                             /usr/lib64/gcc/arm-none-eabi/11/thumb/v7-m/nofp/crtbegin.o
__sclose                                          /usr/lib64/gcc/arm-none-eabi/11/../../../../arm-none-eabi/lib/thumb/v7-m/nofp/libc.a(lib_a-stdio.o)
                                                  /usr/lib64/gcc/arm-none-eabi/11/../../../../arm-none-eabi/lib/thumb/v7-m/nofp/libc.a(lib_a-findfp.o)
__seofread                                        /usr/lib64/gcc/arm-none-eabi/11/../../../../arm-none-eabi/lib/thumb/v7-m/nofp/libc.a(lib_a-stdio.o)
__sflush_r                                        /usr/lib64/gcc/arm-none-eabi/11/../../../../arm-none-eabi/lib/thumb/v7-m/nofp/libc.a(lib_a-fflush.o)
                                                  /usr/lib64/gcc/arm-none-eabi/11/../../../../arm-none-eabi/lib/thumb/v7-m/nofp/libc.a(lib_a-fclose.o)
__sfmoreglue                                      /usr/lib64/gcc/arm-none-eabi/11/../../../../arm-none-eabi/lib/thumb/v7-m/nofp/libc.a(lib_a-findfp.o)
__sfp                                             /usr/lib64/gcc/arm-none-eabi/11/../../../../arm-none-eabi/lib/thumb/v7-m/nofp/libc.a(lib_a-findfp.o)
__sfp_lock_acquire                                /usr/lib64/gcc/arm-none-eabi/11/../../../../arm-none-eabi/lib/thumb/v7-m/nofp/libc.a(lib_a-findfp.o)
                                                  /usr/lib64/gcc/arm-none-eabi/11/../../../../arm-none-eabi/lib/thumb/v7-m/nofp/libc.a(lib_a-fclose.o)
__sfp_lock_release                                /usr/lib64/gcc/arm-none-eabi/11/../../../../arm-none-eabi/lib/thumb/v7-m/nofp/libc.a(lib_a-findfp.o)
                                                  /usr/lib64/gcc/arm-none-eabi/11/../../../../arm-none-eabi/lib/thumb/v7-m/nofp/libc.a(lib_a-fclose.o)
__sinit                                           /usr/lib64/gcc/arm-none-eabi/11/../../../../arm-none-eabi/lib/thumb/v7-m/nofp/libc.a(lib_a-findfp.o)
                                                  /usr/lib64/gcc/arm-none-eabi/11/../../../../arm-none-eabi/lib/thumb/v7-m/nofp/libc.a(lib_a-fflush.o)
                                                  /usr/lib64/gcc/arm-none-eabi/11/../../../../arm-none-eabi/lib/thumb/v7-m/nofp/libc.a(lib_a-fclose.o)
                                                  /usr/lib64/gcc/arm-none-eabi/11/../../../../arm-none-eabi/lib/thumb/v7-m/nofp/libc.a(lib_a-syscalls.o)
__sinit_lock_acquire                              /usr/lib64/gcc/arm-none-eabi/11/../../../../arm-none-eabi/lib/thumb/v7-m/nofp/libc.a(lib_a-findfp.o)
__sinit_lock_release                              /usr/lib64/gcc/arm-none-eabi/11/../../../../arm-none-eabi/lib/thumb/v7-m/nofp/libc.a(lib_a-findfp.o)
__sread                                           /usr/lib64/gcc/arm-none-eabi/11/../../../../arm-none-eabi/lib/thumb/v7-m/nofp/libc.a(lib_a-stdio.o)
                                                  /usr/lib64/gcc/arm-none-eabi/11/../../../../arm-none-eabi/lib/thumb/v7-m/nofp/libc.a(lib_a-findfp.o)
__sseek                                           /usr/lib64/gcc/arm-none-eabi/11/../../../../arm-none-eabi/lib/thumb/v7-m/nofp/libc.a(lib_a-stdio.o)
                                                  /usr/lib64/gcc/arm-none-eabi/11/../../../../arm-none-eabi/lib/thumb/v7-m/nofp/libc.a(lib_a-findfp.o)
__stack                                           /usr/lib64/gcc/arm-none-eabi/11/../../../../arm-none-eabi/lib/thumb/v7-m/nofp/crt0.o
__stack_base__                                    /usr/lib64/gcc/arm-none-eabi/11/../../../../arm-none-eabi/lib/thumb/v7-m/nofp/crt0.o
__swrite                                          /usr/lib64/gcc/arm-none-eabi/11/../../../../arm-none-eabi/lib/thumb/v7-m/nofp/libc.a(lib_a-stdio.o)
                                                  /usr/lib64/gcc/arm-none-eabi/11/../../../../arm-none-eabi/lib/thumb/v7-m/nofp/libc.a(lib_a-findfp.o)
_cleanup                                          /usr/lib64/gcc/arm-none-eabi/11/../../../../arm-none-eabi/lib/thumb/v7-m/nofp/libc.a(lib_a-findfp.o)
_cleanup_r                                        /usr/lib64/gcc/arm-none-eabi/11/../../../../arm-none-eabi/lib/thumb/v7-m/nofp/libc.a(lib_a-findfp.o)
_close                                            /usr/lib64/gcc/arm-none-eabi/11/../../../../arm-none-eabi/lib/thumb/v7-m/nofp/libc.a(lib_a-syscalls.o)
                                                  /usr/lib64/gcc/arm-none-eabi/11/../../../../arm-none-eabi/lib/thumb/v7-m/nofp/libc.a(lib_a-closer.o)
_close_r                                          /usr/lib64/gcc/arm-none-eabi/11/../../../../arm-none-eabi/lib/thumb/v7-m/nofp/libc.a(lib_a-closer.o)
                                                  /usr/lib64/gcc/arm-none-eabi/11/../../../../arm-none-eabi/lib/thumb/v7-m/nofp/libc.a(lib_a-stdio.o)
_ebss                                             build/startup_stm32f103xb.o
_edata                                            build/startup_stm32f103xb.o
_estack                                           build/startup_stm32f103xb.o
_exit                                             /usr/lib64/gcc/arm-none-eabi/11/../../../../arm-none-eabi/lib/thumb/v7-m/nofp/libnosys.a(_exit.o)
                                                  /usr/lib64/gcc/arm-none-eabi/11/../../../../arm-none-eabi/lib/thumb/v7-m/nofp/libc_nano.a(lib_a-exit.o)
_fclose_r                                         /usr/lib64/gcc/arm-none-eabi/11/../../../../arm-none-eabi/lib/thumb/v7-m/nofp/libc.a(lib_a-fclose.o)
                                                  /usr/lib64/gcc/arm-none-eabi/11/../../../../arm-none-eabi/lib/thumb/v7-m/nofp/libc.a(lib_a-findfp.o)
_fflush_r                                         /usr/lib64/gcc/arm-none-eabi/11/../../../../arm-none-eabi/lib/thumb/v7-m/nofp/libc.a(lib_a-fflush.o)
_fini                                             /usr/lib64/gcc/arm-none-eabi/11/thumb/v7-m/nofp/crti.o
                                                  /usr/lib64/gcc/arm-none-eabi/11/../../../../arm-none-eabi/lib/thumb/v7-m/nofp/libc_nano.a(lib_a-fini.o)
_free_r                                           /usr/lib64/gcc/arm-none-eabi/11/../../../../arm-none-eabi/lib/thumb/v7-m/nofp/libc.a(lib_a-freer.o)
                                                  /usr/lib64/gcc/arm-none-eabi/11/../../../../arm-none-eabi/lib/thumb/v7-m/nofp/libc.a(lib_a-reent.o)
                                                  /usr/lib64/gcc/arm-none-eabi/11/../../../../arm-none-eabi/lib/thumb/v7-m/nofp/libc.a(lib_a-fflush.o)
                                                  /usr/lib64/gcc/arm-none-eabi/11/../../../../arm-none-eabi/lib/thumb/v7-m/nofp/libc.a(lib_a-fclose.o)
                                                  /usr/lib64/gcc/arm-none-eabi/11/../../../../arm-none-eabi/lib/thumb/v7-m/nofp/libc.a(lib_a-mallocr.o)